<html>
<body>
<pre>
<h1>µVision Build Log</h1>
<h2>Tool Versions:</h2>
IDE-Version: ¦ÌVision V5.34.0.0
Copyright (C) 2021 ARM Ltd and ARM Germany GmbH. All rights reserved.
License Information:  ,  , LIC=EXJT4-FDPDM-VE7HA-1LYPB-TY5SV-WSV1G
 
Tool Versions:
Toolchain:       MDK-ARM Plus  Version: 5.34.0.0
Toolchain Path:  D:\Keil_v5\ARM\ARMCC\Bin
C Compiler:      Armcc.exe V5.06 update 7 (build 960)
Assembler:       Armasm.exe V5.06 update 7 (build 960)
Linker/Locator:  ArmLink.exe V5.06 update 7 (build 960)
Library Manager: ArmAr.exe V5.06 update 7 (build 960)
Hex Converter:   FromElf.exe V5.06 update 7 (build 960)
CPU DLL:         SARMCM3.DLL V5.34.0.0
Dialog DLL:      DCM.DLL V1.17.3.0
Target DLL:      CMSIS_AGDI.dll V1.32.13.0
Dialog DLL:      TCM.DLL V1.48.0.0
 
<h2>Project:</h2>
D:\BaiduSyncdisk\STM_project\race\in\STM32C8T6quan\STM32C8T6\MDK-ARM\C8T6_TEXT.uvprojx
Project File Date:  04/13/2024

<h2>Output:</h2>
*** Using Compiler 'V5.06 update 7 (build 960)', folder: 'D:\Keil_v5\ARM\ARMCC\Bin'
Build target 'C8T6_TEXT'
Note: source file '..\Application\openmv.c' - object file renamed from 'C8T6_TEXT\openmv.o' to 'C8T6_TEXT\openmv_1.o'.
Note: source file '..\Application\openmv.c' - object file renamed from 'C8T6_TEXT\openmv.o' to 'C8T6_TEXT\openmv_1.o'.
compiling CAN_receive.c...
compiling main.c...
../Core/Src/main.c(216): warning:  #188-D: enumerated type mixed with another type
  			HAL_GPIO_WritePin(BUZZER_GPIO_Port,BUZZER_Pin,1);
../Core/Src/main.c(218): warning:  #188-D: enumerated type mixed with another type
  			HAL_GPIO_WritePin(LED1_GPIO_Port,LED1_Pin,0);
../Core/Src/main.c(219): warning:  #188-D: enumerated type mixed with another type
  			HAL_GPIO_WritePin(LED2_GPIO_Port,LED2_Pin,0);
../Core/Src/main.c(220): warning:  #188-D: enumerated type mixed with another type
  			HAL_GPIO_WritePin(LED3_GPIO_Port,LED3_Pin,0);
../Core/Src/main.c(224): warning:  #188-D: enumerated type mixed with another type
  			HAL_GPIO_WritePin(BUZZER_GPIO_Port,BUZZER_Pin,0);
../Core/Src/main.c(230): warning:  #188-D: enumerated type mixed with another type
  			HAL_GPIO_WritePin(LED1_GPIO_Port,LED1_Pin,1);
../Core/Src/main.c(231): warning:  #188-D: enumerated type mixed with another type
  			HAL_GPIO_WritePin(LED2_GPIO_Port,LED2_Pin,1);
../Core/Src/main.c(232): warning:  #188-D: enumerated type mixed with another type
  			HAL_GPIO_WritePin(LED3_GPIO_Port,LED3_Pin,1);
../Core/Src/main.c: 8 warnings, 0 errors
linking...
C8T6_TEXT\C8T6_TEXT.axf: Warning: L6304W: Duplicate input file c8t6_text\openmv_1.o ignored.
Program Size: Code=14582 RO-data=310 RW-data=64 ZI-data=3800  
Finished: 0 information, 1 warning and 0 error messages.
FromELF: creating hex file...
"C8T6_TEXT\C8T6_TEXT.axf" - 0 Error(s), 9 Warning(s).

<h2>Software Packages used:</h2>

Package Vendor: ARM
                http://www.keil.com/pack/ARM.CMSIS.5.7.0.pack
                ARM.CMSIS.5.7.0
                CMSIS (Cortex Microcontroller Software Interface Standard)
   * Component: CORE Version: 5.4.0

Package Vendor: Keil
                https://www.keil.com/pack/Keil.STM32F1xx_DFP.2.4.1.pack
                Keil.STM32F1xx_DFP.2.4.1
                STMicroelectronics STM32F1 Series Device Support, Drivers and Examples

<h2>Collection of Component include folders:</h2>
  .\RTE\_C8T6_TEXT
  C:\Users\11919\AppData\Local\Arm\Packs\ARM\CMSIS\5.7.0\CMSIS\Core\Include
  C:\Users\11919\AppData\Local\Arm\Packs\Keil\STM32F1xx_DFP\2.4.1\Device\Include

<h2>Collection of Component Files used:</h2>

   * Component: ARM::CMSIS:CORE:5.4.0
      Include file:  CMSIS\Core\Include\tz_context.h
Build Time Elapsed:  00:00:04
</pre>
</body>
</html>
