Component: ARM Compiler 5.06 update 7 (build 960) Tool: armlink [4d3601]

==============================================================================

Section Cross References

    startup_stm32f427xx.o(RESET) refers to startup_stm32f427xx.o(STACK) for __initial_sp
    startup_stm32f427xx.o(RESET) refers to startup_stm32f427xx.o(.text) for Reset_Handler
    startup_stm32f427xx.o(RESET) refers to stm32f4xx_it.o(i.NMI_Handler) for NMI_Handler
    startup_stm32f427xx.o(RESET) refers to stm32f4xx_it.o(i.HardFault_Handler) for HardFault_Handler
    startup_stm32f427xx.o(RESET) refers to stm32f4xx_it.o(i.MemManage_Handler) for MemManage_Handler
    startup_stm32f427xx.o(RESET) refers to stm32f4xx_it.o(i.BusFault_Handler) for BusFault_Handler
    startup_stm32f427xx.o(RESET) refers to stm32f4xx_it.o(i.UsageFault_Handler) for UsageFault_Handler
    startup_stm32f427xx.o(RESET) refers to port.o(.emb_text) for SVC_Handler
    startup_stm32f427xx.o(RESET) refers to stm32f4xx_it.o(i.DebugMon_Handler) for DebugMon_Handler
    startup_stm32f427xx.o(RESET) refers to port.o(i.SysTick_Handler) for SysTick_Handler
    startup_stm32f427xx.o(RESET) refers to stm32f4xx_it.o(i.DMA1_Stream0_IRQHandler) for DMA1_Stream0_IRQHandler
    startup_stm32f427xx.o(RESET) refers to stm32f4xx_it.o(i.DMA1_Stream6_IRQHandler) for DMA1_Stream6_IRQHandler
    startup_stm32f427xx.o(RESET) refers to stm32f4xx_it.o(i.CAN1_RX0_IRQHandler) for CAN1_RX0_IRQHandler
    startup_stm32f427xx.o(RESET) refers to stm32f4xx_it.o(i.I2C2_EV_IRQHandler) for I2C2_EV_IRQHandler
    startup_stm32f427xx.o(RESET) refers to stm32f4xx_it.o(i.USART1_IRQHandler) for USART1_IRQHandler
    startup_stm32f427xx.o(RESET) refers to stm32f4xx_it.o(i.TIM6_DAC_IRQHandler) for TIM6_DAC_IRQHandler
    startup_stm32f427xx.o(RESET) refers to stm32f4xx_it.o(i.DMA2_Stream2_IRQHandler) for DMA2_Stream2_IRQHandler
    startup_stm32f427xx.o(RESET) refers to stm32f4xx_it.o(i.CAN2_RX0_IRQHandler) for CAN2_RX0_IRQHandler
    startup_stm32f427xx.o(RESET) refers to stm32f4xx_it.o(i.DMA2_Stream5_IRQHandler) for DMA2_Stream5_IRQHandler
    startup_stm32f427xx.o(RESET) refers to stm32f4xx_it.o(i.UART7_IRQHandler) for UART7_IRQHandler
    startup_stm32f427xx.o(RESET) refers to stm32f4xx_it.o(i.UART8_IRQHandler) for UART8_IRQHandler
    startup_stm32f427xx.o(.text) refers to system_stm32f4xx.o(i.SystemInit) for SystemInit
    startup_stm32f427xx.o(.text) refers to entry.o(.ARM.Collect$$$$00000000) for __main
    main.o(i.HAL_TIM_PeriodElapsedCallback) refers to stm32f4xx_hal.o(i.HAL_IncTick) for HAL_IncTick
    main.o(i.SystemClock_Config) refers to memseta.o(.text) for __aeabi_memclr4
    main.o(i.SystemClock_Config) refers to stm32f4xx_hal_rcc.o(i.HAL_RCC_OscConfig) for HAL_RCC_OscConfig
    main.o(i.SystemClock_Config) refers to main.o(i.Error_Handler) for Error_Handler
    main.o(i.SystemClock_Config) refers to stm32f4xx_hal_pwr_ex.o(i.HAL_PWREx_EnableOverDrive) for HAL_PWREx_EnableOverDrive
    main.o(i.SystemClock_Config) refers to stm32f4xx_hal_rcc.o(i.HAL_RCC_ClockConfig) for HAL_RCC_ClockConfig
    main.o(i.main) refers to stm32f4xx_hal.o(i.HAL_Init) for HAL_Init
    main.o(i.main) refers to main.o(i.SystemClock_Config) for SystemClock_Config
    main.o(i.main) refers to gpio.o(i.MX_GPIO_Init) for MX_GPIO_Init
    main.o(i.main) refers to dma.o(i.MX_DMA_Init) for MX_DMA_Init
    main.o(i.main) refers to can.o(i.MX_CAN1_Init) for MX_CAN1_Init
    main.o(i.main) refers to can.o(i.MX_CAN2_Init) for MX_CAN2_Init
    main.o(i.main) refers to i2c.o(i.MX_I2C2_Init) for MX_I2C2_Init
    main.o(i.main) refers to usart.o(i.MX_USART6_UART_Init) for MX_USART6_UART_Init
    main.o(i.main) refers to usart.o(i.USART1_Init) for USART1_Init
    main.o(i.main) refers to usart.o(i.MX_UART7_Init) for MX_UART7_Init
    main.o(i.main) refers to serial.o(i.RC_Start) for RC_Start
    main.o(i.main) refers to stm32f4xx_hal.o(i.HAL_Delay) for HAL_Delay
    main.o(i.main) refers to bsp_can.o(i.can_filter_init) for can_filter_init
    main.o(i.main) refers to cmsis_os2.o(i.osKernelInitialize) for osKernelInitialize
    main.o(i.main) refers to freertos.o(i.MX_FREERTOS_Init) for MX_FREERTOS_Init
    main.o(i.main) refers to cmsis_os2.o(i.osKernelStart) for osKernelStart
    freertos.o(i.MX_FREERTOS_Init) refers to cmsis_os2.o(i.osThreadNew) for osThreadNew
    freertos.o(i.MX_FREERTOS_Init) refers to freertos.o(.constdata) for Detect_attributes
    freertos.o(i.MX_FREERTOS_Init) refers to detect_task.o(i.Detect_Task) for Detect_Task
    freertos.o(i.MX_FREERTOS_Init) refers to freertos.o(.data) for DetectHandle
    freertos.o(i.MX_FREERTOS_Init) refers to ahrs_task.o(i.AHRS_Task) for AHRS_Task
    freertos.o(i.MX_FREERTOS_Init) refers to remoctrl_task.o(i.RemoCtrl_Task) for RemoCtrl_Task
    freertos.o(i.MX_FREERTOS_Init) refers to motor_task.o(i.Motor_Task) for Motor_Task
    freertos.o(i.MX_FREERTOS_Init) refers to posture_task.o(i.Posture_Task) for Posture_Task
[...]
    _main_clock                              0x080001b5   Thumb Code     0  entry7b.o(.ARM.Collect$$$$00000008)
    _main_cpp_init                           0x080001b5   Thumb Code     0  entry8b.o(.ARM.Collect$$$$0000000A)
    _main_init                               0x080001b5   Thumb Code     0  entry9a.o(.ARM.Collect$$$$0000000B)
    __rt_lib_shutdown_fini                   0x080001bd   Thumb Code     0  entry12b.o(.ARM.Collect$$$$0000000E)
    __rt_final_cpp                           0x080001c1   Thumb Code     0  entry10a.o(.ARM.Collect$$$$0000000F)
    __rt_final_exit                          0x080001c1   Thumb Code     0  entry11a.o(.ARM.Collect$$$$00000011)
    SVC_Handler                              0x080001c5   Thumb Code    28  port.o(.emb_text)
    __asm___6_port_c_39a90d8d__prvStartFirstTask 0x080001e5   Thumb Code    36  port.o(.emb_text)
    __asm___6_port_c_39a90d8d__prvEnableVFP  0x0800020d   Thumb Code    16  port.o(.emb_text)
    PendSV_Handler                           0x08000221   Thumb Code    88  port.o(.emb_text)
    vPortGetIPSR                             0x0800027d   Thumb Code     6  port.o(.emb_text)
    Reset_Handler                            0x08000285   Thumb Code     8  startup_stm32f427xx.o(.text)
    ADC_IRQHandler                           0x0800029f   Thumb Code     0  startup_stm32f427xx.o(.text)
    CAN1_RX1_IRQHandler                      0x0800029f   Thumb Code     0  startup_stm32f427xx.o(.text)
    CAN1_SCE_IRQHandler                      0x0800029f   Thumb Code     0  startup_stm32f427xx.o(.text)
    CAN1_TX_IRQHandler                       0x0800029f   Thumb Code     0  startup_stm32f427xx.o(.text)
    CAN2_RX1_IRQHandler                      0x0800029f   Thumb Code     0  startup_stm32f427xx.o(.text)
    CAN2_SCE_IRQHandler                      0x0800029f   Thumb Code     0  startup_stm32f427xx.o(.text)
    CAN2_TX_IRQHandler                       0x0800029f   Thumb Code     0  startup_stm32f427xx.o(.text)
    DCMI_IRQHandler                          0x0800029f   Thumb Code     0  startup_stm32f427xx.o(.text)
    DMA1_Stream1_IRQHandler                  0x0800029f   Thumb Code     0  startup_stm32f427xx.o(.text)
    DMA1_Stream2_IRQHandler                  0x0800029f   Thumb Code     0  startup_stm32f427xx.o(.text)
    DMA1_Stream3_IRQHandler                  0x0800029f   Thumb Code     0  startup_stm32f427xx.o(.text)
    DMA1_Stream4_IRQHandler                  0x0800029f   Thumb Code     0  startup_stm32f427xx.o(.text)
    DMA1_Stream5_IRQHandler                  0x0800029f   Thumb Code     0  startup_stm32f427xx.o(.text)
    DMA1_Stream7_IRQHandler                  0x0800029f   Thumb Code     0  startup_stm32f427xx.o(.text)
    DMA2D_IRQHandler                         0x0800029f   Thumb Code     0  startup_stm32f427xx.o(.text)
    DMA2_Stream0_IRQHandler                  0x0800029f   Thumb Code     0  startup_stm32f427xx.o(.text)
    DMA2_Stream1_IRQHandler                  0x0800029f   Thumb Code     0  startup_stm32f427xx.o(.text)
    DMA2_Stream3_IRQHandler                  0x0800029f   Thumb Code     0  startup_stm32f427xx.o(.text)
    DMA2_Stream4_IRQHandler                  0x0800029f   Thumb Code     0  startup_stm32f427xx.o(.text)
    DMA2_Stream6_IRQHandler                  0x0800029f   Thumb Code     0  startup_stm32f427xx.o(.text)
    DMA2_Stream7_IRQHandler                  0x0800029f   Thumb Code     0  startup_stm32f427xx.o(.text)
    ETH_IRQHandler                           0x0800029f   Thumb Code     0  startup_stm32f427xx.o(.text)
    ETH_WKUP_IRQHandler                      0x0800029f   Thumb Code     0  startup_stm32f427xx.o(.text)
    EXTI0_IRQHandler                         0x0800029f   Thumb Code     0  startup_stm32f427xx.o(.text)
    EXTI15_10_IRQHandler                     0x0800029f   Thumb Code     0  startup_stm32f427xx.o(.text)
    EXTI1_IRQHandler                         0x0800029f   Thumb Code     0  startup_stm32f427xx.o(.text)
    EXTI2_IRQHandler                         0x0800029f   Thumb Code     0  startup_stm32f427xx.o(.text)
    EXTI3_IRQHandler                         0x0800029f   Thumb Code     0  startup_stm32f427xx.o(.text)
    EXTI4_IRQHandler                         0x0800029f   Thumb Code     0  startup_stm32f427xx.o(.text)
    EXTI9_5_IRQHandler                       0x0800029f   Thumb Code     0  startup_stm32f427xx.o(.text)
    FLASH_IRQHandler                         0x0800029f   Thumb Code     0  startup_stm32f427xx.o(.text)
    FMC_IRQHandler                           0x0800029f   Thumb Code     0  startup_stm32f427xx.o(.text)
    FPU_IRQHandler                           0x0800029f   Thumb Code     0  startup_stm32f427xx.o(.text)
    HASH_RNG_IRQHandler                      0x0800029f   Thumb Code     0  startup_stm32f427xx.o(.text)
    I2C1_ER_IRQHandler                       0x0800029f   Thumb Code     0  startup_stm32f427xx.o(.text)
    I2C1_EV_IRQHandler                       0x0800029f   Thumb Code     0  startup_stm32f427xx.o(.text)
    I2C2_ER_IRQHandler                       0x0800029f   Thumb Code     0  startup_stm32f427xx.o(.text)
    I2C3_ER_IRQHandler                       0x0800029f   Thumb Code     0  startup_stm32f427xx.o(.text)
    I2C3_EV_IRQHandler                       0x0800029f   Thumb Code     0  startup_stm32f427xx.o(.text)
    OTG_FS_IRQHandler                        0x0800029f   Thumb Code     0  startup_stm32f427xx.o(.text)
    OTG_FS_WKUP_IRQHandler                   0x0800029f   Thumb Code     0  startup_stm32f427xx.o(.text)
    OTG_HS_EP1_IN_IRQHandler                 0x0800029f   Thumb Code     0  startup_stm32f427xx.o(.text)
    OTG_HS_EP1_OUT_IRQHandler                0x0800029f   Thumb Code     0  startup_stm32f427xx.o(.text)
    OTG_HS_IRQHandler                        0x0800029f   Thumb Code     0  startup_stm32f427xx.o(.text)
    OTG_HS_WKUP_IRQHandler                   0x0800029f   Thumb Code     0  startup_stm32f427xx.o(.text)
    PVD_IRQHandler                           0x0800029f   Thumb Code     0  startup_stm32f427xx.o(.text)
    RCC_IRQHandler                           0x0800029f   Thumb Code     0  startup_stm32f427xx.o(.text)
    RTC_Alarm_IRQHandler                     0x0800029f   Thumb Code     0  startup_stm32f427xx.o(.text)
    RTC_WKUP_IRQHandler                      0x0800029f   Thumb Code     0  startup_stm32f427xx.o(.text)
    SAI1_IRQHandler                          0x0800029f   Thumb Code     0  startup_stm32f427xx.o(.text)
    SDIO_IRQHandler                          0x0800029f   Thumb Code     0  startup_stm32f427xx.o(.text)
    SPI1_IRQHandler                          0x0800029f   Thumb Code     0  startup_stm32f427xx.o(.text)
    SPI2_IRQHandler                          0x0800029f   Thumb Code     0  startup_stm32f427xx.o(.text)
    SPI3_IRQHandler                          0x0800029f   Thumb Code     0  startup_stm32f427xx.o(.text)
    SPI4_IRQHandler                          0x0800029f   Thumb Code     0  startup_stm32f427xx.o(.text)
    SPI5_IRQHandler                          0x0800029f   Thumb Code     0  startup_stm32f427xx.o(.text)
    SPI6_IRQHandler                          0x0800029f   Thumb Code     0  startup_stm32f427xx.o(.text)
    TAMP_STAMP_IRQHandler                    0x0800029f   Thumb Code     0  startup_stm32f427xx.o(.text)
    TIM1_BRK_TIM9_IRQHandler                 0x0800029f   Thumb Code     0  startup_stm32f427xx.o(.text)
    TIM1_CC_IRQHandler                       0x0800029f   Thumb Code     0  startup_stm32f427xx.o(.text)
    TIM1_TRG_COM_TIM11_IRQHandler            0x0800029f   Thumb Code     0  startup_stm32f427xx.o(.text)
    TIM1_UP_TIM10_IRQHandler                 0x0800029f   Thumb Code     0  startup_stm32f427xx.o(.text)
    TIM2_IRQHandler                          0x0800029f   Thumb Code     0  startup_stm32f427xx.o(.text)
    TIM3_IRQHandler                          0x0800029f   Thumb Code     0  startup_stm32f427xx.o(.text)
    TIM4_IRQHandler                          0x0800029f   Thumb Code     0  startup_stm32f427xx.o(.text)
    TIM5_IRQHandler                          0x0800029f   Thumb Code     0  startup_stm32f427xx.o(.text)
    TIM7_IRQHandler                          0x0800029f   Thumb Code     0  startup_stm32f427xx.o(.text)
    TIM8_BRK_TIM12_IRQHandler                0x0800029f   Thumb Code     0  startup_stm32f427xx.o(.text)
    TIM8_CC_IRQHandler                       0x0800029f   Thumb Code     0  startup_stm32f427xx.o(.text)
    TIM8_TRG_COM_TIM14_IRQHandler            0x0800029f   Thumb Code     0  startup_stm32f427xx.o(.text)
    TIM8_UP_TIM13_IRQHandler                 0x0800029f   Thumb Code     0  startup_stm32f427xx.o(.text)
    UART4_IRQHandler                         0x0800029f   Thumb Code     0  startup_stm32f427xx.o(.text)
    UART5_IRQHandler                         0x0800029f   Thumb Code     0  startup_stm32f427xx.o(.text)
    USART2_IRQHandler                        0x0800029f   Thumb Code     0  startup_stm32f427xx.o(.text)
    USART3_IRQHandler                        0x0800029f   Thumb Code     0  startup_stm32f427xx.o(.text)
    USART6_IRQHandler                        0x0800029f   Thumb Code     0  startup_stm32f427xx.o(.text)
    WWDG_IRQHandler                          0x0800029f   Thumb Code     0  startup_stm32f427xx.o(.text)
    __aeabi_uldivmod                         0x080002a9   Thumb Code    98  uldiv.o(.text)
    __aeabi_memcpy                           0x0800030b   Thumb Code    36  memcpya.o(.text)
    __aeabi_memcpy4                          0x0800030b   Thumb Code     0  memcpya.o(.text)
    __aeabi_memcpy8                          0x0800030b   Thumb Code     0  memcpya.o(.text)
    __aeabi_memset                           0x0800032f   Thumb Code    14  memseta.o(.text)
    __aeabi_memset4                          0x0800032f   Thumb Code     0  memseta.o(.text)
    __aeabi_memset8                          0x0800032f   Thumb Code     0  memseta.o(.text)
    __aeabi_memclr                           0x0800033d   Thumb Code     4  memseta.o(.text)
    __aeabi_memclr4                          0x0800033d   Thumb Code     0  memseta.o(.text)
    __aeabi_memclr8                          0x0800033d   Thumb Code     0  memseta.o(.text)
    memset                                   0x08000341   Thumb Code    18  memseta.o(.text)
    __aeabi_llsl                             0x08000353   Thumb Code    30  llshl.o(.text)
    _ll_shift_l                              0x08000353   Thumb Code     0  llshl.o(.text)
    __aeabi_llsr                             0x08000371   Thumb Code    32  llushr.o(.text)
    _ll_ushift_r                             0x08000371   Thumb Code     0  llushr.o(.text)
    __I$use$fp                               0x08000391   Thumb Code     0  iusefp.o(.text)
    _float_round                             0x08000391   Thumb Code    18  fepilogue.o(.text)
    _float_epilogue                          0x080003a3   Thumb Code    92  fepilogue.o(.text)
    _frem                                    0x080003ff   Thumb Code    82  frem.o(.text)
    __scatterload                            0x08000451   Thumb Code    28  init.o(.text)
    __scatterload_rt2                        0x08000451   Thumb Code     0  init.o(.text)
    __decompress                             0x08000475   Thumb Code     0  __dczerorl2.o(.text)
    __decompress1                            0x08000475   Thumb Code    86  __dczerorl2.o(.text)
    AHRS_Task                                0x080004cd   Thumb Code    24  ahrs_task.o(i.AHRS_Task)
    BTDebug_TransmitPackage                  0x080004f1   Thumb Code    76  app_btdebug.o(i.BTDebug_TransmitPackage)
    BusFault_Handler                         0x0800053d   Thumb Code     4  stm32f4xx_it.o(i.BusFault_Handler)
    CAN1_RX0_IRQHandler                      0x08000541   Thumb Code    10  stm32f4xx_it.o(i.CAN1_RX0_IRQHandler)
    CAN2_RX0_IRQHandler                      0x08000551   Thumb Code    10  stm32f4xx_it.o(i.CAN2_RX0_IRQHandler)
    Calculate_Gait                           0x08000561   Thumb Code  1080  posture_task.o(i.Calculate_Gait)
    Change_NowState                          0x08000999   Thumb Code    44  posture_task.o(i.Change_NowState)
    Change_RmVAL                             0x080009d1   Thumb Code   800  remoctrl_task.o(i.Change_RmVAL)
    Ctrl_byRemoctrl                          0x08000cf5   Thumb Code   426  remoctrl_task.o(i.Ctrl_byRemoctrl)
    Cycloid_Generator_Calc                   0x08000eb5   Thumb Code   392  cycloid_generator.o(i.Cycloid_Generator_Calc)
    DISABLE_DM_J8009                         0x08001049   Thumb Code    62  dm8009_drv.o(i.DISABLE_DM_J8009)
    DMA1_Stream0_IRQHandler                  0x08001091   Thumb Code    18  stm32f4xx_it.o(i.DMA1_Stream0_IRQHandler)
    DMA1_Stream6_IRQHandler                  0x080010ad   Thumb Code    10  stm32f4xx_it.o(i.DMA1_Stream6_IRQHandler)
    DMA2_Stream2_IRQHandler                  0x080010bd   Thumb Code    10  stm32f4xx_it.o(i.DMA2_Stream2_IRQHandler)
    DMA2_Stream5_IRQHandler                  0x080010cd   Thumb Code    10  stm32f4xx_it.o(i.DMA2_Stream5_IRQHandler)
    DebugMon_Handler                         0x080011e7   Thumb Code     2  stm32f4xx_it.o(i.DebugMon_Handler)
    Detect_Task                              0x080011e9   Thumb Code     2  detect_task.o(i.Detect_Task)
    EBFPIDDebuger_Data_Receive               0x080011ed   Thumb Code    46  app_ebf_piddebug.o(i.EBFPIDDebuger_Data_Receive)
    ENABLE_DM_J8009                          0x08001221   Thumb Code    62  dm8009_drv.o(i.ENABLE_DM_J8009)
    Error_Handler                            0x08001269   Thumb Code     6  main.o(i.Error_Handler)
    FEEDBACK_DATA_DM_J8009                   0x08001271   Thumb Code   188  dm8009_drv.o(i.FEEDBACK_DATA_DM_J8009)
    HAL_CAN_ActivateNotification             0x08001341   Thumb Code    42  stm32f4xx_hal_can.o(i.HAL_CAN_ActivateNotification)
    HAL_CAN_AddTxMessage                     0x0800136b   Thumb Code   342  stm32f4xx_hal_can.o(i.HAL_CAN_AddTxMessage)
    HAL_CAN_ConfigFilter                     0x080014c1   Thumb Code   286  stm32f4xx_hal_can.o(i.HAL_CAN_ConfigFilter)
    HAL_CAN_ErrorCallback                    0x080015e5   Thumb Code     2  stm32f4xx_hal_can.o(i.HAL_CAN_ErrorCallback)
    HAL_CAN_GetRxMessage                     0x080015e7   Thumb Code   378  stm32f4xx_hal_can.o(i.HAL_CAN_GetRxMessage)
    HAL_CAN_GetTxMailboxesFreeLevel          0x08001761   Thumb Code    54  stm32f4xx_hal_can.o(i.HAL_CAN_GetTxMailboxesFreeLevel)
    HAL_CAN_IRQHandler                       0x08001797   Thumb Code   590  stm32f4xx_hal_can.o(i.HAL_CAN_IRQHandler)
    HAL_CAN_Init                             0x080019e5   Thumb Code   372  stm32f4xx_hal_can.o(i.HAL_CAN_Init)
    HAL_CAN_MspInit                          0x08001b59   Thumb Code   330  can.o(i.HAL_CAN_MspInit)
    HAL_CAN_RxFifo0FullCallback              0x08001cbd   Thumb Code     2  stm32f4xx_hal_can.o(i.HAL_CAN_RxFifo0FullCallback)
    HAL_CAN_RxFifo0MsgPendingCallback        0x08001cc1   Thumb Code    82  can_receive.o(i.HAL_CAN_RxFifo0MsgPendingCallback)
    HAL_CAN_RxFifo1FullCallback              0x08001d1d   Thumb Code     2  stm32f4xx_hal_can.o(i.HAL_CAN_RxFifo1FullCallback)
    HAL_CAN_RxFifo1MsgPendingCallback        0x08001d1f   Thumb Code     2  stm32f4xx_hal_can.o(i.HAL_CAN_RxFifo1MsgPendingCallback)
    HAL_CAN_SleepCallback                    0x08001d21   Thumb Code     2  stm32f4xx_hal_can.o(i.HAL_CAN_SleepCallback)
    HAL_CAN_Start                            0x08001d23   Thumb Code    94  stm32f4xx_hal_can.o(i.HAL_CAN_Start)
    HAL_CAN_TxMailbox0AbortCallback          0x08001d81   Thumb Code     2  stm32f4xx_hal_can.o(i.HAL_CAN_TxMailbox0AbortCallback)
    HAL_CAN_TxMailbox0CompleteCallback       0x08001d83   Thumb Code     2  stm32f4xx_hal_can.o(i.HAL_CAN_TxMailbox0CompleteCallback)
    HAL_CAN_TxMailbox1AbortCallback          0x08001d85   Thumb Code     2  stm32f4xx_hal_can.o(i.HAL_CAN_TxMailbox1AbortCallback)
    HAL_CAN_TxMailbox1CompleteCallback       0x08001d87   Thumb Code     2  stm32f4xx_hal_can.o(i.HAL_CAN_TxMailbox1CompleteCallback)
    HAL_CAN_TxMailbox2AbortCallback          0x08001d89   Thumb Code     2  stm32f4xx_hal_can.o(i.HAL_CAN_TxMailbox2AbortCallback)
    HAL_CAN_TxMailbox2CompleteCallback       0x08001d8b   Thumb Code     2  stm32f4xx_hal_can.o(i.HAL_CAN_TxMailbox2CompleteCallback)
    HAL_CAN_WakeUpFromRxMsgCallback          0x08001d8d   Thumb Code     2  stm32f4xx_hal_can.o(i.HAL_CAN_WakeUpFromRxMsgCallback)
    HAL_DMA_Abort                            0x08001d8f   Thumb Code   170  stm32f4xx_hal_dma.o(i.HAL_DMA_Abort)
    HAL_DMA_Abort_IT                         0x08001e39   Thumb Code    40  stm32f4xx_hal_dma.o(i.HAL_DMA_Abort_IT)
    HAL_DMA_GetState                         0x08001e61   Thumb Code     8  stm32f4xx_hal_dma.o(i.HAL_DMA_GetState)
    HAL_DMA_IRQHandler                       0x08001e69   Thumb Code   570  stm32f4xx_hal_dma.o(i.HAL_DMA_IRQHandler)
    HAL_DMA_Init                             0x080020a9   Thumb Code   232  stm32f4xx_hal_dma.o(i.HAL_DMA_Init)
    HAL_DMA_Start_IT                         0x08002195   Thumb Code   146  stm32f4xx_hal_dma.o(i.HAL_DMA_Start_IT)
    HAL_Delay                                0x08002229   Thumb Code    36  stm32f4xx_hal.o(i.HAL_Delay)
    HAL_GPIO_Init                            0x08002251   Thumb Code   486  stm32f4xx_hal_gpio.o(i.HAL_GPIO_Init)
    HAL_GetTick                              0x0800246d   Thumb Code     6  stm32f4xx_hal.o(i.HAL_GetTick)
    HAL_I2CEx_ConfigAnalogFilter             0x08002479   Thumb Code    76  stm32f4xx_hal_i2c_ex.o(i.HAL_I2CEx_ConfigAnalogFilter)
    HAL_I2CEx_ConfigDigitalFilter            0x080024c5   Thumb Code    80  stm32f4xx_hal_i2c_ex.o(i.HAL_I2CEx_ConfigDigitalFilter)
    HAL_I2C_AbortCpltCallback                0x08002515   Thumb Code     2  stm32f4xx_hal_i2c.o(i.HAL_I2C_AbortCpltCallback)
    HAL_I2C_AddrCallback                     0x08002517   Thumb Code     2  stm32f4xx_hal_i2c.o(i.HAL_I2C_AddrCallback)
    HAL_I2C_EV_IRQHandler                    0x08002519   Thumb Code   468  stm32f4xx_hal_i2c.o(i.HAL_I2C_EV_IRQHandler)
    HAL_I2C_ErrorCallback                    0x080026ed   Thumb Code     2  stm32f4xx_hal_i2c.o(i.HAL_I2C_ErrorCallback)
    HAL_I2C_Init                             0x080026f1   Thumb Code   446  stm32f4xx_hal_i2c.o(i.HAL_I2C_Init)
    HAL_I2C_ListenCpltCallback               0x080028c1   Thumb Code     2  stm32f4xx_hal_i2c.o(i.HAL_I2C_ListenCpltCallback)
    HAL_I2C_MasterRxCpltCallback             0x080028c3   Thumb Code     2  stm32f4xx_hal_i2c.o(i.HAL_I2C_MasterRxCpltCallback)
    HAL_I2C_MasterTxCpltCallback             0x080028c5   Thumb Code     2  stm32f4xx_hal_i2c.o(i.HAL_I2C_MasterTxCpltCallback)
    HAL_I2C_MemRxCpltCallback                0x080028c7   Thumb Code     2  stm32f4xx_hal_i2c.o(i.HAL_I2C_MemRxCpltCallback)
    HAL_I2C_MemTxCpltCallback                0x080028c9   Thumb Code     2  stm32f4xx_hal_i2c.o(i.HAL_I2C_MemTxCpltCallback)
    HAL_I2C_MspInit                          0x080028cd   Thumb Code   138  i2c.o(i.HAL_I2C_MspInit)
    HAL_I2C_SlaveRxCpltCallback              0x08002965   Thumb Code     2  stm32f4xx_hal_i2c.o(i.HAL_I2C_SlaveRxCpltCallback)
    HAL_I2C_SlaveTxCpltCallback              0x08002967   Thumb Code     2  stm32f4xx_hal_i2c.o(i.HAL_I2C_SlaveTxCpltCallback)
    HAL_IncTick                              0x08002969   Thumb Code    16  stm32f4xx_hal.o(i.HAL_IncTick)
    HAL_Init                                 0x08002981   Thumb Code    54  stm32f4xx_hal.o(i.HAL_Init)
    HAL_InitTick                             0x080029bd   Thumb Code   122  stm32f4xx_hal_timebase_tim.o(i.HAL_InitTick)
    HAL_MspInit                              0x08002a49   Thumb Code    78  stm32f4xx_hal_msp.o(i.HAL_MspInit)
    HAL_NVIC_EnableIRQ                       0x08002a9d   Thumb Code    32  stm32f4xx_hal_cortex.o(i.HAL_NVIC_EnableIRQ)
    HAL_NVIC_SetPriority                     0x08002abd   Thumb Code   124  stm32f4xx_hal_cortex.o(i.HAL_NVIC_SetPriority)
    HAL_NVIC_SetPriorityGrouping             0x08002b39   Thumb Code    32  stm32f4xx_hal_cortex.o(i.HAL_NVIC_SetPriorityGrouping)
    HAL_PWREx_EnableOverDrive                0x08002b61   Thumb Code   128  stm32f4xx_hal_pwr_ex.o(i.HAL_PWREx_EnableOverDrive)
    HAL_RCC_ClockConfig                      0x08002bed   Thumb Code   368  stm32f4xx_hal_rcc.o(i.HAL_RCC_ClockConfig)
    HAL_RCC_GetClockConfig                   0x08002d71   Thumb Code    58  stm32f4xx_hal_rcc.o(i.HAL_RCC_GetClockConfig)
    HAL_RCC_GetHCLKFreq                      0x08002db5   Thumb Code     6  stm32f4xx_hal_rcc.o(i.HAL_RCC_GetHCLKFreq)
    HAL_RCC_GetPCLK1Freq                     0x08002dc1   Thumb Code    22  stm32f4xx_hal_rcc.o(i.HAL_RCC_GetPCLK1Freq)
    HAL_RCC_GetPCLK2Freq                     0x08002de1   Thumb Code    22  stm32f4xx_hal_rcc.o(i.HAL_RCC_GetPCLK2Freq)
    HAL_RCC_GetSysClockFreq                  0x08002e01   Thumb Code   162  stm32f4xx_hal_rcc.o(i.HAL_RCC_GetSysClockFreq)
    HAL_RCC_OscConfig                        0x08002eb1   Thumb Code  1152  stm32f4xx_hal_rcc.o(i.HAL_RCC_OscConfig)
    HAL_TIMEx_BreakCallback                  0x08003339   Thumb Code     2  stm32f4xx_hal_tim_ex.o(i.HAL_TIMEx_BreakCallback)
    HAL_TIMEx_CommutCallback                 0x0800333b   Thumb Code     2  stm32f4xx_hal_tim_ex.o(i.HAL_TIMEx_CommutCallback)
    HAL_TIM_Base_Init                        0x0800333d   Thumb Code    52  stm32f4xx_hal_tim.o(i.HAL_TIM_Base_Init)
    HAL_TIM_Base_MspInit                     0x08003371   Thumb Code     2  stm32f4xx_hal_tim.o(i.HAL_TIM_Base_MspInit)
    HAL_TIM_Base_Start_IT                    0x08003373   Thumb Code    42  stm32f4xx_hal_tim.o(i.HAL_TIM_Base_Start_IT)
    HAL_TIM_IC_CaptureCallback               0x0800339d   Thumb Code     2  stm32f4xx_hal_tim.o(i.HAL_TIM_IC_CaptureCallback)
    HAL_TIM_IRQHandler                       0x0800339f   Thumb Code   406  stm32f4xx_hal_tim.o(i.HAL_TIM_IRQHandler)
    HAL_TIM_OC_DelayElapsedCallback          0x08003535   Thumb Code     2  stm32f4xx_hal_tim.o(i.HAL_TIM_OC_DelayElapsedCallback)
    HAL_TIM_PWM_PulseFinishedCallback        0x08003537   Thumb Code     2  stm32f4xx_hal_tim.o(i.HAL_TIM_PWM_PulseFinishedCallback)
    HAL_TIM_PeriodElapsedCallback            0x08003539   Thumb Code    18  main.o(i.HAL_TIM_PeriodElapsedCallback)
    HAL_TIM_TriggerCallback                  0x08003551   Thumb Code     2  stm32f4xx_hal_tim.o(i.HAL_TIM_TriggerCallback)
    HAL_UART_DMAStop                         0x08003553   Thumb Code   102  stm32f4xx_hal_uart.o(i.HAL_UART_DMAStop)
    HAL_UART_ErrorCallback                   0x080035b9   Thumb Code     2  stm32f4xx_hal_uart.o(i.HAL_UART_ErrorCallback)
    HAL_UART_IRQHandler                      0x080035bd   Thumb Code   336  stm32f4xx_hal_uart.o(i.HAL_UART_IRQHandler)
    HAL_UART_Init                            0x08003711   Thumb Code   114  stm32f4xx_hal_uart.o(i.HAL_UART_Init)
    HAL_UART_MspInit                         0x08003785   Thumb Code   528  usart.o(i.HAL_UART_MspInit)
    HAL_UART_Receive                         0x080039b9   Thumb Code   224  stm32f4xx_hal_uart.o(i.HAL_UART_Receive)
    HAL_UART_Receive_DMA                     0x08003a99   Thumb Code   182  stm32f4xx_hal_uart.o(i.HAL_UART_Receive_DMA)
    HAL_UART_Receive_IT                      0x08003b5d   Thumb Code   112  stm32f4xx_hal_uart.o(i.HAL_UART_Receive_IT)
    HAL_UART_RxCpltCallback                  0x08003bcd   Thumb Code    74  serial.o(i.HAL_UART_RxCpltCallback)
    HAL_UART_RxHalfCpltCallback              0x08003c31   Thumb Code     2  stm32f4xx_hal_uart.o(i.HAL_UART_RxHalfCpltCallback)
    HAL_UART_Transmit                        0x08003c33   Thumb Code   216  stm32f4xx_hal_uart.o(i.HAL_UART_Transmit)
    HAL_UART_TxCpltCallback                  0x08003d0b   Thumb Code     2  stm32f4xx_hal_uart.o(i.HAL_UART_TxCpltCallback)
    HardFault_Handler                        0x08003d0d   Thumb Code     4  stm32f4xx_it.o(i.HardFault_Handler)
    I2C2_EV_IRQHandler                       0x08003d11   Thumb Code    10  stm32f4xx_it.o(i.I2C2_EV_IRQHandler)
    Jump_OnlyOnce                            0x08004a35   Thumb Code  1262  jump_task.o(i.Jump_OnlyOnce)
    Jump_Task                                0x08004f2d   Thumb Code    52  jump_task.o(i.Jump_Task)
    MX_CAN1_Init                             0x08004f6d   Thumb Code    60  can.o(i.MX_CAN1_Init)
    MX_CAN2_Init                             0x08004fb1   Thumb Code    60  can.o(i.MX_CAN2_Init)
    MX_DMA_Init                              0x08004ff5   Thumb Code    52  dma.o(i.MX_DMA_Init)
    MX_FREERTOS_Init                         0x0800502d   Thumb Code   116  freertos.o(i.MX_FREERTOS_Init)
    MX_GPIO_Init                             0x08005101   Thumb Code   216  gpio.o(i.MX_GPIO_Init)
    MX_I2C2_Init                             0x080051dd   Thumb Code    76  i2c.o(i.MX_I2C2_Init)
    MX_UART7_Init                            0x08005235   Thumb Code    46  usart.o(i.MX_UART7_Init)
    MX_USART6_UART_Init                      0x0800526d   Thumb Code    46  usart.o(i.MX_USART6_UART_Init)
    MemManage_Handler                        0x080052a5   Thumb Code     4  stm32f4xx_it.o(i.MemManage_Handler)
    Motor_Task                               0x080052a9   Thumb Code   380  motor_task.o(i.Motor_Task)
    NMI_Handler                              0x08005445   Thumb Code     4  stm32f4xx_it.o(i.NMI_Handler)
    PID_Calc                                 0x08005449   Thumb Code   534  pid.o(i.PID_Calc)
    PID_Reset                                0x08005665   Thumb Code    14  pid.o(i.PID_Reset)
    Polar_setCoord                           0x08005675   Thumb Code   188  jump_task.o(i.Polar_setCoord)
    Polar_toCartesian                        0x08005745   Thumb Code   104  stanford_type.o(i.Polar_toCartesian)
    Posture_Task                             0x080057b5   Thumb Code   302  posture_task.o(i.Posture_Task)
    Process_Task                             0x08005921   Thumb Code    18  process_task.o(i.Process_Task)
    RC_Start                                 0x0800593d   Thumb Code    24  serial.o(i.RC_Start)
    RC_Transform                             0x08005965   Thumb Code   180  serial.o(i.RC_Transform)
    RemoCtrl_Data_Handle                     0x08005a19   Thumb Code    14  serial.o(i.RemoCtrl_Data_Handle)
    RemoCtrl_Task                            0x08005a2d   Thumb Code   132  remoctrl_task.o(i.RemoCtrl_Task)
    Standup_Task                             0x08005acd   Thumb Code   184  standup_task.o(i.Standup_Task)
    Stanford_Type_Lite_Inverse_Kinematics    0x08005ba9   Thumb Code   146  stanford_type.o(i.Stanford_Type_Lite_Inverse_Kinematics)
    Stanford_Type_Lite_SetPosition           0x08005c3b   Thumb Code    10  freertos.o(i.Stanford_Type_Lite_SetPosition)
    SysTick_Handler                          0x08005c45   Thumb Code    46  port.o(i.SysTick_Handler)
    SystemClock_Config                       0x08005c79   Thumb Code   180  main.o(i.SystemClock_Config)
    SystemInit                               0x08005d35   Thumb Code    24  system_stm32f4xx.o(i.SystemInit)
    TIM6_DAC_IRQHandler                      0x08005d51   Thumb Code    10  stm32f4xx_it.o(i.TIM6_DAC_IRQHandler)
    TIM_Base_SetConfig                       0x08005d61   Thumb Code   170  stm32f4xx_hal_tim.o(i.TIM_Base_SetConfig)
    Target_toMotor                           0x08005e39   Thumb Code   412  posture_task.o(i.Target_toMotor)
    UART7_IRQHandler                         0x08005fed   Thumb Code    10  stm32f4xx_it.o(i.UART7_IRQHandler)
    UART8_IRQHandler                         0x08005ffd   Thumb Code    10  stm32f4xx_it.o(i.UART8_IRQHandler)
    USART1_DMA_Config                        0x0800667d   Thumb Code   118  usart.o(i.USART1_DMA_Config)
    USART1_IRQHandler                        0x08006705   Thumb Code    10  stm32f4xx_it.o(i.USART1_IRQHandler)
    USART1_Init                              0x08006715   Thumb Code    42  usart.o(i.USART1_Init)
    UsageFault_Handler                       0x0800674d   Thumb Code     4  stm32f4xx_it.o(i.UsageFault_Handler)
    _UART_Receive_Bytes                      0x08006751   Thumb Code    20  remoctrl_task.o(i._UART_Receive_Bytes)
    _UART_Transmit_Bytes                     0x08006769   Thumb Code    20  remoctrl_task.o(i._UART_Transmit_Bytes)
    __ARM_fpclassifyf                        0x08006781   Thumb Code    38  fpclassifyf.o(i.__ARM_fpclassifyf)
    __hardfp_acosf                           0x080067f5   Thumb Code   234  acosf.o(i.__hardfp_acosf)
    __hardfp_asinf                           0x0800690d   Thumb Code   258  asinf.o(i.__hardfp_asinf)
    __hardfp_cosf                            0x08006a39   Thumb Code   280  cosf.o(i.__hardfp_cosf)
    __hardfp_fmodf                           0x08006b89   Thumb Code   176  fmodf.o(i.__hardfp_fmodf)
    __hardfp_sinf                            0x08006c39   Thumb Code   344  sinf.o(i.__hardfp_sinf)
    __hardfp_sqrtf                           0x08006dc9   Thumb Code    58  sqrtf.o(i.__hardfp_sqrtf)
    __mathlib_flt_infnan                     0x08006e03   Thumb Code     6  funder.o(i.__mathlib_flt_infnan)
    __mathlib_flt_invalid                    0x08006e09   Thumb Code    10  funder.o(i.__mathlib_flt_invalid)
    __mathlib_flt_underflow                  0x08006e19   Thumb Code    10  funder.o(i.__mathlib_flt_underflow)
    __mathlib_rredf2                         0x08006e29   Thumb Code   316  rredf.o(i.__mathlib_rredf2)
    __scatterload_copy                       0x08006f7d   Thumb Code    14  handlers.o(i.__scatterload_copy)
    __scatterload_null                       0x08006f8b   Thumb Code     2  handlers.o(i.__scatterload_null)
    __scatterload_zeroinit                   0x08006f8d   Thumb Code    14  handlers.o(i.__scatterload_zeroinit)
    __set_errno                              0x08006f9d   Thumb Code     6  errno.o(i.__set_errno)
    abs_limit                                0x08006fa9   Thumb Code    46  pid.o(i.abs_limit)
    caculate_LegRevise                       0x08006fd9   Thumb Code   180  ahrs_task.o(i.caculate_LegRevise)
    can_filter_init                          0x080070b9   Thumb Code    84  bsp_can.o(i.can_filter_init)
    dm_j8009_all_disable                     0x08007115   Thumb Code   542  dm_j8009_ctrl.o(i.dm_j8009_all_disable)
    dm_j8009_all_enable                      0x08007341   Thumb Code   542  dm_j8009_ctrl.o(i.dm_j8009_all_enable)
    main                                     0x0800756d   Thumb Code    72  main.o(i.main)
    osDelay                                  0x080075b5   Thumb Code    50  cmsis_os2.o(i.osDelay)
    osKernelInitialize                       0x080075ed   Thumb Code    58  cmsis_os2.o(i.osKernelInitialize)
    osKernelStart                            0x0800762d   Thumb Code    68  cmsis_os2.o(i.osKernelStart)
    osThreadNew                              0x08007675   Thumb Code   208  cmsis_os2.o(i.osThreadNew)
    osThreadResume                           0x08007749   Thumb Code    58  cmsis_os2.o(i.osThreadResume)
    osThreadSuspend                          0x08007789   Thumb Code    58  cmsis_os2.o(i.osThreadSuspend)
    pvPortMalloc                             0x08008245   Thumb Code   296  heap_4.o(i.pvPortMalloc)
    pxPortInitialiseStack                    0x08008381   Thumb Code    38  port.o(i.pxPortInitialiseStack)
    sqrtf                                    0x080083f3   Thumb Code    62  sqrtf.o(i.sqrtf)
    uint_to_float                            0x08008431   Thumb Code    52  dm8009_drv.o(i.uint_to_float)
    uxListRemove                             0x08008465   Thumb Code    40  list.o(i.uxListRemove)
    vApplicationGetIdleTaskMemory            0x0800848d   Thumb Code    14  cmsis_os2.o(i.vApplicationGetIdleTaskMemory)
    vApplicationGetTimerTaskMemory           0x080084a5   Thumb Code    16  cmsis_os2.o(i.vApplicationGetTimerTaskMemory)
    vListInitialise                          0x080084bd   Thumb Code    26  list.o(i.vListInitialise)
    vListInitialiseItem                      0x080084d7   Thumb Code     6  list.o(i.vListInitialiseItem)
    vListInsert                              0x080084dd   Thumb Code    52  list.o(i.vListInsert)
    vListInsertEnd                           0x08008511   Thumb Code    24  list.o(i.vListInsertEnd)
    vPortEnterCritical                       0x08008529   Thumb Code    76  port.o(i.vPortEnterCritical)
    vPortExitCritical                        0x0800857d   Thumb Code    56  port.o(i.vPortExitCritical)
    vPortFree                                0x080085b9   Thumb Code   140  heap_4.o(i.vPortFree)
    vPortSetupTimerInterrupt                 0x0800864d   Thumb Code    36  port.o(i.vPortSetupTimerInterrupt)
    vPortValidateInterruptPriority           0x08008675   Thumb Code   106  port.o(i.vPortValidateInterruptPriority)
    vQueueAddToRegistry                      0x080086ed   Thumb Code    38  queue.o(i.vQueueAddToRegistry)
    vQueueWaitForMessageRestricted           0x08008719   Thumb Code    74  queue.o(i.vQueueWaitForMessageRestricted)
    vTaskDelay                               0x08008765   Thumb Code    82  tasks.o(i.vTaskDelay)
    vTaskDelayUntil                          0x080087c1   Thumb Code   200  tasks.o(i.vTaskDelayUntil)
    vTaskInternalSetTimeOutState             0x08008895   Thumb Code    14  tasks.o(i.vTaskInternalSetTimeOutState)
    vTaskMissedYield                         0x080088ad   Thumb Code     8  tasks.o(i.vTaskMissedYield)
    vTaskPlaceOnEventList                    0x080088b9   Thumb Code    52  tasks.o(i.vTaskPlaceOnEventList)
    vTaskPlaceOnEventListRestricted          0x080088f1   Thumb Code    60  tasks.o(i.vTaskPlaceOnEventListRestricted)
    vTaskResume                              0x08008931   Thumb Code   126  tasks.o(i.vTaskResume)
    vTaskStartScheduler                      0x080089c1   Thumb Code   156  tasks.o(i.vTaskStartScheduler)
    vTaskSuspend                             0x08008a79   Thumb Code   176  tasks.o(i.vTaskSuspend)
    vTaskSuspendAll                          0x08008b41   Thumb Code    12  tasks.o(i.vTaskSuspendAll)
    vTaskSwitchContext                       0x08008b51   Thumb Code   122  tasks.o(i.vTaskSwitchContext)
    xPortStartScheduler                      0x08008be1   Thumb Code   330  port.o(i.xPortStartScheduler)
    xQueueGenericCreateStatic                0x08008d49   Thumb Code   224  queue.o(i.xQueueGenericCreateStatic)
    xQueueGenericReset                       0x08008e29   Thumb Code   146  queue.o(i.xQueueGenericReset)
    xQueueGenericSend                        0x08008ec1   Thumb Code   420  queue.o(i.xQueueGenericSend)
    xQueueGenericSendFromISR                 0x08009069   Thumb Code   248  queue.o(i.xQueueGenericSendFromISR)
    xQueueReceive                            0x08009161   Thumb Code   356  queue.o(i.xQueueReceive)
    xTaskCheckForTimeOut                     0x080092c9   Thumb Code   132  tasks.o(i.xTaskCheckForTimeOut)
    xTaskCreate                              0x08009355   Thumb Code   100  tasks.o(i.xTaskCreate)
    xTaskCreateStatic                        0x080093b9   Thumb Code   186  tasks.o(i.xTaskCreateStatic)
    xTaskGetSchedulerState                   0x08009475   Thumb Code    24  tasks.o(i.xTaskGetSchedulerState)
    xTaskGetTickCount                        0x08009495   Thumb Code     6  tasks.o(i.xTaskGetTickCount)
    xTaskIncrementTick                       0x080094a1   Thumb Code   280  tasks.o(i.xTaskIncrementTick)
    xTaskPriorityDisinherit                  0x080095e5   Thumb Code   152  tasks.o(i.xTaskPriorityDisinherit)
    xTaskRemoveFromEventList                 0x08009689   Thumb Code   126  tasks.o(i.xTaskRemoveFromEventList)
    xTaskResumeAll                           0x08009721   Thumb Code   222  tasks.o(i.xTaskResumeAll)
    xTimerCreateTimerTask                    0x08009825   Thumb Code   100  timers.o(i.xTimerCreateTimerTask)
    xTimerGenericCommand                     0x0800989d   Thumb Code   128  timers.o(i.xTimerGenericCommand)
    Detect_attributes                        0x08009920   Data          36  freertos.o(.constdata)
    AHRS_attributes                          0x08009944   Data          36  freertos.o(.constdata)
    RemoCtrl_attributes                      0x08009968   Data          36  freertos.o(.constdata)
    Motor_attributes                         0x0800998c   Data          36  freertos.o(.constdata)
    Standup_attributes                       0x080099b0   Data          36  freertos.o(.constdata)
    Jump_attributes                          0x080099d4   Data          36  freertos.o(.constdata)
    Posture_attributes                       0x080099f8   Data          36  freertos.o(.constdata)
    Process_attributes                       0x08009a1c   Data          36  freertos.o(.constdata)
    AHBPrescTable                            0x08009a48   Data          16  system_stm32f4xx.o(.constdata)
    APBPrescTable                            0x08009a58   Data           8  system_stm32f4xx.o(.constdata)
    Region$$Table$$Base                      0x08009b04   Number         0  anon$$obj.o(Region$$Table)
    Region$$Table$$Limit                     0x08009b24   Number         0  anon$$obj.o(Region$$Table)
    DetectHandle                             0x20000000   Data           4  freertos.o(.data)
    AHRSHandle                               0x20000004   Data           4  freertos.o(.data)
    RemoCtrlHandle                           0x20000008   Data           4  freertos.o(.data)
    MotorHandle                              0x2000000c   Data           4  freertos.o(.data)
    StandupHandle                            0x20000010   Data           4  freertos.o(.data)
    JumpHandle                               0x20000014   Data           4  freertos.o(.data)
    PostureHandle                            0x20000018   Data           4  freertos.o(.data)
    ProcessHandle                            0x2000001c   Data           4  freertos.o(.data)
    uwTick                                   0x20000024   Data           4  stm32f4xx_hal.o(.data)
    uwTickPrio                               0x20000028   Data           4  stm32f4xx_hal.o(.data)
    uwTickFreq                               0x2000002c   Data           1  stm32f4xx_hal.o(.data)
    SystemCoreClock                          0x20000030   Data           4  system_stm32f4xx.o(.data)
    pxCurrentTCB                             0x20000034   Data           4  tasks.o(.data)
    IMU_Data_Top                             0x200000ac   Data           2  can_receive.o(.data)
    IMU_BUF                                  0x200000ae   Data           8  can_receive.o(.data)
    can_send_data                            0x200000b6   Data           8  can_receive.o(.data)
    get_num                                  0x200000c0   Data           4  remoctrl_task.o(.data)
    flag_imu_line                            0x200000c4   Data           1  remoctrl_task.o(.data)
    bt_rx_data                               0x200000c8   Data           4  remoctrl_task.o(.data)
    btdbg_opt                                0x200000cc   Data           8  remoctrl_task.o(.data)
    DM_J8009_ENABLE_FLAG                     0x200000d8   Data           1  motor_task.o(.data)
    angle                                    0x200000dc   Data           4  motor_task.o(.data)
    Correction_Mode                          0x200000e4   Data           1  ahrs_task.o(.data)
    step_len_initial                         0x200000e8   Data           4  ahrs_task.o(.data)
    step_high_initial                        0x200000ec   Data           4  ahrs_task.o(.data)
    step_len_dev                             0x200000f0   Data           4  ahrs_task.o(.data)
    step_high_dev                            0x200000f4   Data           4  ahrs_task.o(.data)
    flight_percent_dev                       0x200000f8   Data           4  ahrs_task.o(.data)
    yaw_now                                  0x200000fc   Data           4  ahrs_task.o(.data)
    yaw_set                                  0x20000100   Data           4  ahrs_task.o(.data)
    roll_set                                 0x20000104   Data           4  ahrs_task.o(.data)
    pitch_set                                0x20000108   Data           4  ahrs_task.o(.data)
    roll_offset                              0x2000010c   Data           4  ahrs_task.o(.data)
    pitch_offset                             0x20000110   Data           4  ahrs_task.o(.data)
    normal_params_l                          0x20000114   Data           4  ahrs_task.o(.data)
    normal_params_r                          0x20000118   Data           4  ahrs_task.o(.data)
    imu_Leg_offset                           0x2000011c   Data           4  ahrs_task.o(.data)
    Target_Angle                             0x20000120   Data           4  ahrs_task.o(.data)
    Gait_Gains                               0x20000128   Data          16  gait_param.o(.data)
    state_gait_gains                         0x20000138   Data         160  gait_param.o(.data)
    gait_params                              0x200001d8   Data          24  gait_param.o(.data)
    state_gait_params                        0x200001f0   Data         312  gait_param.o(.data)
    state_detached_params                    0x20000328   Data         384  gait_param.o(.data)
    RcDetachedParam                          0x200004a8   Data          96  gait_param.o(.data)
    NowState                                 0x20000508   Data           1  gait_param.o(.data)
    NowDir                                   0x20000509   Data           1  gait_param.o(.data)
    Is_Aim_Angle_Get                         0x2000050a   Data           1  gait_param.o(.data)
    Last_Time                                0x2000050c   Data           4  gait_param.o(.data)
    Mode_Change_Flag                         0x20000510   Data           1  gait_param.o(.data)
    start_time_jump                          0x20000514   Data           4  jump_task.o(.data)
    now_time                                 0x2000051c   Data           4  posture_task.o(.data)
    time_cnt                                 0x20000520   Data           4  posture_task.o(.data)
    Standup_LegR_Offset                      0x20000528   Data           4  standup_task.o(.data)
    Standup_LegL_Offset                      0x2000052c   Data           4  standup_task.o(.data)
    flag_Standup                             0x20000530   Data           1  standup_task.o(.data)
    rc_sw_state                              0x20000531   Data           1  serial.o(.data)
    hcan1                                    0x20000538   Data          40  can.o(.bss)
    hcan2                                    0x20000560   Data          40  can.o(.bss)
    hi2c2                                    0x20000588   Data          84  i2c.o(.bss)
    huart7                                   0x200005dc   Data          64  usart.o(.bss)
    huart1                                   0x2000061c   Data          64  usart.o(.bss)
    huart8                                   0x2000065c   Data          64  usart.o(.bss)
    huart6                                   0x2000069c   Data          64  usart.o(.bss)
    hdma_usart1_rx                           0x200006dc   Data          96  usart.o(.bss)
    hdma_uart8_tx                            0x2000073c   Data          96  usart.o(.bss)
    hdma_uart8_rx                            0x2000079c   Data          96  usart.o(.bss)
    htim6                                    0x200007fc   Data          64  stm32f4xx_hal_timebase_tim.o(.bss)
    xQueueRegistry                           0x200008d4   Data          64  queue.o(.bss)
    motor_can1_data                          0x200051a8   Data          96  can_receive.o(.bss)
    motor_can2_data                          0x20005208   Data          96  can_receive.o(.bss)
    IMU_External_Data                        0x20005268   Data          56  can_receive.o(.bss)
    can_tx_message                           0x200052a0   Data          24  can_receive.o(.bss)
    bt_tx_data                               0x200052b8   Data          32  remoctrl_task.o(.bss)
    PID_Position                             0x200052d8   Data         800  motor_task.o(.bss)
    PID_Speed                                0x200055f8   Data         800  motor_task.o(.bss)
    PID_IMU_Climbing                         0x20005918   Data         100  motor_task.o(.bss)
    PID_IMU_Line                             0x2000597c   Data         100  motor_task.o(.bss)
    PID_Aim_Angle                            0x200059e0   Data          32  motor_task.o(.bss)
    Motor_Output                             0x20005a00   Data          16  motor_task.o(.bss)
    Now_Angle                                0x20005a10   Data          12  ahrs_task.o(.bss)
    revise_LegLenth                          0x20005a1c   Data          16  ahrs_task.o(.bss)
    detached_params                          0x20005a2c   Data          96  gait_param.o(.bss)
    Gait_Data                                0x20005a8c   Data          96  gait_param.o(.bss)
    Cycloid_Gen                              0x20005aec   Data         128  gait_param.o(.bss)
    Aim_Angle                                0x20005b6c   Data          32  gait_param.o(.bss)
    aim_x                                    0x20005bac   Data          16  posture_task.o(.bss)
    aim_y                                    0x20005bbc   Data          16  posture_task.o(.bss)
    ch8                                      0x20005bcc   Data          11  serial.o(.bss)
    rc_data                                  0x20005bd7   Data          18  serial.o(.bss)
    my_rc_ctrl                               0x20005be9   Data          24  serial.o(.bss)
    dm_j8009_data                            0x20005c04   Data         256  dm8009_drv.o(.bss)
    __initial_sp                             0x20006108   Data           0  startup_stm32f427xx.o(STACK)



==============================================================================

Memory Map of the image

  Image Entry point : 0x080001ad

  Load Region LR_IROM1 (Base: 0x08000000, Size: 0x0000a05c, Max: 0x00200000, ABSOLUTE, COMPRESSED[0x00009c0c])

    Execution Region ER_IROM1 (Exec base: 0x08000000, Load base: 0x08000000, Size: 0x00009b24, Max: 0x00200000, ABSOLUTE)

    Exec Addr    Load Addr    Size         Type   Attr      Idx    E Section Name        Object

    0x08000000   0x08000000   0x000001ac   Data   RO            3    RESET               startup_stm32f427xx.o
    0x080001ac   0x080001ac   0x00000000   Code   RO         7011  * .ARM.Collect$$$$00000000  mc_w.l(entry.o)
    0x080001ac   0x080001ac   0x00000004   Code   RO         7077    .ARM.Collect$$$$00000001  mc_w.l(entry2.o)
    0x080001b0   0x080001b0   0x00000004   Code   RO         7080    .ARM.Collect$$$$00000004  mc_w.l(entry5.o)
    0x080001b4   0x080001b4   0x00000000   Code   RO         7082    .ARM.Collect$$$$00000008  mc_w.l(entry7b.o)
    0x080001b4   0x080001b4   0x00000000   Code   RO         7084    .ARM.Collect$$$$0000000A  mc_w.l(entry8b.o)
    0x080001b4   0x080001b4   0x00000008   Code   RO         7085    .ARM.Collect$$$$0000000B  mc_w.l(entry9a.o)
    0x080001bc   0x080001bc   0x00000004   Code   RO         7092    .ARM.Collect$$$$0000000E  mc_w.l(entry12b.o)
    0x080001c0   0x080001c0   0x00000000   Code   RO         7087    .ARM.Collect$$$$0000000F  mc_w.l(entry10a.o)
    0x080001c0   0x080001c0   0x00000000   Code   RO         7089    .ARM.Collect$$$$00000011  mc_w.l(entry11a.o)
    0x080001c0   0x080001c0   0x00000004   Code   RO         7078    .ARM.Collect$$$$00002712  mc_w.l(entry2.o)
    0x080001c4   0x080001c4   0x000000be   Code   RO         6053    .emb_text           port.o
    0x08000282   0x08000282   0x00000002   PAD
    0x08000284   0x08000284   0x00000024   Code   RO            4    .text               startup_stm32f427xx.o
    0x080002a8   0x080002a8   0x00000062   Code   RO         7014    .text               mc_w.l(uldiv.o)
    0x0800030a   0x0800030a   0x00000024   Code   RO         7016    .text               mc_w.l(memcpya.o)
    0x0800032e   0x0800032e   0x00000024   Code   RO         7020    .text               mc_w.l(memseta.o)
    0x08000352   0x08000352   0x0000001e   Code   RO         7093    .text               mc_w.l(llshl.o)
    0x08000370   0x08000370   0x00000020   Code   RO         7095    .text               mc_w.l(llushr.o)
    0x08000390   0x08000390   0x00000000   Code   RO         7106    .text               mc_w.l(iusefp.o)
    0x08000390   0x08000390   0x0000006e   Code   RO         7107    .text               mf_w.l(fepilogue.o)
    0x080003fe   0x080003fe   0x00000052   Code   RO         7109    .text               mf_w.l(frem.o)
    0x08000450   0x08000450   0x00000024   Code   RO         7119    .text               mc_w.l(init.o)
    0x08000474   0x08000474   0x00000056   Code   RO         7129    .text               mc_w.l(__dczerorl2.o)
    0x080004ca   0x080004ca   0x00000002   PAD
    0x080004cc   0x080004cc   0x00000024   Code   RO         6554    i.AHRS_Task         ahrs_task.o
    0x080004f0   0x080004f0   0x0000004c   Code   RO         1106    i.BTDebug_TransmitPackage  app_btdebug.o
    0x0800053c   0x0800053c   0x00000004   Code   RO          556    i.BusFault_Handler  stm32f4xx_it.o
    0x08000540   0x08000540   0x00000010   Code   RO          557    i.CAN1_RX0_IRQHandler  stm32f4xx_it.o
    0x08000550   0x08000550   0x00000010   Code   RO          558    i.CAN2_RX0_IRQHandler  stm32f4xx_it.o
    0x08000560   0x08000560   0x00000438   Code   RO         6654    i.Calculate_Gait    posture_task.o
    0x08000998   0x08000998   0x00000038   Code   RO         6655    i.Change_NowState   posture_task.o
    0x080009d0   0x080009d0   0x00000324   Code   RO         6443    i.Change_RmVAL      remoctrl_task.o
    0x08000cf4   0x08000cf4   0x000001c0   Code   RO         6444    i.Ctrl_byRemoctrl   remoctrl_task.o
    0x08000eb4   0x08000eb4   0x00000194   Code   RO          773    i.Cycloid_Generator_Calc  cycloid_generator.o
    0x08001048   0x08001048   0x00000048   Code   RO         6833    i.DISABLE_DM_J8009  dm8009_drv.o
    0x08001090   0x08001090   0x0000001c   Code   RO          559    i.DMA1_Stream0_IRQHandler  stm32f4xx_it.o
    0x080010ac   0x080010ac   0x00000010   Code   RO          560    i.DMA1_Stream6_IRQHandler  stm32f4xx_it.o
    0x080010bc   0x080010bc   0x00000010   Code   RO          561    i.DMA2_Stream2_IRQHandler  stm32f4xx_it.o
    0x080010cc   0x080010cc   0x00000010   Code   RO          562    i.DMA2_Stream5_IRQHandler  stm32f4xx_it.o
    0x080010dc   0x080010dc   0x00000034   Code   RO         1924    i.DMA_CalcBaseAndBitshift  stm32f4xx_hal_dma.o
    0x08001110   0x08001110   0x000000aa   Code   RO         1925    i.DMA_CheckFifoParam  stm32f4xx_hal_dma.o
    0x080011ba   0x080011ba   0x0000002c   Code   RO         1926    i.DMA_SetConfig     stm32f4xx_hal_dma.o
    0x080011e6   0x080011e6   0x00000002   Code   RO          563    i.DebugMon_Handler  stm32f4xx_it.o
    0x080011e8   0x080011e8   0x00000002   Code   RO         6416    i.Detect_Task       detect_task.o
    0x080011ea   0x080011ea   0x00000002   PAD
    0x080011ec   0x080011ec   0x00000034   Code   RO         1019    i.EBFPIDDebuger_Data_Receive  app_ebf_piddebug.o
    0x08001220   0x08001220   0x00000048   Code   RO         6834    i.ENABLE_DM_J8009   dm8009_drv.o
    0x08001268   0x08001268   0x00000006   Code   RO           13    i.Error_Handler     main.o
    0x0800126e   0x0800126e   0x00000002   PAD
    0x08001270   0x08001270   0x000000d0   Code   RO         6835    i.FEEDBACK_DATA_DM_J8009  dm8009_drv.o
    0x08001340   0x08001340   0x0000002a   Code   RO         1130    i.HAL_CAN_ActivateNotification  stm32f4xx_hal_can.o
    0x0800136a   0x0800136a   0x00000156   Code   RO         1131    i.HAL_CAN_AddTxMessage  stm32f4xx_hal_can.o
    0x080014c0   0x080014c0   0x00000124   Code   RO         1132    i.HAL_CAN_ConfigFilter  stm32f4xx_hal_can.o
    0x080015e4   0x080015e4   0x00000002   Code   RO         1135    i.HAL_CAN_ErrorCallback  stm32f4xx_hal_can.o
    0x080015e6   0x080015e6   0x0000017a   Code   RO         1138    i.HAL_CAN_GetRxMessage  stm32f4xx_hal_can.o
    0x08001760   0x08001760   0x00000036   Code   RO         1140    i.HAL_CAN_GetTxMailboxesFreeLevel  stm32f4xx_hal_can.o
    0x08001796   0x08001796   0x0000024e   Code   RO         1142    i.HAL_CAN_IRQHandler  stm32f4xx_hal_can.o
    0x080019e4   0x080019e4   0x00000174   Code   RO         1143    i.HAL_CAN_Init      stm32f4xx_hal_can.o
    0x08001b58   0x08001b58   0x00000164   Code   RO          363    i.HAL_CAN_MspInit   can.o
    0x08001cbc   0x08001cbc   0x00000002   Code   RO         1150    i.HAL_CAN_RxFifo0FullCallback  stm32f4xx_hal_can.o
    0x08001cbe   0x08001cbe   0x00000002   PAD
    0x08001cc0   0x08001cc0   0x0000005c   Code   RO         6179    i.HAL_CAN_RxFifo0MsgPendingCallback  can_receive.o
    0x08001d1c   0x08001d1c   0x00000002   Code   RO         1152    i.HAL_CAN_RxFifo1FullCallback  stm32f4xx_hal_can.o
    0x08001d1e   0x08001d1e   0x00000002   Code   RO         1153    i.HAL_CAN_RxFifo1MsgPendingCallback  stm32f4xx_hal_can.o
    0x08001d20   0x08001d20   0x00000002   Code   RO         1154    i.HAL_CAN_SleepCallback  stm32f4xx_hal_can.o
    0x08001d22   0x08001d22   0x0000005e   Code   RO         1155    i.HAL_CAN_Start     stm32f4xx_hal_can.o
    0x08001d80   0x08001d80   0x00000002   Code   RO         1157    i.HAL_CAN_TxMailbox0AbortCallback  stm32f4xx_hal_can.o
    0x08001d82   0x08001d82   0x00000002   Code   RO         1158    i.HAL_CAN_TxMailbox0CompleteCallback  stm32f4xx_hal_can.o
    0x08001d84   0x08001d84   0x00000002   Code   RO         1159    i.HAL_CAN_TxMailbox1AbortCallback  stm32f4xx_hal_can.o
    0x08001d86   0x08001d86   0x00000002   Code   RO         1160    i.HAL_CAN_TxMailbox1CompleteCallback  stm32f4xx_hal_can.o
    0x08001d88   0x08001d88   0x00000002   Code   RO         1161    i.HAL_CAN_TxMailbox2AbortCallback  stm32f4xx_hal_can.o
    0x08001d8a   0x08001d8a   0x00000002   Code   RO         1162    i.HAL_CAN_TxMailbox2CompleteCallback  stm32f4xx_hal_can.o
    0x08001d8c   0x08001d8c   0x00000002   Code   RO         1164    i.HAL_CAN_WakeUpFromRxMsgCallback  stm32f4xx_hal_can.o
    0x08001d8e   0x08001d8e   0x000000aa   Code   RO         1927    i.HAL_DMA_Abort     stm32f4xx_hal_dma.o
    0x08001e38   0x08001e38   0x00000028   Code   RO         1928    i.HAL_DMA_Abort_IT  stm32f4xx_hal_dma.o
    0x08001e60   0x08001e60   0x00000008   Code   RO         1931    i.HAL_DMA_GetState  stm32f4xx_hal_dma.o
    0x08001e68   0x08001e68   0x00000240   Code   RO         1932    i.HAL_DMA_IRQHandler  stm32f4xx_hal_dma.o
    0x080020a8   0x080020a8   0x000000ec   Code   RO         1933    i.HAL_DMA_Init      stm32f4xx_hal_dma.o
    0x08002194   0x08002194   0x00000092   Code   RO         1937    i.HAL_DMA_Start_IT  stm32f4xx_hal_dma.o
    0x08002226   0x08002226   0x00000002   PAD
    0x08002228   0x08002228   0x00000028   Code   RO         2369    i.HAL_Delay         stm32f4xx_hal.o
    0x08002250   0x08002250   0x0000021c   Code   RO         1820    i.HAL_GPIO_Init     stm32f4xx_hal_gpio.o
    0x0800246c   0x0800246c   0x0000000c   Code   RO         2377    i.HAL_GetTick       stm32f4xx_hal.o
    0x08002478   0x08002478   0x0000004c   Code   RO         3104    i.HAL_I2CEx_ConfigAnalogFilter  stm32f4xx_hal_i2c_ex.o
    0x080024c4   0x080024c4   0x00000050   Code   RO         3105    i.HAL_I2CEx_ConfigDigitalFilter  stm32f4xx_hal_i2c_ex.o
    0x08002514   0x08002514   0x00000002   Code   RO         2632    i.HAL_I2C_AbortCpltCallback  stm32f4xx_hal_i2c.o
    0x08002516   0x08002516   0x00000002   Code   RO         2633    i.HAL_I2C_AddrCallback  stm32f4xx_hal_i2c.o
    0x08002518   0x08002518   0x000001d4   Code   RO         2637    i.HAL_I2C_EV_IRQHandler  stm32f4xx_hal_i2c.o
    0x080026ec   0x080026ec   0x00000002   Code   RO         2639    i.HAL_I2C_ErrorCallback  stm32f4xx_hal_i2c.o
    0x080026ee   0x080026ee   0x00000002   PAD
    0x080026f0   0x080026f0   0x000001d0   Code   RO         2643    i.HAL_I2C_Init      stm32f4xx_hal_i2c.o
    0x080028c0   0x080028c0   0x00000002   Code   RO         2645    i.HAL_I2C_ListenCpltCallback  stm32f4xx_hal_i2c.o
    0x080028c2   0x080028c2   0x00000002   Code   RO         2646    i.HAL_I2C_MasterRxCpltCallback  stm32f4xx_hal_i2c.o
    0x080028c4   0x080028c4   0x00000002   Code   RO         2647    i.HAL_I2C_MasterTxCpltCallback  stm32f4xx_hal_i2c.o
    0x080028c6   0x080028c6   0x00000002   Code   RO         2659    i.HAL_I2C_MemRxCpltCallback  stm32f4xx_hal_i2c.o
    0x080028c8   0x080028c8   0x00000002   Code   RO         2660    i.HAL_I2C_MemTxCpltCallback  stm32f4xx_hal_i2c.o
    0x080028ca   0x080028ca   0x00000002   PAD
    0x080028cc   0x080028cc   0x00000098   Code   RO          436    i.HAL_I2C_MspInit   i2c.o
    0x08002964   0x08002964   0x00000002   Code   RO         2669    i.HAL_I2C_SlaveRxCpltCallback  stm32f4xx_hal_i2c.o
    0x08002966   0x08002966   0x00000002   Code   RO         2670    i.HAL_I2C_SlaveTxCpltCallback  stm32f4xx_hal_i2c.o
    0x08002968   0x08002968   0x00000018   Code   RO         2383    i.HAL_IncTick       stm32f4xx_hal.o
    0x08002980   0x08002980   0x0000003c   Code   RO         2384    i.HAL_Init          stm32f4xx_hal.o
    0x080029bc   0x080029bc   0x0000008c   Code   RO          704    i.HAL_InitTick      stm32f4xx_hal_timebase_tim.o
    0x08002a48   0x08002a48   0x00000054   Code   RO          680    i.HAL_MspInit       stm32f4xx_hal_msp.o
    0x08002a9c   0x08002a9c   0x00000020   Code   RO         2227    i.HAL_NVIC_EnableIRQ  stm32f4xx_hal_cortex.o
    0x08002abc   0x08002abc   0x0000007c   Code   RO         2233    i.HAL_NVIC_SetPriority  stm32f4xx_hal_cortex.o
    0x08002b38   0x08002b38   0x00000028   Code   RO         2234    i.HAL_NVIC_SetPriorityGrouping  stm32f4xx_hal_cortex.o
    0x08002b60   0x08002b60   0x0000008c   Code   RO         2156    i.HAL_PWREx_EnableOverDrive  stm32f4xx_hal_pwr_ex.o
    0x08002bec   0x08002bec   0x00000184   Code   RO         1364    i.HAL_RCC_ClockConfig  stm32f4xx_hal_rcc.o
    0x08002d70   0x08002d70   0x00000044   Code   RO         1368    i.HAL_RCC_GetClockConfig  stm32f4xx_hal_rcc.o
    0x08002db4   0x08002db4   0x0000000c   Code   RO         1369    i.HAL_RCC_GetHCLKFreq  stm32f4xx_hal_rcc.o
    0x08002dc0   0x08002dc0   0x00000020   Code   RO         1371    i.HAL_RCC_GetPCLK1Freq  stm32f4xx_hal_rcc.o
    0x08002de0   0x08002de0   0x00000020   Code   RO         1372    i.HAL_RCC_GetPCLK2Freq  stm32f4xx_hal_rcc.o
    0x08002e00   0x08002e00   0x000000b0   Code   RO         1373    i.HAL_RCC_GetSysClockFreq  stm32f4xx_hal_rcc.o
    0x08002eb0   0x08002eb0   0x00000488   Code   RO         1376    i.HAL_RCC_OscConfig  stm32f4xx_hal_rcc.o
    0x08003338   0x08003338   0x00000002   Code   RO         3822    i.HAL_TIMEx_BreakCallback  stm32f4xx_hal_tim_ex.o
    0x0800333a   0x0800333a   0x00000002   Code   RO         3823    i.HAL_TIMEx_CommutCallback  stm32f4xx_hal_tim_ex.o
    0x0800333c   0x0800333c   0x00000034   Code   RO         3136    i.HAL_TIM_Base_Init  stm32f4xx_hal_tim.o
    0x08003370   0x08003370   0x00000002   Code   RO         3138    i.HAL_TIM_Base_MspInit  stm32f4xx_hal_tim.o
    0x08003372   0x08003372   0x0000002a   Code   RO         3141    i.HAL_TIM_Base_Start_IT  stm32f4xx_hal_tim.o
    0x0800339c   0x0800339c   0x00000002   Code   RO         3165    i.HAL_TIM_IC_CaptureCallback  stm32f4xx_hal_tim.o
    0x0800339e   0x0800339e   0x00000196   Code   RO         3179    i.HAL_TIM_IRQHandler  stm32f4xx_hal_tim.o
    0x08003534   0x08003534   0x00000002   Code   RO         3182    i.HAL_TIM_OC_DelayElapsedCallback  stm32f4xx_hal_tim.o
    0x08003536   0x08003536   0x00000002   Code   RO         3209    i.HAL_TIM_PWM_PulseFinishedCallback  stm32f4xx_hal_tim.o
    0x08003538   0x08003538   0x00000018   Code   RO           14    i.HAL_TIM_PeriodElapsedCallback  main.o
    0x08003550   0x08003550   0x00000002   Code   RO         3222    i.HAL_TIM_TriggerCallback  stm32f4xx_hal_tim.o
    0x08003552   0x08003552   0x00000066   Code   RO         4092    i.HAL_UART_DMAStop  stm32f4xx_hal_uart.o
    0x080035b8   0x080035b8   0x00000002   Code   RO         4094    i.HAL_UART_ErrorCallback  stm32f4xx_hal_uart.o
    0x080035ba   0x080035ba   0x00000002   PAD
    0x080035bc   0x080035bc   0x00000154   Code   RO         4097    i.HAL_UART_IRQHandler  stm32f4xx_hal_uart.o
    0x08003710   0x08003710   0x00000072   Code   RO         4098    i.HAL_UART_Init     stm32f4xx_hal_uart.o
    0x08003782   0x08003782   0x00000002   PAD
    0x08003784   0x08003784   0x00000234   Code   RO          478    i.HAL_UART_MspInit  usart.o
    0x080039b8   0x080039b8   0x000000e0   Code   RO         4101    i.HAL_UART_Receive  stm32f4xx_hal_uart.o
    0x08003a98   0x08003a98   0x000000c4   Code   RO         4102    i.HAL_UART_Receive_DMA  stm32f4xx_hal_uart.o
    0x08003b5c   0x08003b5c   0x00000070   Code   RO         4103    i.HAL_UART_Receive_IT  stm32f4xx_hal_uart.o
    0x08003bcc   0x08003bcc   0x00000064   Code   RO         6782    i.HAL_UART_RxCpltCallback  serial.o
    0x08003c30   0x08003c30   0x00000002   Code   RO         4105    i.HAL_UART_RxHalfCpltCallback  stm32f4xx_hal_uart.o
    0x08003c32   0x08003c32   0x000000d8   Code   RO         4106    i.HAL_UART_Transmit  stm32f4xx_hal_uart.o
    0x08003d0a   0x08003d0a   0x00000002   Code   RO         4109    i.HAL_UART_TxCpltCallback  stm32f4xx_hal_uart.o
    0x08003d0c   0x08003d0c   0x00000004   Code   RO          564    i.HardFault_Handler  stm32f4xx_it.o
    0x08003d10   0x08003d10   0x00000010   Code   RO          565    i.I2C2_EV_IRQHandler  stm32f4xx_it.o
    0x08003d20   0x08003d20   0x0000001c   Code   RO         2681    i.I2C_ConvertOtherXferOptions  stm32f4xx_hal_i2c.o
    0x08003d3c   0x08003d3c   0x000000f8   Code   RO         2682    i.I2C_DMAAbort      stm32f4xx_hal_i2c.o
    0x08003e34   0x08003e34   0x000001ac   Code   RO         2685    i.I2C_ITError       stm32f4xx_hal_i2c.o
    0x08003fe0   0x08003fe0   0x00000126   Code   RO         2687    i.I2C_MasterReceive_BTF  stm32f4xx_hal_i2c.o
    0x08004106   0x08004106   0x000000e2   Code   RO         2688    i.I2C_MasterReceive_RXNE  stm32f4xx_hal_i2c.o
    0x080041e8   0x080041e8   0x0000008a   Code   RO         2691    i.I2C_MasterTransmit_BTF  stm32f4xx_hal_i2c.o
    0x08004272   0x08004272   0x000000d8   Code   RO         2692    i.I2C_MasterTransmit_TXE  stm32f4xx_hal_i2c.o
    0x0800434a   0x0800434a   0x0000002a   Code   RO         2693    i.I2C_Master_ADD10  stm32f4xx_hal_i2c.o
    0x08004374   0x08004374   0x00000268   Code   RO         2694    i.I2C_Master_ADDR   stm32f4xx_hal_i2c.o
    0x080045dc   0x080045dc   0x0000009e   Code   RO         2695    i.I2C_Master_SB     stm32f4xx_hal_i2c.o
    0x0800467a   0x0800467a   0x000000b8   Code   RO         2696    i.I2C_MemoryTransmit_TXE_BTF  stm32f4xx_hal_i2c.o
    0x08004732   0x08004732   0x0000001a   Code   RO         2699    i.I2C_SlaveReceive_BTF  stm32f4xx_hal_i2c.o
    0x0800474c   0x0800474c   0x00000046   Code   RO         2700    i.I2C_SlaveReceive_RXNE  stm32f4xx_hal_i2c.o
    0x08004792   0x08004792   0x0000001a   Code   RO         2701    i.I2C_SlaveTransmit_BTF  stm32f4xx_hal_i2c.o
    0x080047ac   0x080047ac   0x00000046   Code   RO         2702    i.I2C_SlaveTransmit_TXE  stm32f4xx_hal_i2c.o
    0x080047f2   0x080047f2   0x00000066   Code   RO         2703    i.I2C_Slave_ADDR    stm32f4xx_hal_i2c.o
    0x08004858   0x08004858   0x0000018c   Code   RO         2705    i.I2C_Slave_STOPF   stm32f4xx_hal_i2c.o
    0x080049e4   0x080049e4   0x00000050   Code   RO         2711    i.I2C_WaitOnSTOPRequestThroughIT  stm32f4xx_hal_i2c.o
    0x08004a34   0x08004a34   0x000004f8   Code   RO         6609    i.Jump_OnlyOnce     jump_task.o
    0x08004f2c   0x08004f2c   0x00000040   Code   RO         6610    i.Jump_Task         jump_task.o
    0x08004f6c   0x08004f6c   0x00000044   Code   RO          364    i.MX_CAN1_Init      can.o
    0x08004fb0   0x08004fb0   0x00000044   Code   RO          365    i.MX_CAN2_Init      can.o
    0x08004ff4   0x08004ff4   0x00000038   Code   RO          411    i.MX_DMA_Init       dma.o
    0x0800502c   0x0800502c   0x000000d4   Code   RO          246    i.MX_FREERTOS_Init  freertos.o
    0x08005100   0x08005100   0x000000dc   Code   RO          222    i.MX_GPIO_Init      gpio.o
    0x080051dc   0x080051dc   0x00000058   Code   RO          437    i.MX_I2C2_Init      i2c.o
    0x08005234   0x08005234   0x00000038   Code   RO          479    i.MX_UART7_Init     usart.o
    0x0800526c   0x0800526c   0x00000038   Code   RO          481    i.MX_USART6_UART_Init  usart.o
    0x080052a4   0x080052a4   0x00000004   Code   RO          566    i.MemManage_Handler  stm32f4xx_it.o
    0x080052a8   0x080052a8   0x0000019c   Code   RO         6505    i.Motor_Task        motor_task.o
    0x08005444   0x08005444   0x00000004   Code   RO          567    i.NMI_Handler       stm32f4xx_it.o
    0x08005448   0x08005448   0x0000021c   Code   RO          740    i.PID_Calc          pid.o
    0x08005664   0x08005664   0x0000000e   Code   RO          742    i.PID_Reset         pid.o
    0x08005672   0x08005672   0x00000002   PAD
    0x08005674   0x08005674   0x000000d0   Code   RO         6611    i.Polar_setCoord    jump_task.o
    0x08005744   0x08005744   0x00000070   Code   RO          796    i.Polar_toCartesian  stanford_type.o
    0x080057b4   0x080057b4   0x0000016c   Code   RO         6656    i.Posture_Task      posture_task.o
    0x08005920   0x08005920   0x0000001c   Code   RO         6701    i.Process_Task      process_task.o
    0x0800593c   0x0800593c   0x00000028   Code   RO         6783    i.RC_Start          serial.o
    0x08005964   0x08005964   0x000000b4   Code   RO         6784    i.RC_Transform      serial.o
    0x08005a18   0x08005a18   0x00000014   Code   RO         6785    i.RemoCtrl_Data_Handle  serial.o
    0x08005a2c   0x08005a2c   0x000000a0   Code   RO         6445    i.RemoCtrl_Task     remoctrl_task.o
    0x08005acc   0x08005acc   0x000000dc   Code   RO         6726    i.Standup_Task      standup_task.o
    0x08005ba8   0x08005ba8   0x00000092   Code   RO          800    i.Stanford_Type_Lite_Inverse_Kinematics  stanford_type.o
    0x08005c3a   0x08005c3a   0x0000000a   Code   RO          299    i.Stanford_Type_Lite_SetPosition  freertos.o
    0x08005c44   0x08005c44   0x00000034   Code   RO         6054    i.SysTick_Handler   port.o
    0x08005c78   0x08005c78   0x000000bc   Code   RO           15    i.SystemClock_Config  main.o
    0x08005d34   0x08005d34   0x0000001c   Code   RO         4405    i.SystemInit        system_stm32f4xx.o
    0x08005d50   0x08005d50   0x00000010   Code   RO          568    i.TIM6_DAC_IRQHandler  stm32f4xx_it.o
    0x08005d60   0x08005d60   0x000000d8   Code   RO         3224    i.TIM_Base_SetConfig  stm32f4xx_hal_tim.o
    0x08005e38   0x08005e38   0x000001b4   Code   RO         6657    i.Target_toMotor    posture_task.o
    0x08005fec   0x08005fec   0x00000010   Code   RO          569    i.UART7_IRQHandler  stm32f4xx_it.o
    0x08005ffc   0x08005ffc   0x00000010   Code   RO          570    i.UART8_IRQHandler  stm32f4xx_it.o
    0x0800600c   0x0800600c   0x00000014   Code   RO         4111    i.UART_DMAAbortOnError  stm32f4xx_hal_uart.o
    0x08006020   0x08006020   0x00000050   Code   RO         4112    i.UART_DMAError     stm32f4xx_hal_uart.o
    0x08006070   0x08006070   0x00000046   Code   RO         4113    i.UART_DMAReceiveCplt  stm32f4xx_hal_uart.o
    0x080060b6   0x080060b6   0x0000000e   Code   RO         4115    i.UART_DMARxHalfCplt  stm32f4xx_hal_uart.o
    0x080060c4   0x080060c4   0x00000020   Code   RO         4121    i.UART_EndRxTransfer  stm32f4xx_hal_uart.o
    0x080060e4   0x080060e4   0x00000020   Code   RO         4122    i.UART_EndTransmit_IT  stm32f4xx_hal_uart.o
    0x08006104   0x08006104   0x00000014   Code   RO         4123    i.UART_EndTxTransfer  stm32f4xx_hal_uart.o
    0x08006118   0x08006118   0x000000a6   Code   RO         4124    i.UART_Receive_IT   stm32f4xx_hal_uart.o
    0x080061be   0x080061be   0x00000002   PAD
    0x080061c0   0x080061c0   0x000003e8   Code   RO         4125    i.UART_SetConfig    stm32f4xx_hal_uart.o
    0x080065a8   0x080065a8   0x00000068   Code   RO         4126    i.UART_Transmit_IT  stm32f4xx_hal_uart.o
    0x08006610   0x08006610   0x0000006c   Code   RO         4127    i.UART_WaitOnFlagUntilTimeout  stm32f4xx_hal_uart.o
    0x0800667c   0x0800667c   0x00000088   Code   RO          484    i.USART1_DMA_Config  usart.o
    0x08006704   0x08006704   0x00000010   Code   RO          571    i.USART1_IRQHandler  stm32f4xx_it.o
    0x08006714   0x08006714   0x00000038   Code   RO          485    i.USART1_Init       usart.o
    0x0800674c   0x0800674c   0x00000004   Code   RO          572    i.UsageFault_Handler  stm32f4xx_it.o
    0x08006750   0x08006750   0x00000018   Code   RO         6446    i._UART_Receive_Bytes  remoctrl_task.o
    0x08006768   0x08006768   0x00000018   Code   RO         6447    i._UART_Transmit_Bytes  remoctrl_task.o
    0x08006780   0x08006780   0x00000026   Code   RO         7056    i.__ARM_fpclassifyf  m_wm.l(fpclassifyf.o)
    0x080067a6   0x080067a6   0x00000002   PAD
    0x080067a8   0x080067a8   0x00000010   Code   RO         2240    i.__NVIC_GetPriorityGrouping  stm32f4xx_hal_cortex.o
    0x080067b8   0x080067b8   0x00000028   Code   RO         2241    i.__NVIC_SetPriority  stm32f4xx_hal_cortex.o
    0x080067e0   0x080067e0   0x00000006   Code   RO         5559    i.__get_BASEPRI     cmsis_os2.o
    0x080067e6   0x080067e6   0x00000006   Code   RO         5560    i.__get_IPSR        cmsis_os2.o
    0x080067ec   0x080067ec   0x00000006   Code   RO         5561    i.__get_PRIMASK     cmsis_os2.o
    0x080067f2   0x080067f2   0x00000002   PAD
    0x080067f4   0x080067f4   0x00000118   Code   RO         6901    i.__hardfp_acosf    m_wm.l(acosf.o)
    0x0800690c   0x0800690c   0x0000012c   Code   RO         6913    i.__hardfp_asinf    m_wm.l(asinf.o)
    0x08006a38   0x08006a38   0x00000150   Code   RO         6951    i.__hardfp_cosf     m_wm.l(cosf.o)
    0x08006b88   0x08006b88   0x000000b0   Code   RO         6963    i.__hardfp_fmodf    m_wm.l(fmodf.o)
    0x08006c38   0x08006c38   0x00000190   Code   RO         6975    i.__hardfp_sinf     m_wm.l(sinf.o)
    0x08006dc8   0x08006dc8   0x0000003a   Code   RO         6999    i.__hardfp_sqrtf    m_wm.l(sqrtf.o)
    0x08006e02   0x08006e02   0x00000006   Code   RO         7059    i.__mathlib_flt_infnan  m_wm.l(funder.o)
    0x08006e08   0x08006e08   0x00000010   Code   RO         7061    i.__mathlib_flt_invalid  m_wm.l(funder.o)
    0x08006e18   0x08006e18   0x00000010   Code   RO         7064    i.__mathlib_flt_underflow  m_wm.l(funder.o)
    0x08006e28   0x08006e28   0x00000154   Code   RO         7074    i.__mathlib_rredf2  m_wm.l(rredf.o)
    0x08006f7c   0x08006f7c   0x0000000e   Code   RO         7123    i.__scatterload_copy  mc_w.l(handlers.o)
    0x08006f8a   0x08006f8a   0x00000002   Code   RO         7124    i.__scatterload_null  mc_w.l(handlers.o)
    0x08006f8c   0x08006f8c   0x0000000e   Code   RO         7125    i.__scatterload_zeroinit  mc_w.l(handlers.o)
    0x08006f9a   0x08006f9a   0x00000002   PAD
    0x08006f9c   0x08006f9c   0x0000000c   Code   RO         7101    i.__set_errno       mc_w.l(errno.o)
    0x08006fa8   0x08006fa8   0x0000002e   Code   RO          743    i.abs_limit         pid.o
    0x08006fd6   0x08006fd6   0x00000002   PAD
    0x08006fd8   0x08006fd8   0x000000e0   Code   RO         6555    i.caculate_LegRevise  ahrs_task.o
    0x080070b8   0x080070b8   0x0000005c   Code   RO         6757    i.can_filter_init   bsp_can.o
    0x08007114   0x08007114   0x0000022c   Code   RO         6366    i.dm_j8009_all_disable  dm_j8009_ctrl.o
    0x08007340   0x08007340   0x0000022c   Code   RO         6367    i.dm_j8009_all_enable  dm_j8009_ctrl.o
    0x0800756c   0x0800756c   0x00000048   Code   RO           16    i.main              main.o
    0x080075b4   0x080075b4   0x00000038   Code   RO         5562    i.osDelay           cmsis_os2.o
    0x080075ec   0x080075ec   0x00000040   Code   RO         5576    i.osKernelInitialize  cmsis_os2.o
    0x0800762c   0x0800762c   0x00000048   Code   RO         5579    i.osKernelStart     cmsis_os2.o
    0x08007674   0x08007674   0x000000d4   Code   RO         5612    i.osThreadNew       cmsis_os2.o
    0x08007748   0x08007748   0x00000040   Code   RO         5613    i.osThreadResume    cmsis_os2.o
    0x08007788   0x08007788   0x00000040   Code   RO         5615    i.osThreadSuspend   cmsis_os2.o
    0x080077c8   0x080077c8   0x0000007c   Code   RO         5019    i.prvAddCurrentTaskToDelayedList  tasks.o
    0x08007844   0x08007844   0x000000b8   Code   RO         5020    i.prvAddNewTaskToReadyList  tasks.o
    0x080078fc   0x080078fc   0x00000074   Code   RO         5383    i.prvCheckForValidListAndQueue  timers.o
    0x08007970   0x08007970   0x00000048   Code   RO         5021    i.prvCheckTasksWaitingTermination  tasks.o
    0x080079b8   0x080079b8   0x0000002a   Code   RO         4609    i.prvCopyDataFromQueue  queue.o
    0x080079e2   0x080079e2   0x0000007e   Code   RO         4610    i.prvCopyDataToQueue  queue.o
    0x08007a60   0x08007a60   0x00000050   Code   RO         5022    i.prvDeleteTCB      tasks.o
    0x08007ab0   0x08007ab0   0x00000028   Code   RO         5384    i.prvGetNextExpireTime  timers.o
    0x08007ad8   0x08007ad8   0x0000007c   Code   RO         6004    i.prvHeapInit       heap_4.o
    0x08007b54   0x08007b54   0x00000028   Code   RO         5023    i.prvIdleTask       tasks.o
    0x08007b7c   0x08007b7c   0x0000002a   Code   RO         4613    i.prvInitialiseNewQueue  queue.o
    0x08007ba6   0x08007ba6   0x000000be   Code   RO         5024    i.prvInitialiseNewTask  tasks.o
    0x08007c64   0x08007c64   0x00000068   Code   RO         5025    i.prvInitialiseTaskLists  tasks.o
    0x08007ccc   0x08007ccc   0x00000068   Code   RO         6005    i.prvInsertBlockIntoFreeList  heap_4.o
    0x08007d34   0x08007d34   0x00000058   Code   RO         5386    i.prvInsertTimerInActiveList  timers.o
    0x08007d8c   0x08007d8c   0x0000001a   Code   RO         4614    i.prvIsQueueEmpty   queue.o
    0x08007da6   0x08007da6   0x0000001e   Code   RO         4615    i.prvIsQueueFull    queue.o
    0x08007dc4   0x08007dc4   0x00000074   Code   RO         5387    i.prvProcessExpiredTimer  timers.o
    0x08007e38   0x08007e38   0x00000164   Code   RO         5388    i.prvProcessReceivedCommands  timers.o
    0x08007f9c   0x08007f9c   0x00000074   Code   RO         5389    i.prvProcessTimerOrBlockTask  timers.o
    0x08008010   0x08008010   0x00000034   Code   RO         5027    i.prvResetNextTaskUnblockTime  tasks.o
    0x08008044   0x08008044   0x0000002c   Code   RO         5390    i.prvSampleTimeNow  timers.o
    0x08008070   0x08008070   0x000000a4   Code   RO         5391    i.prvSwitchTimerLists  timers.o
    0x08008114   0x08008114   0x00000040   Code   RO         6055    i.prvTaskExitError  port.o
    0x08008154   0x08008154   0x00000058   Code   RO         5029    i.prvTaskIsTaskSuspended  tasks.o
    0x080081ac   0x080081ac   0x0000001a   Code   RO         5392    i.prvTimerTask      timers.o
    0x080081c6   0x080081c6   0x0000007e   Code   RO         4616    i.prvUnlockQueue    queue.o
    0x08008244   0x08008244   0x0000013c   Code   RO         6006    i.pvPortMalloc      heap_4.o
    0x08008380   0x08008380   0x0000002c   Code   RO         6056    i.pxPortInitialiseStack  port.o
    0x080083ac   0x080083ac   0x00000046   Code   RO         1031    i.recvbuf_put_data  app_ebf_piddebug.o
    0x080083f2   0x080083f2   0x0000003e   Code   RO         7001    i.sqrtf             m_wm.l(sqrtf.o)
    0x08008430   0x08008430   0x00000034   Code   RO         6838    i.uint_to_float     dm8009_drv.o
    0x08008464   0x08008464   0x00000028   Code   RO         4569    i.uxListRemove      list.o
    0x0800848c   0x0800848c   0x00000018   Code   RO         5624    i.vApplicationGetIdleTaskMemory  cmsis_os2.o
    0x080084a4   0x080084a4   0x00000018   Code   RO         5625    i.vApplicationGetTimerTaskMemory  cmsis_os2.o
    0x080084bc   0x080084bc   0x0000001a   Code   RO         4570    i.vListInitialise   list.o
    0x080084d6   0x080084d6   0x00000006   Code   RO         4571    i.vListInitialiseItem  list.o
    0x080084dc   0x080084dc   0x00000034   Code   RO         4572    i.vListInsert       list.o
    0x08008510   0x08008510   0x00000018   Code   RO         4573    i.vListInsertEnd    list.o
    0x08008528   0x08008528   0x00000054   Code   RO         6058    i.vPortEnterCritical  port.o
    0x0800857c   0x0800857c   0x0000003c   Code   RO         6059    i.vPortExitCritical  port.o
    0x080085b8   0x080085b8   0x00000094   Code   RO         6007    i.vPortFree         heap_4.o
    0x0800864c   0x0800864c   0x00000028   Code   RO         6060    i.vPortSetupTimerInterrupt  port.o
    0x08008674   0x08008674   0x00000078   Code   RO         6061    i.vPortValidateInterruptPriority  port.o
    0x080086ec   0x080086ec   0x0000002c   Code   RO         4622    i.vQueueAddToRegistry  queue.o
    0x08008718   0x08008718   0x0000004a   Code   RO         4626    i.vQueueWaitForMessageRestricted  queue.o
    0x08008762   0x08008762   0x00000002   PAD
    0x08008764   0x08008764   0x0000005c   Code   RO         5039    i.vTaskDelay        tasks.o
    0x080087c0   0x080087c0   0x000000d4   Code   RO         5040    i.vTaskDelayUntil   tasks.o
    0x08008894   0x08008894   0x00000018   Code   RO         5044    i.vTaskInternalSetTimeOutState  tasks.o
    0x080088ac   0x080088ac   0x0000000c   Code   RO         5045    i.vTaskMissedYield  tasks.o
    0x080088b8   0x080088b8   0x00000038   Code   RO         5047    i.vTaskPlaceOnEventList  tasks.o
    0x080088f0   0x080088f0   0x00000040   Code   RO         5048    i.vTaskPlaceOnEventListRestricted  tasks.o
    0x08008930   0x08008930   0x00000090   Code   RO         5053    i.vTaskResume       tasks.o
    0x080089c0   0x080089c0   0x000000b8   Code   RO         5056    i.vTaskStartScheduler  tasks.o
    0x08008a78   0x08008a78   0x000000c8   Code   RO         5057    i.vTaskSuspend      tasks.o
    0x08008b40   0x08008b40   0x00000010   Code   RO         5058    i.vTaskSuspendAll   tasks.o
    0x08008b50   0x08008b50   0x00000090   Code   RO         5059    i.vTaskSwitchContext  tasks.o
    0x08008be0   0x08008be0   0x00000168   Code   RO         6062    i.xPortStartScheduler  port.o
    0x08008d48   0x08008d48   0x000000e0   Code   RO         4632    i.xQueueGenericCreateStatic  queue.o
    0x08008e28   0x08008e28   0x00000098   Code   RO         4633    i.xQueueGenericReset  queue.o
    0x08008ec0   0x08008ec0   0x000001a8   Code   RO         4634    i.xQueueGenericSend  queue.o
    0x08009068   0x08009068   0x000000f8   Code   RO         4635    i.xQueueGenericSendFromISR  queue.o
    0x08009160   0x08009160   0x00000168   Code   RO         4644    i.xQueueReceive     queue.o
    0x080092c8   0x080092c8   0x0000008c   Code   RO         5060    i.xTaskCheckForTimeOut  tasks.o
    0x08009354   0x08009354   0x00000064   Code   RO         5061    i.xTaskCreate       tasks.o
    0x080093b8   0x080093b8   0x000000ba   Code   RO         5062    i.xTaskCreateStatic  tasks.o
    0x08009472   0x08009472   0x00000002   PAD
    0x08009474   0x08009474   0x00000020   Code   RO         5066    i.xTaskGetSchedulerState  tasks.o
    0x08009494   0x08009494   0x0000000c   Code   RO         5067    i.xTaskGetTickCount  tasks.o
    0x080094a0   0x080094a0   0x00000144   Code   RO         5069    i.xTaskIncrementTick  tasks.o
    0x080095e4   0x080095e4   0x000000a4   Code   RO         5072    i.xTaskPriorityDisinherit  tasks.o
    0x08009688   0x08009688   0x00000098   Code   RO         5074    i.xTaskRemoveFromEventList  tasks.o
    0x08009720   0x08009720   0x00000104   Code   RO         5075    i.xTaskResumeAll    tasks.o
    0x08009824   0x08009824   0x00000078   Code   RO         5400    i.xTimerCreateTimerTask  timers.o
    0x0800989c   0x0800989c   0x00000084   Code   RO         5401    i.xTimerGenericCommand  timers.o
    0x08009920   0x08009920   0x00000120   Data   RO          247    .constdata          freertos.o
    0x08009a40   0x08009a40   0x00000008   Data   RO         1939    .constdata          stm32f4xx_hal_dma.o
    0x08009a48   0x08009a48   0x00000018   Data   RO         4406    .constdata          system_stm32f4xx.o
    0x08009a60   0x08009a60   0x00000040   Data   RO         6613    .constdata          jump_task.o
    0x08009aa0   0x08009aa0   0x00000020   Data   RO         7075    .constdata          m_wm.l(rredf.o)
    0x08009ac0   0x08009ac0   0x00000043   Data   RO          248    .conststring        freertos.o
    0x08009b03   0x08009b03   0x00000001   PAD
    0x08009b04   0x08009b04   0x00000020   Data   RO         7121    Region$$Table       anon$$obj.o


    Execution Region RW_IRAM1 (Exec base: 0x20000000, Load base: 0x08009b24, Size: 0x00006108, Max: 0x00030000, ABSOLUTE, COMPRESSED[0x000000e8])

    Exec Addr    Load Addr    Size         Type   Attr      Idx    E Section Name        Object

    0x20000000   COMPRESSED   0x00000020   Data   RW          249    .data               freertos.o
    0x20000020   COMPRESSED   0x00000004   Data   RW          367    .data               can.o
    0x20000024   COMPRESSED   0x00000009   Data   RW         2391    .data               stm32f4xx_hal.o
    0x2000002d   COMPRESSED   0x00000003   PAD
    0x20000030   COMPRESSED   0x00000004   Data   RW         4407    .data               system_stm32f4xx.o
    0x20000034   COMPRESSED   0x0000003c   Data   RW         5078    .data               tasks.o
    0x20000070   COMPRESSED   0x00000014   Data   RW         5409    .data               timers.o
    0x20000084   COMPRESSED   0x00000004   Data   RW         5627    .data               cmsis_os2.o
    0x20000088   COMPRESSED   0x00000018   Data   RW         6012    .data               heap_4.o
    0x200000a0   COMPRESSED   0x0000000c   Data   RW         6063    .data               port.o
    0x200000ac   COMPRESSED   0x00000012   Data   RW         6190    .data               can_receive.o
    0x200000be   COMPRESSED   0x00000002   PAD
    0x200000c0   COMPRESSED   0x00000015   Data   RW         6449    .data               remoctrl_task.o
    0x200000d5   COMPRESSED   0x00000003   PAD
    0x200000d8   COMPRESSED   0x0000000c   Data   RW         6507    .data               motor_task.o
    0x200000e4   COMPRESSED   0x00000044   Data   RW         6557    .data               ahrs_task.o
    0x20000128   COMPRESSED   0x000003e9   Data   RW         6594    .data               gait_param.o
    0x20000511   COMPRESSED   0x00000003   PAD
    0x20000514   COMPRESSED   0x00000005   Data   RW         6614    .data               jump_task.o
    0x20000519   COMPRESSED   0x00000003   PAD
    0x2000051c   COMPRESSED   0x0000000c   Data   RW         6659    .data               posture_task.o
    0x20000528   COMPRESSED   0x00000009   Data   RW         6727    .data               standup_task.o
    0x20000531   COMPRESSED   0x00000002   Data   RW         6787    .data               serial.o
    0x20000533   COMPRESSED   0x00000001   PAD
    0x20000534   COMPRESSED   0x00000004   Data   RW         7102    .data               mc_w.l(errno.o)
    0x20000538        -       0x00000050   Zero   RW          366    .bss                can.o
    0x20000588        -       0x00000054   Zero   RW          438    .bss                i2c.o
    0x200005dc        -       0x00000220   Zero   RW          486    .bss                usart.o
    0x200007fc        -       0x00000040   Zero   RW          707    .bss                stm32f4xx_hal_timebase_tim.o
    0x2000083c        -       0x00000096   Zero   RW         1032    .bss                app_ebf_piddebug.o
    0x200008d2   COMPRESSED   0x00000002   PAD
    0x200008d4        -       0x00000040   Zero   RW         4648    .bss                queue.o
    0x20000914        -       0x000004c4   Zero   RW         5077    .bss                tasks.o
    0x20000dd8        -       0x00000118   Zero   RW         5408    .bss                timers.o
    0x20000ef0        -       0x000006b8   Zero   RW         5626    .bss                cmsis_os2.o
    0x200015a8        -       0x00003c00   Zero   RW         6011    .bss                heap_4.o
    0x200051a8        -       0x00000110   Zero   RW         6189    .bss                can_receive.o
    0x200052b8        -       0x00000020   Zero   RW         6448    .bss                remoctrl_task.o
    0x200052d8        -       0x00000738   Zero   RW         6506    .bss                motor_task.o
    0x20005a10        -       0x0000001c   Zero   RW         6556    .bss                ahrs_task.o
    0x20005a2c        -       0x00000160   Zero   RW         6593    .bss                gait_param.o
    0x20005b8c        -       0x00000020   Zero   RW         6612    .bss                jump_task.o
    0x20005bac        -       0x00000020   Zero   RW         6658    .bss                posture_task.o
    0x20005bcc        -       0x00000035   Zero   RW         6786    .bss                serial.o
    0x20005c01   COMPRESSED   0x00000003   PAD
    0x20005c04        -       0x00000100   Zero   RW         6839    .bss                dm8009_drv.o
    0x20005d04   COMPRESSED   0x00000004   PAD
    0x20005d08        -       0x00000400   Zero   RW            1    STACK               startup_stm32f427xx.o


==============================================================================

Image component sizes


      Code (inc. data)   RO Data    RW Data    ZI Data      Debug   Object Name

       260         56          0         68         28       5682   ahrs_task.o
        76          0          0          0          0       1678   app_btdebug.o
       122          6          0          0        150       4960   app_ebf_piddebug.o
        92          8          0          0          0        610   bsp_can.o
       492         42          0          4         80       2634   can.o
        92         10          0         18        272     613952   can_receive.o
       598         50          0          4       1720      33149   cmsis_os2.o
       404         12          0          0          0       2439   cycloid_generator.o
         2          0          0          0          0        558   detect_task.o
       404         40          0          0        256       4173   dm8009_drv.o
      1112         28          0          0          0       2301   dm_j8009_ctrl.o
        56          4          0          0          0        842   dma.o
         0          0          0          0          0      18488   event_groups.o
       222         96        355         32          0       6932   freertos.o
         0          0          0       1001        352       2202   gait_param.o
       220          4          0          0          0       1087   gpio.o
       692         62          0         24      15360       4995   heap_4.o
       240         26          0          0         84       1841   i2c.o
      1544        104         64          5         32       4079   jump_task.o
       148          0          0          0          0       3790   list.o
       290         14          0          0          0     769561   main.o
       412         32          0         12       1848       2299   motor_task.o
       600          6          0          0          0       3543   pid.o
      1014         92          0         12          0      12153   port.o
      1936        156          0         12         32       4396   posture_task.o
        28         10          0          0          0        563   process_task.o
      1918         20          0          0         64      17936   queue.o
      1460         62          0         21         32       5752   remoctrl_task.o
       340         48          0          2         53       5028   serial.o
       220         36          0          9          0       1078   standup_task.o
       258          8          0          0          0       2804   stanford_type.o
        36          8        428          0       1024        876   startup_stm32f427xx.o
       136         24          0          9          0       9138   stm32f4xx_hal.o
      2188          6          0          0          0      15833   stm32f4xx_hal_can.o
       252         22          0          0          0      33898   stm32f4xx_hal_cortex.o
      1442         16          8          0          0       8009   stm32f4xx_hal_dma.o
       540         54          0          0          0       1748   stm32f4xx_hal_gpio.o
      4300         48          0          0          0      24013   stm32f4xx_hal_i2c.o
       156          0          0          0          0       2031   stm32f4xx_hal_i2c_ex.o
        84          6          0          0          0        938   stm32f4xx_hal_msp.o
       140         12          0          0          0       1356   stm32f4xx_hal_pwr_ex.o
      1868         94          0          0          0       6569   stm32f4xx_hal_rcc.o
       726         46          0          0          0       6710   stm32f4xx_hal_tim.o
         4          0          0          0          0       1681   stm32f4xx_hal_tim_ex.o
       140         18          0          0         64       1583   stm32f4xx_hal_timebase_tim.o
      2956         26          0          0          0      16514   stm32f4xx_hal_uart.o
       210         70          0          0          0       8974   stm32f4xx_it.o
        28          4         24          4          0       1271   system_stm32f4xx.o
      3452        408          0         60       1220      32477   tasks.o
      1318        124          0         20        280      33447   timers.o
       868         88          0          0        544       4242   usart.o

    ----------------------------------------------------------------------
     36126       2106        912       1332      23504    1752813   Object Totals
         0          0         32          0          0          0   (incl. Generated)
        30          0          1         15          9          0   (incl. Padding)

    ----------------------------------------------------------------------

      Code (inc. data)   RO Data    RW Data    ZI Data      Debug   Library Member Name

       280         46          0          0          0        176   acosf.o
       300         42          0          0          0        176   asinf.o
       336         56          0          0          0        136   cosf.o
       176          0          0          0          0        168   fmodf.o
        38          0          0          0          0        116   fpclassifyf.o
        38         12          0          0          0        348   funder.o
       340         24         32          0          0        160   rredf.o
       400         56          0          0          0        212   sinf.o
       120          0          0          0          0        272   sqrtf.o
        86          0          0          0          0          0   __dczerorl2.o
         0          0          0          0          0          0   entry.o
         0          0          0          0          0          0   entry10a.o
         0          0          0          0          0          0   entry11a.o
         4          0          0          0          0          0   entry12b.o
         8          4          0          0          0          0   entry2.o
         4          0          0          0          0          0   entry5.o
         0          0          0          0          0          0   entry7b.o
         0          0          0          0          0          0   entry8b.o
         8          4          0          0          0          0   entry9a.o
        12          6          0          4          0         68   errno.o
        30          0          0          0          0          0   handlers.o
        36          8          0          0          0         68   init.o
         0          0          0          0          0          0   iusefp.o
        30          0          0          0          0         68   llshl.o
        32          0          0          0          0         68   llushr.o
        36          0          0          0          0         68   memcpya.o
        36          0          0          0          0        108   memseta.o
        98          0          0          0          0         92   uldiv.o
       110          0          0          0          0        168   fepilogue.o
        82          0          0          0          0         96   frem.o

    ----------------------------------------------------------------------
      2646        258         32          4          0       2568   Library Totals
         6          0          0          0          0          0   (incl. Padding)

    ----------------------------------------------------------------------

      Code (inc. data)   RO Data    RW Data    ZI Data      Debug   Library Name

      2028        236         32          0          0       1764   m_wm.l
       420         22          0          4          0        540   mc_w.l
       192          0          0          0          0        264   mf_w.l

    ----------------------------------------------------------------------
      2646        258         32          4          0       2568   Library Totals

    ----------------------------------------------------------------------

==============================================================================


      Code (inc. data)   RO Data    RW Data    ZI Data      Debug   

     38772       2364        944       1336      23504    1728253   Grand Totals
     38772       2364        944        232      23504    1728253   ELF Image Totals (compressed)
     38772       2364        944        232          0          0   ROM Totals

==============================================================================

    Total RO  Size (Code + RO Data)                39716 (  38.79kB)
    Total RW  Size (RW Data + ZI Data)             24840 (  24.26kB)
    Total ROM Size (Code + RO Data + RW Data)      39948 (  39.01kB)

==============================================================================

