Component: ARM Compiler 5.06 update 7 (build 960) Tool: armlink [4d3601]

==============================================================================

Section Cross References

    startup_stm32f427xx.o(RESET) refers to startup_stm32f427xx.o(STACK) for __initial_sp
    startup_stm32f427xx.o(RESET) refers to startup_stm32f427xx.o(.text) for Reset_Handler
    startup_stm32f427xx.o(RESET) refers to stm32f4xx_it.o(i.NMI_Handler) for NMI_Handler
    startup_stm32f427xx.o(RESET) refers to stm32f4xx_it.o(i.HardFault_Handler) for HardFault_Handler
    startup_stm32f427xx.o(RESET) refers to stm32f4xx_it.o(i.MemManage_Handler) for MemManage_Handler
    startup_stm32f427xx.o(RESET) refers to stm32f4xx_it.o(i.BusFault_Handler) for BusFault_Handler
    startup_stm32f427xx.o(RESET) refers to stm32f4xx_it.o(i.UsageFault_Handler) for UsageFault_Handler
    startup_stm32f427xx.o(RESET) refers to port.o(.emb_text) for SVC_Handler
    startup_stm32f427xx.o(RESET) refers to stm32f4xx_it.o(i.DebugMon_Handler) for DebugMon_Handler
    startup_stm32f427xx.o(RESET) refers to port.o(i.SysTick_Handler) for SysTick_Handler
    startup_stm32f427xx.o(RESET) refers to stm32f4xx_it.o(i.DMA1_Stream0_IRQHandler) for DMA1_Stream0_IRQHandler
    startup_stm32f427xx.o(RESET) refers to stm32f4xx_it.o(i.DMA1_Stream6_IRQHandler) for DMA1_Stream6_IRQHandler
    startup_stm32f427xx.o(RESET) refers to stm32f4xx_it.o(i.CAN1_RX0_IRQHandler) for CAN1_RX0_IRQHandler
    startup_stm32f427xx.o(RESET) refers to stm32f4xx_it.o(i.I2C2_EV_IRQHandler) for I2C2_EV_IRQHandler
    startup_stm32f427xx.o(RESET) refers to stm32f4xx_it.o(i.USART1_IRQHandler) for USART1_IRQHandler
    startup_stm32f427xx.o(RESET) refers to stm32f4xx_it.o(i.TIM6_DAC_IRQHandler) for TIM6_DAC_IRQHandler
    startup_stm32f427xx.o(RESET) refers to stm32f4xx_it.o(i.DMA2_Stream2_IRQHandler) for DMA2_Stream2_IRQHandler
    startup_stm32f427xx.o(RESET) refers to stm32f4xx_it.o(i.CAN2_RX0_IRQHandler) for CAN2_RX0_IRQHandler
    startup_stm32f427xx.o(RESET) refers to stm32f4xx_it.o(i.DMA2_Stream5_IRQHandler) for DMA2_Stream5_IRQHandler
    startup_stm32f427xx.o(RESET) refers to stm32f4xx_it.o(i.UART7_IRQHandler) for UART7_IRQHandler
    startup_stm32f427xx.o(RESET) refers to stm32f4xx_it.o(i.UART8_IRQHandler) for UART8_IRQHandler
    startup_stm32f427xx.o(.text) refers to system_stm32f4xx.o(i.SystemInit) for SystemInit
    startup_stm32f427xx.o(.text) refers to entry.o(.ARM.Collect$$$$00000000) for __main
    main.o(i.HAL_TIM_PeriodElapsedCallback) refers to stm32f4xx_hal.o(i.HAL_IncTick) for HAL_IncTick
    main.o(i.SystemClock_Config) refers to memseta.o(.text) for __aeabi_memclr4
    main.o(i.SystemClock_Config) refers to stm32f4xx_hal_rcc.o(i.HAL_RCC_OscConfig) for HAL_RCC_OscConfig
    main.o(i.SystemClock_Config) refers to main.o(i.Error_Handler) for Error_Handler
    main.o(i.SystemClock_Config) refers to stm32f4xx_hal_pwr_ex.o(i.HAL_PWREx_EnableOverDrive) for HAL_PWREx_EnableOverDrive
    main.o(i.SystemClock_Config) refers to stm32f4xx_hal_rcc.o(i.HAL_RCC_ClockConfig) for HAL_RCC_ClockConfig
    main.o(i.main) refers to stm32f4xx_hal.o(i.HAL_Init) for HAL_Init
    main.o(i.main) refers to main.o(i.SystemClock_Config) for SystemClock_Config
    main.o(i.main) refers to gpio.o(i.MX_GPIO_Init) for MX_GPIO_Init
    main.o(i.main) refers to dma.o(i.MX_DMA_Init) for MX_DMA_Init
    main.o(i.main) refers to can.o(i.MX_CAN1_Init) for MX_CAN1_Init
    main.o(i.main) refers to can.o(i.MX_CAN2_Init) for MX_CAN2_Init
    main.o(i.main) refers to i2c.o(i.MX_I2C2_Init) for MX_I2C2_Init
    main.o(i.main) refers to usart.o(i.MX_USART6_UART_Init) for MX_USART6_UART_Init
    main.o(i.main) refers to usart.o(i.USART1_Init) for USART1_Init
    main.o(i.main) refers to usart.o(i.MX_UART7_Init) for MX_UART7_Init
    main.o(i.main) refers to jy901s.o(i.JY901_Init) for JY901_Init
    main.o(i.main) refers to dm8009.o(i.DM8009_Init) for DM8009_Init
    main.o(i.main) refers to serial.o(i.RC_Start) for RC_Start
    main.o(i.main) refers to stm32f4xx_hal.o(i.HAL_Delay) for HAL_Delay
    main.o(i.main) refers to cmsis_os2.o(i.osKernelInitialize) for osKernelInitialize
    main.o(i.main) refers to freertos.o(i.MX_FREERTOS_Init) for MX_FREERTOS_Init
    main.o(i.main) refers to cmsis_os2.o(i.osKernelStart) for osKernelStart
    freertos.o(i.MX_FREERTOS_Init) refers to cmsis_os2.o(i.osThreadNew) for osThreadNew
    freertos.o(i.MX_FREERTOS_Init) refers to freertos.o(.constdata) for Detect_attributes
    freertos.o(i.MX_FREERTOS_Init) refers to detect_task.o(i.Detect_Task) for Detect_Task
    freertos.o(i.MX_FREERTOS_Init) refers to freertos.o(.data) for DetectHandle
    freertos.o(i.MX_FREERTOS_Init) refers to ahrs_task.o(i.AHRS_Task) for AHRS_Task
    freertos.o(i.MX_FREERTOS_Init) refers to remoctrl_task.o(i.RemoCtrl_Task) for RemoCtrl_Task
    freertos.o(i.MX_FREERTOS_Init) refers to motor_task.o(i.Motor_Task) for Motor_Task
[...]
    UART5_IRQHandler                         0x0800029f   Thumb Code     0  startup_stm32f427xx.o(.text)
    USART2_IRQHandler                        0x0800029f   Thumb Code     0  startup_stm32f427xx.o(.text)
    USART3_IRQHandler                        0x0800029f   Thumb Code     0  startup_stm32f427xx.o(.text)
    USART6_IRQHandler                        0x0800029f   Thumb Code     0  startup_stm32f427xx.o(.text)
    WWDG_IRQHandler                          0x0800029f   Thumb Code     0  startup_stm32f427xx.o(.text)
    __aeabi_uldivmod                         0x080002a9   Thumb Code    98  uldiv.o(.text)
    __aeabi_memcpy                           0x0800030b   Thumb Code    36  memcpya.o(.text)
    __aeabi_memcpy4                          0x0800030b   Thumb Code     0  memcpya.o(.text)
    __aeabi_memcpy8                          0x0800030b   Thumb Code     0  memcpya.o(.text)
    __aeabi_memset                           0x0800032f   Thumb Code    14  memseta.o(.text)
    __aeabi_memset4                          0x0800032f   Thumb Code     0  memseta.o(.text)
    __aeabi_memset8                          0x0800032f   Thumb Code     0  memseta.o(.text)
    __aeabi_memclr                           0x0800033d   Thumb Code     4  memseta.o(.text)
    __aeabi_memclr4                          0x0800033d   Thumb Code     0  memseta.o(.text)
    __aeabi_memclr8                          0x0800033d   Thumb Code     0  memseta.o(.text)
    memset                                   0x08000341   Thumb Code    18  memseta.o(.text)
    __aeabi_dmul                             0x08000353   Thumb Code   228  dmul.o(.text)
    __aeabi_ddiv                             0x08000437   Thumb Code   222  ddiv.o(.text)
    __aeabi_i2d                              0x08000515   Thumb Code    34  dflti.o(.text)
    __aeabi_f2d                              0x08000537   Thumb Code    38  f2d.o(.text)
    __aeabi_cdcmpeq                          0x0800055d   Thumb Code     0  cdcmple.o(.text)
    __aeabi_cdcmple                          0x0800055d   Thumb Code    48  cdcmple.o(.text)
    __aeabi_cdrcmple                         0x0800058d   Thumb Code    48  cdrcmple.o(.text)
    __aeabi_d2f                              0x080005bd   Thumb Code    56  d2f.o(.text)
    __aeabi_llsl                             0x080005f5   Thumb Code    30  llshl.o(.text)
    _ll_shift_l                              0x080005f5   Thumb Code     0  llshl.o(.text)
    __aeabi_llsr                             0x08000613   Thumb Code    32  llushr.o(.text)
    _ll_ushift_r                             0x08000613   Thumb Code     0  llushr.o(.text)
    __I$use$fp                               0x08000633   Thumb Code     0  iusefp.o(.text)
    _float_round                             0x08000633   Thumb Code    18  fepilogue.o(.text)
    _float_epilogue                          0x08000645   Thumb Code    92  fepilogue.o(.text)
    _frem                                    0x080006a1   Thumb Code    82  frem.o(.text)
    _double_round                            0x080006f3   Thumb Code    30  depilogue.o(.text)
    _double_epilogue                         0x08000711   Thumb Code   156  depilogue.o(.text)
    __scatterload                            0x080007ad   Thumb Code    28  init.o(.text)
    __scatterload_rt2                        0x080007ad   Thumb Code     0  init.o(.text)
    __decompress                             0x080007d1   Thumb Code     0  __dczerorl2.o(.text)
    __decompress1                            0x080007d1   Thumb Code    86  __dczerorl2.o(.text)
    AHRS_Task                                0x08000829   Thumb Code    30  ahrs_task.o(i.AHRS_Task)
    BTDebug_TransmitPackage                  0x08000855   Thumb Code    76  app_btdebug.o(i.BTDebug_TransmitPackage)
    BusFault_Handler                         0x080008a1   Thumb Code     4  stm32f4xx_it.o(i.BusFault_Handler)
    CAN1_RX0_IRQHandler                      0x080008a5   Thumb Code    10  stm32f4xx_it.o(i.CAN1_RX0_IRQHandler)
    CAN2_RX0_IRQHandler                      0x080008b5   Thumb Code    10  stm32f4xx_it.o(i.CAN2_RX0_IRQHandler)
    CTRL_DM_J8009_MIT                        0x080008c5   Thumb Code   232  dm8009_drv.o(i.CTRL_DM_J8009_MIT)
    Calculate_Gait                           0x080009cd   Thumb Code  1416  posture_task.o(i.Calculate_Gait)
    Change_NowState                          0x08000f71   Thumb Code    32  posture_task.o(i.Change_NowState)
    Change_RmVAL                             0x08000f9d   Thumb Code  3498  remoctrl_task.o(i.Change_RmVAL)
    CopeSerial2Data                          0x08001d51   Thumb Code   656  jy901s.o(i.CopeSerial2Data)
    Ctrl_byRemoctrl                          0x08002015   Thumb Code   348  remoctrl_task.o(i.Ctrl_byRemoctrl)
    Cycloid_Generator_Calc                   0x0800217d   Thumb Code   392  cycloid_generator.o(i.Cycloid_Generator_Calc)
    DISABLE_DM_J8009                         0x08002311   Thumb Code    62  dm8009_drv.o(i.DISABLE_DM_J8009)
    DM8009_Init                              0x08002359   Thumb Code   216  dm8009.o(i.DM8009_Init)
    DMA1_Stream0_IRQHandler                  0x08002455   Thumb Code    18  stm32f4xx_it.o(i.DMA1_Stream0_IRQHandler)
    DMA1_Stream6_IRQHandler                  0x08002471   Thumb Code    10  stm32f4xx_it.o(i.DMA1_Stream6_IRQHandler)
    DMA2_Stream2_IRQHandler                  0x08002481   Thumb Code    10  stm32f4xx_it.o(i.DMA2_Stream2_IRQHandler)
    DMA2_Stream5_IRQHandler                  0x08002491   Thumb Code    10  stm32f4xx_it.o(i.DMA2_Stream5_IRQHandler)
    DebugMon_Handler                         0x080025ab   Thumb Code     2  stm32f4xx_it.o(i.DebugMon_Handler)
    Detect_Task                              0x080025ad   Thumb Code    76  detect_task.o(i.Detect_Task)
    EBFPIDDebuger_Data_Receive               0x080025fd   Thumb Code    46  app_ebf_piddebug.o(i.EBFPIDDebuger_Data_Receive)
    ENABLE_DM_J8009                          0x08002631   Thumb Code    62  dm8009_drv.o(i.ENABLE_DM_J8009)
    Error_Handler                            0x08002679   Thumb Code     6  main.o(i.Error_Handler)
    FEEDBACK_DATA_DM_J8009                   0x08002681   Thumb Code   188  dm8009_drv.o(i.FEEDBACK_DATA_DM_J8009)
    HAL_CAN_ActivateNotification             0x08002751   Thumb Code    42  stm32f4xx_hal_can.o(i.HAL_CAN_ActivateNotification)
    HAL_CAN_AddTxMessage                     0x0800277b   Thumb Code   342  stm32f4xx_hal_can.o(i.HAL_CAN_AddTxMessage)
    HAL_CAN_ConfigFilter                     0x080028d1   Thumb Code   286  stm32f4xx_hal_can.o(i.HAL_CAN_ConfigFilter)
    HAL_CAN_ErrorCallback                    0x080029f5   Thumb Code     2  stm32f4xx_hal_can.o(i.HAL_CAN_ErrorCallback)
    HAL_CAN_GetRxMessage                     0x080029f7   Thumb Code   378  stm32f4xx_hal_can.o(i.HAL_CAN_GetRxMessage)
    HAL_CAN_GetTxMailboxesFreeLevel          0x08002b71   Thumb Code    54  stm32f4xx_hal_can.o(i.HAL_CAN_GetTxMailboxesFreeLevel)
    HAL_CAN_IRQHandler                       0x08002ba7   Thumb Code   590  stm32f4xx_hal_can.o(i.HAL_CAN_IRQHandler)
    HAL_CAN_Init                             0x08002df5   Thumb Code   372  stm32f4xx_hal_can.o(i.HAL_CAN_Init)
    HAL_CAN_MspInit                          0x08002f69   Thumb Code   330  can.o(i.HAL_CAN_MspInit)
    HAL_CAN_RxFifo0FullCallback              0x080030cd   Thumb Code     2  stm32f4xx_hal_can.o(i.HAL_CAN_RxFifo0FullCallback)
    HAL_CAN_RxFifo0MsgPendingCallback        0x080030d1   Thumb Code    54  dm8009.o(i.HAL_CAN_RxFifo0MsgPendingCallback)
    HAL_CAN_RxFifo1FullCallback              0x08003111   Thumb Code     2  stm32f4xx_hal_can.o(i.HAL_CAN_RxFifo1FullCallback)
    HAL_CAN_RxFifo1MsgPendingCallback        0x08003113   Thumb Code     2  stm32f4xx_hal_can.o(i.HAL_CAN_RxFifo1MsgPendingCallback)
    HAL_CAN_SleepCallback                    0x08003115   Thumb Code     2  stm32f4xx_hal_can.o(i.HAL_CAN_SleepCallback)
    HAL_CAN_Start                            0x08003117   Thumb Code    94  stm32f4xx_hal_can.o(i.HAL_CAN_Start)
    HAL_CAN_TxMailbox0AbortCallback          0x08003175   Thumb Code     2  stm32f4xx_hal_can.o(i.HAL_CAN_TxMailbox0AbortCallback)
    HAL_CAN_TxMailbox0CompleteCallback       0x08003177   Thumb Code     2  stm32f4xx_hal_can.o(i.HAL_CAN_TxMailbox0CompleteCallback)
    HAL_CAN_TxMailbox1AbortCallback          0x08003179   Thumb Code     2  stm32f4xx_hal_can.o(i.HAL_CAN_TxMailbox1AbortCallback)
    HAL_CAN_TxMailbox1CompleteCallback       0x0800317b   Thumb Code     2  stm32f4xx_hal_can.o(i.HAL_CAN_TxMailbox1CompleteCallback)
    HAL_CAN_TxMailbox2AbortCallback          0x0800317d   Thumb Code     2  stm32f4xx_hal_can.o(i.HAL_CAN_TxMailbox2AbortCallback)
    HAL_CAN_TxMailbox2CompleteCallback       0x0800317f   Thumb Code     2  stm32f4xx_hal_can.o(i.HAL_CAN_TxMailbox2CompleteCallback)
    HAL_CAN_WakeUpFromRxMsgCallback          0x08003181   Thumb Code     2  stm32f4xx_hal_can.o(i.HAL_CAN_WakeUpFromRxMsgCallback)
    HAL_DMA_Abort                            0x08003183   Thumb Code   170  stm32f4xx_hal_dma.o(i.HAL_DMA_Abort)
    HAL_DMA_Abort_IT                         0x0800322d   Thumb Code    40  stm32f4xx_hal_dma.o(i.HAL_DMA_Abort_IT)
    HAL_DMA_GetState                         0x08003255   Thumb Code     8  stm32f4xx_hal_dma.o(i.HAL_DMA_GetState)
    HAL_DMA_IRQHandler                       0x0800325d   Thumb Code   570  stm32f4xx_hal_dma.o(i.HAL_DMA_IRQHandler)
    HAL_DMA_Init                             0x0800349d   Thumb Code   232  stm32f4xx_hal_dma.o(i.HAL_DMA_Init)
    HAL_DMA_Start_IT                         0x08003589   Thumb Code   146  stm32f4xx_hal_dma.o(i.HAL_DMA_Start_IT)
    HAL_Delay                                0x0800361d   Thumb Code    36  stm32f4xx_hal.o(i.HAL_Delay)
    HAL_GPIO_Init                            0x08003645   Thumb Code   486  stm32f4xx_hal_gpio.o(i.HAL_GPIO_Init)
    HAL_GetTick                              0x08003861   Thumb Code     6  stm32f4xx_hal.o(i.HAL_GetTick)
    HAL_I2CEx_ConfigAnalogFilter             0x0800386d   Thumb Code    76  stm32f4xx_hal_i2c_ex.o(i.HAL_I2CEx_ConfigAnalogFilter)
    HAL_I2CEx_ConfigDigitalFilter            0x080038b9   Thumb Code    80  stm32f4xx_hal_i2c_ex.o(i.HAL_I2CEx_ConfigDigitalFilter)
    HAL_I2C_AbortCpltCallback                0x08003909   Thumb Code     2  stm32f4xx_hal_i2c.o(i.HAL_I2C_AbortCpltCallback)
    HAL_I2C_AddrCallback                     0x0800390b   Thumb Code     2  stm32f4xx_hal_i2c.o(i.HAL_I2C_AddrCallback)
    HAL_I2C_EV_IRQHandler                    0x0800390d   Thumb Code   468  stm32f4xx_hal_i2c.o(i.HAL_I2C_EV_IRQHandler)
    HAL_I2C_ErrorCallback                    0x08003ae1   Thumb Code     2  stm32f4xx_hal_i2c.o(i.HAL_I2C_ErrorCallback)
    HAL_I2C_Init                             0x08003ae5   Thumb Code   446  stm32f4xx_hal_i2c.o(i.HAL_I2C_Init)
    HAL_I2C_ListenCpltCallback               0x08003cb5   Thumb Code     2  stm32f4xx_hal_i2c.o(i.HAL_I2C_ListenCpltCallback)
    HAL_I2C_MasterRxCpltCallback             0x08003cb7   Thumb Code     2  stm32f4xx_hal_i2c.o(i.HAL_I2C_MasterRxCpltCallback)
    HAL_I2C_MasterTxCpltCallback             0x08003cb9   Thumb Code     2  stm32f4xx_hal_i2c.o(i.HAL_I2C_MasterTxCpltCallback)
    HAL_I2C_MemRxCpltCallback                0x08003cbb   Thumb Code     2  stm32f4xx_hal_i2c.o(i.HAL_I2C_MemRxCpltCallback)
    HAL_I2C_MemTxCpltCallback                0x08003cbd   Thumb Code     2  stm32f4xx_hal_i2c.o(i.HAL_I2C_MemTxCpltCallback)
    HAL_I2C_MspInit                          0x08003cc1   Thumb Code   138  i2c.o(i.HAL_I2C_MspInit)
    HAL_I2C_SlaveRxCpltCallback              0x08003d59   Thumb Code     2  stm32f4xx_hal_i2c.o(i.HAL_I2C_SlaveRxCpltCallback)
    HAL_I2C_SlaveTxCpltCallback              0x08003d5b   Thumb Code     2  stm32f4xx_hal_i2c.o(i.HAL_I2C_SlaveTxCpltCallback)
    HAL_IncTick                              0x08003d5d   Thumb Code    16  stm32f4xx_hal.o(i.HAL_IncTick)
    HAL_Init                                 0x08003d75   Thumb Code    54  stm32f4xx_hal.o(i.HAL_Init)
    HAL_InitTick                             0x08003db1   Thumb Code   122  stm32f4xx_hal_timebase_tim.o(i.HAL_InitTick)
    HAL_MspInit                              0x08003e3d   Thumb Code    78  stm32f4xx_hal_msp.o(i.HAL_MspInit)
    HAL_NVIC_EnableIRQ                       0x08003e91   Thumb Code    32  stm32f4xx_hal_cortex.o(i.HAL_NVIC_EnableIRQ)
    HAL_NVIC_SetPriority                     0x08003eb1   Thumb Code   124  stm32f4xx_hal_cortex.o(i.HAL_NVIC_SetPriority)
    HAL_NVIC_SetPriorityGrouping             0x08003f2d   Thumb Code    32  stm32f4xx_hal_cortex.o(i.HAL_NVIC_SetPriorityGrouping)
    HAL_PWREx_EnableOverDrive                0x08003f55   Thumb Code   128  stm32f4xx_hal_pwr_ex.o(i.HAL_PWREx_EnableOverDrive)
    HAL_RCC_ClockConfig                      0x08003fe1   Thumb Code   368  stm32f4xx_hal_rcc.o(i.HAL_RCC_ClockConfig)
    HAL_RCC_GetClockConfig                   0x08004165   Thumb Code    58  stm32f4xx_hal_rcc.o(i.HAL_RCC_GetClockConfig)
    HAL_RCC_GetHCLKFreq                      0x080041a9   Thumb Code     6  stm32f4xx_hal_rcc.o(i.HAL_RCC_GetHCLKFreq)
    HAL_RCC_GetPCLK1Freq                     0x080041b5   Thumb Code    22  stm32f4xx_hal_rcc.o(i.HAL_RCC_GetPCLK1Freq)
    HAL_RCC_GetPCLK2Freq                     0x080041d5   Thumb Code    22  stm32f4xx_hal_rcc.o(i.HAL_RCC_GetPCLK2Freq)
    HAL_RCC_GetSysClockFreq                  0x080041f5   Thumb Code   162  stm32f4xx_hal_rcc.o(i.HAL_RCC_GetSysClockFreq)
    HAL_RCC_OscConfig                        0x080042a5   Thumb Code  1152  stm32f4xx_hal_rcc.o(i.HAL_RCC_OscConfig)
    HAL_TIMEx_BreakCallback                  0x0800472d   Thumb Code     2  stm32f4xx_hal_tim_ex.o(i.HAL_TIMEx_BreakCallback)
    HAL_TIMEx_CommutCallback                 0x0800472f   Thumb Code     2  stm32f4xx_hal_tim_ex.o(i.HAL_TIMEx_CommutCallback)
    HAL_TIM_Base_Init                        0x08004731   Thumb Code    52  stm32f4xx_hal_tim.o(i.HAL_TIM_Base_Init)
    HAL_TIM_Base_MspInit                     0x08004765   Thumb Code     2  stm32f4xx_hal_tim.o(i.HAL_TIM_Base_MspInit)
    HAL_TIM_Base_Start_IT                    0x08004767   Thumb Code    42  stm32f4xx_hal_tim.o(i.HAL_TIM_Base_Start_IT)
    HAL_TIM_IC_CaptureCallback               0x08004791   Thumb Code     2  stm32f4xx_hal_tim.o(i.HAL_TIM_IC_CaptureCallback)
    HAL_TIM_IRQHandler                       0x08004793   Thumb Code   406  stm32f4xx_hal_tim.o(i.HAL_TIM_IRQHandler)
    HAL_TIM_OC_DelayElapsedCallback          0x08004929   Thumb Code     2  stm32f4xx_hal_tim.o(i.HAL_TIM_OC_DelayElapsedCallback)
    HAL_TIM_PWM_PulseFinishedCallback        0x0800492b   Thumb Code     2  stm32f4xx_hal_tim.o(i.HAL_TIM_PWM_PulseFinishedCallback)
    HAL_TIM_PeriodElapsedCallback            0x0800492d   Thumb Code    18  main.o(i.HAL_TIM_PeriodElapsedCallback)
    HAL_TIM_TriggerCallback                  0x08004945   Thumb Code     2  stm32f4xx_hal_tim.o(i.HAL_TIM_TriggerCallback)
    HAL_UART_DMAStop                         0x08004947   Thumb Code   102  stm32f4xx_hal_uart.o(i.HAL_UART_DMAStop)
    HAL_UART_ErrorCallback                   0x080049ad   Thumb Code     2  stm32f4xx_hal_uart.o(i.HAL_UART_ErrorCallback)
    HAL_UART_IRQHandler                      0x080049b1   Thumb Code   336  stm32f4xx_hal_uart.o(i.HAL_UART_IRQHandler)
    HAL_UART_Init                            0x08004b05   Thumb Code   114  stm32f4xx_hal_uart.o(i.HAL_UART_Init)
    HAL_UART_MspInit                         0x08004b79   Thumb Code   528  usart.o(i.HAL_UART_MspInit)
    HAL_UART_Receive                         0x08004dad   Thumb Code   224  stm32f4xx_hal_uart.o(i.HAL_UART_Receive)
    HAL_UART_Receive_DMA                     0x08004e8d   Thumb Code   182  stm32f4xx_hal_uart.o(i.HAL_UART_Receive_DMA)
    HAL_UART_Receive_IT                      0x08004f51   Thumb Code   112  stm32f4xx_hal_uart.o(i.HAL_UART_Receive_IT)
    HAL_UART_RxCpltCallback                  0x08004fc1   Thumb Code    80  serial.o(i.HAL_UART_RxCpltCallback)
    HAL_UART_RxHalfCpltCallback              0x08005029   Thumb Code     2  stm32f4xx_hal_uart.o(i.HAL_UART_RxHalfCpltCallback)
    HAL_UART_Transmit                        0x0800502b   Thumb Code   216  stm32f4xx_hal_uart.o(i.HAL_UART_Transmit)
    HAL_UART_Transmit_DMA                    0x08005105   Thumb Code   142  stm32f4xx_hal_uart.o(i.HAL_UART_Transmit_DMA)
    HAL_UART_TxCpltCallback                  0x080051a1   Thumb Code     2  stm32f4xx_hal_uart.o(i.HAL_UART_TxCpltCallback)
    HAL_UART_TxHalfCpltCallback              0x080051a3   Thumb Code     2  stm32f4xx_hal_uart.o(i.HAL_UART_TxHalfCpltCallback)
    HardFault_Handler                        0x080051a5   Thumb Code     4  stm32f4xx_it.o(i.HardFault_Handler)
    I2C2_EV_IRQHandler                       0x080051a9   Thumb Code    10  stm32f4xx_it.o(i.I2C2_EV_IRQHandler)
    IKUN_State                               0x08005ecd   Thumb Code   184  posture_task.o(i.IKUN_State)
    JY901_Init                               0x08005f99   Thumb Code   124  jy901s.o(i.JY901_Init)
    JY901_Read                               0x08006031   Thumb Code    78  jy901s.o(i.JY901_Read)
    JY901_sendcmd                            0x08006085   Thumb Code    16  jy901s.o(i.JY901_sendcmd)
    Jump_OnlyOnce                            0x08006099   Thumb Code  1228  jump_task.o(i.Jump_OnlyOnce)
    Jump_Task                                0x0800656d   Thumb Code    52  jump_task.o(i.Jump_Task)
    LED_Off                                  0x080065ad   Thumb Code    40  drv_led.o(i.LED_Off)
    LED_On                                   0x080065e1   Thumb Code    40  drv_led.o(i.LED_On)
    MX_CAN1_Init                             0x08006621   Thumb Code    60  can.o(i.MX_CAN1_Init)
    MX_CAN2_Init                             0x08006665   Thumb Code    60  can.o(i.MX_CAN2_Init)
    MX_DMA_Init                              0x080066a9   Thumb Code    52  dma.o(i.MX_DMA_Init)
    MX_FREERTOS_Init                         0x080066e1   Thumb Code   116  freertos.o(i.MX_FREERTOS_Init)
    MX_GPIO_Init                             0x080067b5   Thumb Code   216  gpio.o(i.MX_GPIO_Init)
    MX_I2C2_Init                             0x08006891   Thumb Code    76  i2c.o(i.MX_I2C2_Init)
    MX_UART7_Init                            0x080068e9   Thumb Code    46  usart.o(i.MX_UART7_Init)
    MX_USART6_UART_Init                      0x08006921   Thumb Code    46  usart.o(i.MX_USART6_UART_Init)
    MemManage_Handler                        0x08006959   Thumb Code     4  stm32f4xx_it.o(i.MemManage_Handler)
    Motor_Task                               0x0800695d   Thumb Code   402  motor_task.o(i.Motor_Task)
    NMI_Handler                              0x08006b11   Thumb Code     4  stm32f4xx_it.o(i.NMI_Handler)
    PID_Calc                                 0x08006b15   Thumb Code   534  pid.o(i.PID_Calc)
    PID_Init                                 0x08006d31   Thumb Code    56  pid.o(i.PID_Init)
    PID_Reset                                0x08006d69   Thumb Code    14  pid.o(i.PID_Reset)
    Polar_setCoord                           0x08006d79   Thumb Code   412  jump_task.o(i.Polar_setCoord)
    Polar_toCartesian                        0x08006f29   Thumb Code   104  stanford_type.o(i.Polar_toCartesian)
    Posture_Task                             0x08006f99   Thumb Code   340  posture_task.o(i.Posture_Task)
    Process_Task                             0x08007129   Thumb Code    18  process_task.o(i.Process_Task)
    RC_Start                                 0x08007145   Thumb Code    24  serial.o(i.RC_Start)
    RC_Transform                             0x0800716d   Thumb Code   180  serial.o(i.RC_Transform)
    RemoCtrl_Data_Handle                     0x08007221   Thumb Code    14  serial.o(i.RemoCtrl_Data_Handle)
    RemoCtrl_Task                            0x08007235   Thumb Code    36  remoctrl_task.o(i.RemoCtrl_Task)
    Standup_Task                             0x08007269   Thumb Code    22  standup_task.o(i.Standup_Task)
    Stanford_Type_Lite_Init                  0x08007289   Thumb Code    10  freertos.o(i.Stanford_Type_Lite_Init)
    Stanford_Type_Lite_Inverse_Kinematics    0x08007293   Thumb Code   146  stanford_type.o(i.Stanford_Type_Lite_Inverse_Kinematics)
    Stanford_Type_Lite_SetPosition           0x08007325   Thumb Code    10  freertos.o(i.Stanford_Type_Lite_SetPosition)
    SysTick_Handler                          0x08007331   Thumb Code    46  port.o(i.SysTick_Handler)
    SystemClock_Config                       0x08007365   Thumb Code   180  main.o(i.SystemClock_Config)
    SystemInit                               0x08007421   Thumb Code    24  system_stm32f4xx.o(i.SystemInit)
    TIM6_DAC_IRQHandler                      0x0800743d   Thumb Code    10  stm32f4xx_it.o(i.TIM6_DAC_IRQHandler)
    TIM_Base_SetConfig                       0x0800744d   Thumb Code   170  stm32f4xx_hal_tim.o(i.TIM_Base_SetConfig)
    Target_toMotor                           0x08007525   Thumb Code   396  posture_task.o(i.Target_toMotor)
    UART7_IRQHandler                         0x080076c9   Thumb Code    10  stm32f4xx_it.o(i.UART7_IRQHandler)
    UART8_DMA_Config                         0x080076d9   Thumb Code   202  usart.o(i.UART8_DMA_Config)
    UART8_IRQHandler                         0x080077b9   Thumb Code    10  stm32f4xx_it.o(i.UART8_IRQHandler)
    UART8_Init                               0x080077c9   Thumb Code    54  usart.o(i.UART8_Init)
    USART1_DMA_Config                        0x08007ec1   Thumb Code   118  usart.o(i.USART1_DMA_Config)
    USART1_IRQHandler                        0x08007f49   Thumb Code    10  stm32f4xx_it.o(i.USART1_IRQHandler)
    USART1_Init                              0x08007f59   Thumb Code    42  usart.o(i.USART1_Init)
    UsageFault_Handler                       0x08007f91   Thumb Code     4  stm32f4xx_it.o(i.UsageFault_Handler)
    _UART_Receive_Bytes                      0x08007f95   Thumb Code    20  remoctrl_task.o(i._UART_Receive_Bytes)
    _UART_Transmit_Bytes                     0x08007fad   Thumb Code    20  remoctrl_task.o(i._UART_Transmit_Bytes)
    __ARM_fpclassifyf                        0x08007fc5   Thumb Code    38  fpclassifyf.o(i.__ARM_fpclassifyf)
    __hardfp_acosf                           0x08008039   Thumb Code   234  acosf.o(i.__hardfp_acosf)
    __hardfp_asinf                           0x08008151   Thumb Code   258  asinf.o(i.__hardfp_asinf)
    __hardfp_cosf                            0x0800827d   Thumb Code   280  cosf.o(i.__hardfp_cosf)
    __hardfp_fabs                            0x080083cd   Thumb Code    20  fabs.o(i.__hardfp_fabs)
    __hardfp_fmodf                           0x080083e1   Thumb Code   176  fmodf.o(i.__hardfp_fmodf)
    __hardfp_sinf                            0x08008491   Thumb Code   344  sinf.o(i.__hardfp_sinf)
    __hardfp_sqrtf                           0x08008621   Thumb Code    58  sqrtf.o(i.__hardfp_sqrtf)
    __mathlib_flt_infnan                     0x0800865b   Thumb Code     6  funder.o(i.__mathlib_flt_infnan)
    __mathlib_flt_invalid                    0x08008661   Thumb Code    10  funder.o(i.__mathlib_flt_invalid)
    __mathlib_flt_underflow                  0x08008671   Thumb Code    10  funder.o(i.__mathlib_flt_underflow)
    __mathlib_rredf2                         0x08008681   Thumb Code   316  rredf.o(i.__mathlib_rredf2)
    __scatterload_copy                       0x080087d5   Thumb Code    14  handlers.o(i.__scatterload_copy)
    __scatterload_null                       0x080087e3   Thumb Code     2  handlers.o(i.__scatterload_null)
    __scatterload_zeroinit                   0x080087e5   Thumb Code    14  handlers.o(i.__scatterload_zeroinit)
    __set_errno                              0x080087f5   Thumb Code     6  errno.o(i.__set_errno)
    abs_limit                                0x08008801   Thumb Code    46  pid.o(i.abs_limit)
    caculate_LegRevise                       0x08008831   Thumb Code   180  ahrs_task.o(i.caculate_LegRevise)
    dm_j8009_all_ctrl                        0x08008911   Thumb Code   296  dm_j8009_ctrl.o(i.dm_j8009_all_ctrl)
    dm_j8009_all_disable                     0x08008a45   Thumb Code   542  dm_j8009_ctrl.o(i.dm_j8009_all_disable)
    dm_j8009_all_enable                      0x08008c71   Thumb Code   542  dm_j8009_ctrl.o(i.dm_j8009_all_enable)
    dm_j8009_pos_ctrl                        0x08008e9d   Thumb Code   170  dm_j8009_ctrl.o(i.dm_j8009_pos_ctrl)
    float_to_uint                            0x08008f55   Thumb Code    50  dm8009_drv.o(i.float_to_uint)
    main                                     0x08008f87   Thumb Code    76  main.o(i.main)
    osDelay                                  0x08008fd5   Thumb Code    50  cmsis_os2.o(i.osDelay)
    osKernelInitialize                       0x0800900d   Thumb Code    58  cmsis_os2.o(i.osKernelInitialize)
    osKernelStart                            0x0800904d   Thumb Code    68  cmsis_os2.o(i.osKernelStart)
    osThreadNew                              0x08009095   Thumb Code   208  cmsis_os2.o(i.osThreadNew)
    osThreadResume                           0x08009169   Thumb Code    58  cmsis_os2.o(i.osThreadResume)
    osThreadSuspend                          0x080091a9   Thumb Code    58  cmsis_os2.o(i.osThreadSuspend)
    pvPortMalloc                             0x08009c65   Thumb Code   296  heap_4.o(i.pvPortMalloc)
    pxPortInitialiseStack                    0x08009da1   Thumb Code    38  port.o(i.pxPortInitialiseStack)
    sqrtf                                    0x08009e13   Thumb Code    62  sqrtf.o(i.sqrtf)
    uint_to_float                            0x08009e51   Thumb Code    52  dm8009_drv.o(i.uint_to_float)
    uxListRemove                             0x08009e85   Thumb Code    40  list.o(i.uxListRemove)
    vApplicationGetIdleTaskMemory            0x08009ead   Thumb Code    14  cmsis_os2.o(i.vApplicationGetIdleTaskMemory)
    vApplicationGetTimerTaskMemory           0x08009ec5   Thumb Code    16  cmsis_os2.o(i.vApplicationGetTimerTaskMemory)
    vListInitialise                          0x08009edd   Thumb Code    26  list.o(i.vListInitialise)
    vListInitialiseItem                      0x08009ef7   Thumb Code     6  list.o(i.vListInitialiseItem)
    vListInsert                              0x08009efd   Thumb Code    52  list.o(i.vListInsert)
    vListInsertEnd                           0x08009f31   Thumb Code    24  list.o(i.vListInsertEnd)
    vPortEnterCritical                       0x08009f49   Thumb Code    76  port.o(i.vPortEnterCritical)
    vPortExitCritical                        0x08009f9d   Thumb Code    56  port.o(i.vPortExitCritical)
    vPortFree                                0x08009fd9   Thumb Code   140  heap_4.o(i.vPortFree)
    vPortSetupTimerInterrupt                 0x0800a06d   Thumb Code    36  port.o(i.vPortSetupTimerInterrupt)
    vPortValidateInterruptPriority           0x0800a095   Thumb Code   106  port.o(i.vPortValidateInterruptPriority)
    vQueueAddToRegistry                      0x0800a10d   Thumb Code    38  queue.o(i.vQueueAddToRegistry)
    vQueueWaitForMessageRestricted           0x0800a139   Thumb Code    74  queue.o(i.vQueueWaitForMessageRestricted)
    vTaskDelay                               0x0800a185   Thumb Code    82  tasks.o(i.vTaskDelay)
    vTaskDelayUntil                          0x0800a1e1   Thumb Code   200  tasks.o(i.vTaskDelayUntil)
    vTaskInternalSetTimeOutState             0x0800a2b5   Thumb Code    14  tasks.o(i.vTaskInternalSetTimeOutState)
    vTaskMissedYield                         0x0800a2cd   Thumb Code     8  tasks.o(i.vTaskMissedYield)
    vTaskPlaceOnEventList                    0x0800a2d9   Thumb Code    52  tasks.o(i.vTaskPlaceOnEventList)
    vTaskPlaceOnEventListRestricted          0x0800a311   Thumb Code    60  tasks.o(i.vTaskPlaceOnEventListRestricted)
    vTaskResume                              0x0800a351   Thumb Code   126  tasks.o(i.vTaskResume)
    vTaskStartScheduler                      0x0800a3e1   Thumb Code   156  tasks.o(i.vTaskStartScheduler)
    vTaskSuspend                             0x0800a499   Thumb Code   176  tasks.o(i.vTaskSuspend)
    vTaskSuspendAll                          0x0800a561   Thumb Code    12  tasks.o(i.vTaskSuspendAll)
    vTaskSwitchContext                       0x0800a571   Thumb Code   122  tasks.o(i.vTaskSwitchContext)
    xPortStartScheduler                      0x0800a601   Thumb Code   330  port.o(i.xPortStartScheduler)
    xQueueGenericCreateStatic                0x0800a769   Thumb Code   224  queue.o(i.xQueueGenericCreateStatic)
    xQueueGenericReset                       0x0800a849   Thumb Code   146  queue.o(i.xQueueGenericReset)
    xQueueGenericSend                        0x0800a8e1   Thumb Code   420  queue.o(i.xQueueGenericSend)
    xQueueGenericSendFromISR                 0x0800aa89   Thumb Code   248  queue.o(i.xQueueGenericSendFromISR)
    xQueueReceive                            0x0800ab81   Thumb Code   356  queue.o(i.xQueueReceive)
    xTaskCheckForTimeOut                     0x0800ace9   Thumb Code   132  tasks.o(i.xTaskCheckForTimeOut)
    xTaskCreate                              0x0800ad75   Thumb Code   100  tasks.o(i.xTaskCreate)
    xTaskCreateStatic                        0x0800add9   Thumb Code   186  tasks.o(i.xTaskCreateStatic)
    xTaskGetSchedulerState                   0x0800ae95   Thumb Code    24  tasks.o(i.xTaskGetSchedulerState)
    xTaskGetTickCount                        0x0800aeb5   Thumb Code     6  tasks.o(i.xTaskGetTickCount)
    xTaskIncrementTick                       0x0800aec1   Thumb Code   280  tasks.o(i.xTaskIncrementTick)
    xTaskPriorityDisinherit                  0x0800b005   Thumb Code   152  tasks.o(i.xTaskPriorityDisinherit)
    xTaskRemoveFromEventList                 0x0800b0a9   Thumb Code   126  tasks.o(i.xTaskRemoveFromEventList)
    xTaskResumeAll                           0x0800b141   Thumb Code   222  tasks.o(i.xTaskResumeAll)
    xTimerCreateTimerTask                    0x0800b245   Thumb Code   100  timers.o(i.xTimerCreateTimerTask)
    xTimerGenericCommand                     0x0800b2bd   Thumb Code   128  timers.o(i.xTimerGenericCommand)
    Detect_attributes                        0x0800b340   Data          36  freertos.o(.constdata)
    AHRS_attributes                          0x0800b364   Data          36  freertos.o(.constdata)
    RemoCtrl_attributes                      0x0800b388   Data          36  freertos.o(.constdata)
    Motor_attributes                         0x0800b3ac   Data          36  freertos.o(.constdata)
    Standup_attributes                       0x0800b3d0   Data          36  freertos.o(.constdata)
    Jump_attributes                          0x0800b3f4   Data          36  freertos.o(.constdata)
    Posture_attributes                       0x0800b418   Data          36  freertos.o(.constdata)
    Process_attributes                       0x0800b43c   Data          36  freertos.o(.constdata)
    AHBPrescTable                            0x0800b510   Data          16  system_stm32f4xx.o(.constdata)
    APBPrescTable                            0x0800b520   Data           8  system_stm32f4xx.o(.constdata)
    Region$$Table$$Base                      0x0800b58c   Number         0  anon$$obj.o(Region$$Table)
    Region$$Table$$Limit                     0x0800b5ac   Number         0  anon$$obj.o(Region$$Table)
    DetectHandle                             0x20000000   Data           4  freertos.o(.data)
    AHRSHandle                               0x20000004   Data           4  freertos.o(.data)
    RemoCtrlHandle                           0x20000008   Data           4  freertos.o(.data)
    MotorHandle                              0x2000000c   Data           4  freertos.o(.data)
    StandupHandle                            0x20000010   Data           4  freertos.o(.data)
    JumpHandle                               0x20000014   Data           4  freertos.o(.data)
    PostureHandle                            0x20000018   Data           4  freertos.o(.data)
    ProcessHandle                            0x2000001c   Data           4  freertos.o(.data)
    rc_sw_state                              0x20000024   Data           1  serial.o(.data)
    ACCCALSW                                 0x20000026   Data           5  jy901s.o(.data)
    ZRETURNZERO                              0x2000002b   Data           5  jy901s.o(.data)
    SAVACALSW                                0x20000030   Data           5  jy901s.o(.data)
    SETBAUDRATE                              0x20000035   Data           5  jy901s.o(.data)
    SET_AXIS_6                               0x2000003a   Data           5  jy901s.o(.data)
    SET_AXIS_9                               0x2000003f   Data           5  jy901s.o(.data)
    SETUNLOCK                                0x20000044   Data           5  jy901s.o(.data)
    SETRSW                                   0x20000049   Data           5  jy901s.o(.data)
    SETRATE                                  0x2000004e   Data           5  jy901s.o(.data)
    pos_limit_min                            0x20000054   Data          32  dm_j8009_ctrl.o(.data)
    pos_limit_max                            0x20000074   Data          32  dm_j8009_ctrl.o(.data)
    can_send_data                            0x20000094   Data           8  dm8009_drv.o(.data)
    Correction_Mode                          0x2000009c   Data           1  ahrs_task.o(.data)
    step_len_initial                         0x200000a0   Data           4  ahrs_task.o(.data)
    step_high_initial                        0x200000a4   Data           4  ahrs_task.o(.data)
    step_len_dev                             0x200000a8   Data           4  ahrs_task.o(.data)
    step_high_dev                            0x200000ac   Data           4  ahrs_task.o(.data)
    flight_percent_dev                       0x200000b0   Data           4  ahrs_task.o(.data)
    yaw_now                                  0x200000b4   Data           4  ahrs_task.o(.data)
    yaw_set                                  0x200000b8   Data           4  ahrs_task.o(.data)
    roll_set                                 0x200000bc   Data           4  ahrs_task.o(.data)
    pitch_set                                0x200000c0   Data           4  ahrs_task.o(.data)
    roll_offset                              0x200000c4   Data           4  ahrs_task.o(.data)
    pitch_offset                             0x200000c8   Data           4  ahrs_task.o(.data)
    normal_params_l                          0x200000cc   Data           4  ahrs_task.o(.data)
    normal_params_r                          0x200000d0   Data           4  ahrs_task.o(.data)
    imu_Leg_offset                           0x200000d4   Data           4  ahrs_task.o(.data)
    Target_Angle                             0x200000d8   Data           4  ahrs_task.o(.data)
    High_Temp_Warning                        0x200000e0   Data           1  detect_task.o(.data)
    DM_J8009_ENABLE_FLAG                     0x200000e4   Data           1  motor_task.o(.data)
    DM_J8009_ctrl_FLAG                       0x200000e5   Data           1  motor_task.o(.data)
    now_time                                 0x200000ec   Data           4  posture_task.o(.data)
    time_cnt                                 0x200000f0   Data           4  posture_task.o(.data)
    get_num                                  0x200000f8   Data           4  remoctrl_task.o(.data)
    flag_imu_line                            0x200000fc   Data           1  remoctrl_task.o(.data)
    bt_rx_data                               0x20000100   Data           4  remoctrl_task.o(.data)
    btdbg_opt                                0x20000104   Data           8  remoctrl_task.o(.data)
    CH0_Offset                               0x2000010c   Data           4  remoctrl_task.o(.data)
    CH1_Offset                               0x20000110   Data           4  remoctrl_task.o(.data)
    CH2_Offset                               0x20000114   Data           4  remoctrl_task.o(.data)
    CH3_Offset                               0x20000118   Data           4  remoctrl_task.o(.data)
    CH4_Offset                               0x2000011c   Data           4  remoctrl_task.o(.data)
    Gait_Gains                               0x20000124   Data          16  gait_param.o(.data)
    state_gait_gains                         0x20000134   Data         208  gait_param.o(.data)
    gait_params                              0x20000204   Data          24  gait_param.o(.data)
    state_gait_params                        0x2000021c   Data         312  gait_param.o(.data)
    state_detached_params                    0x20000354   Data         384  gait_param.o(.data)
    RcDetachedParam                          0x200004d4   Data          96  gait_param.o(.data)
    NowState                                 0x20000534   Data           1  gait_param.o(.data)
    NowDir                                   0x20000535   Data           1  gait_param.o(.data)
    Is_Aim_Angle_Get                         0x20000536   Data           1  gait_param.o(.data)
    Last_Time                                0x20000538   Data           4  gait_param.o(.data)
    Mode_Change_Flag                         0x2000053c   Data           1  gait_param.o(.data)
    start_time_jump                          0x20000540   Data           4  jump_task.o(.data)
    Standup_LegR_Offset                      0x20000548   Data           4  standup_task.o(.data)
    Standup_LegL_Offset                      0x2000054c   Data           4  standup_task.o(.data)
    flag_Standup                             0x20000550   Data           1  standup_task.o(.data)
    uwTick                                   0x20000554   Data           4  stm32f4xx_hal.o(.data)
    uwTickPrio                               0x20000558   Data           4  stm32f4xx_hal.o(.data)
    uwTickFreq                               0x2000055c   Data           1  stm32f4xx_hal.o(.data)
    SystemCoreClock                          0x20000560   Data           4  system_stm32f4xx.o(.data)
    pxCurrentTCB                             0x20000564   Data           4  tasks.o(.data)
    hcan1                                    0x200005e0   Data          40  can.o(.bss)
    hcan2                                    0x20000608   Data          40  can.o(.bss)
    hi2c2                                    0x20000630   Data          84  i2c.o(.bss)
    huart7                                   0x20000684   Data          64  usart.o(.bss)
    huart1                                   0x200006c4   Data          64  usart.o(.bss)
    huart8                                   0x20000704   Data          64  usart.o(.bss)
    huart6                                   0x20000744   Data          64  usart.o(.bss)
    hdma_usart1_rx                           0x20000784   Data          96  usart.o(.bss)
    hdma_uart8_tx                            0x200007e4   Data          96  usart.o(.bss)
    hdma_uart8_rx                            0x20000844   Data          96  usart.o(.bss)
    htim6                                    0x200008a4   Data          64  stm32f4xx_hal_timebase_tim.o(.bss)
    ch8                                      0x200008e4   Data          11  serial.o(.bss)
    rc_data                                  0x200008ef   Data          18  serial.o(.bss)
    my_rc_ctrl                               0x20000901   Data          24  serial.o(.bss)
    AttiAcc                                  0x20000920   Data          24  jy901s.o(.bss)
    AttiGyro                                 0x20000938   Data          24  jy901s.o(.bss)
    AttiAngle                                0x20000950   Data          24  jy901s.o(.bss)
    can_tx_message                           0x20000968   Data          24  dm8009_drv.o(.bss)
    dm_j8009_data                            0x20000980   Data         256  dm8009_drv.o(.bss)
    PID_Position                             0x20000a80   Data         800  dm8009.o(.bss)
    PID_IMU_Climbing                         0x20000da0   Data         100  dm8009.o(.bss)
    PID_IMU_Line                             0x20000e04   Data         100  dm8009.o(.bss)
    Now_Angle                                0x20000e68   Data          12  ahrs_task.o(.bss)
    revise_LegLenth                          0x20000e74   Data          16  ahrs_task.o(.bss)
    PID_Aim_Angle                            0x20000e84   Data          32  motor_task.o(.bss)
    aim_x                                    0x20000ea4   Data          16  posture_task.o(.bss)
    aim_y                                    0x20000eb4   Data          16  posture_task.o(.bss)
    cyc_solution                             0x20000ec4   Data          32  posture_task.o(.bss)
    bt_tx_data                               0x20000ee4   Data          32  remoctrl_task.o(.bss)
    detached_params                          0x20000f04   Data          96  gait_param.o(.bss)
    Gait_Data                                0x20000f64   Data          96  gait_param.o(.bss)
    Cycloid_Gen                              0x20000fc4   Data         128  gait_param.o(.bss)
    Aim_Angle                                0x20001044   Data          32  gait_param.o(.bss)
    xQueueRegistry                           0x2000111c   Data          64  queue.o(.bss)
    __initial_sp                             0x20005df0   Data           0  startup_stm32f427xx.o(STACK)



==============================================================================

Memory Map of the image

  Image Entry point : 0x080001ad

  Load Region LR_IROM1 (Base: 0x08000000, Size: 0x0000bb8c, Max: 0x00200000, ABSOLUTE, COMPRESSED[0x0000b6c8])

    Execution Region ER_IROM1 (Exec base: 0x08000000, Load base: 0x08000000, Size: 0x0000b5ac, Max: 0x00200000, ABSOLUTE)

    Exec Addr    Load Addr    Size         Type   Attr      Idx    E Section Name        Object

    0x08000000   0x08000000   0x000001ac   Data   RO            3    RESET               startup_stm32f427xx.o
    0x080001ac   0x080001ac   0x00000000   Code   RO         7268  * .ARM.Collect$$$$00000000  mc_w.l(entry.o)
    0x080001ac   0x080001ac   0x00000004   Code   RO         7334    .ARM.Collect$$$$00000001  mc_w.l(entry2.o)
    0x080001b0   0x080001b0   0x00000004   Code   RO         7337    .ARM.Collect$$$$00000004  mc_w.l(entry5.o)
    0x080001b4   0x080001b4   0x00000000   Code   RO         7339    .ARM.Collect$$$$00000008  mc_w.l(entry7b.o)
    0x080001b4   0x080001b4   0x00000000   Code   RO         7341    .ARM.Collect$$$$0000000A  mc_w.l(entry8b.o)
    0x080001b4   0x080001b4   0x00000008   Code   RO         7342    .ARM.Collect$$$$0000000B  mc_w.l(entry9a.o)
    0x080001bc   0x080001bc   0x00000004   Code   RO         7349    .ARM.Collect$$$$0000000E  mc_w.l(entry12b.o)
    0x080001c0   0x080001c0   0x00000000   Code   RO         7344    .ARM.Collect$$$$0000000F  mc_w.l(entry10a.o)
    0x080001c0   0x080001c0   0x00000000   Code   RO         7346    .ARM.Collect$$$$00000011  mc_w.l(entry11a.o)
    0x080001c0   0x080001c0   0x00000004   Code   RO         7335    .ARM.Collect$$$$00002712  mc_w.l(entry2.o)
    0x080001c4   0x080001c4   0x000000be   Code   RO         7075    .emb_text           port.o
    0x08000282   0x08000282   0x00000002   PAD
    0x08000284   0x08000284   0x00000024   Code   RO            4    .text               startup_stm32f427xx.o
    0x080002a8   0x080002a8   0x00000062   Code   RO         7271    .text               mc_w.l(uldiv.o)
    0x0800030a   0x0800030a   0x00000024   Code   RO         7273    .text               mc_w.l(memcpya.o)
    0x0800032e   0x0800032e   0x00000024   Code   RO         7277    .text               mc_w.l(memseta.o)
    0x08000352   0x08000352   0x000000e4   Code   RO         7283    .text               mf_w.l(dmul.o)
    0x08000436   0x08000436   0x000000de   Code   RO         7285    .text               mf_w.l(ddiv.o)
    0x08000514   0x08000514   0x00000022   Code   RO         7287    .text               mf_w.l(dflti.o)
    0x08000536   0x08000536   0x00000026   Code   RO         7289    .text               mf_w.l(f2d.o)
    0x0800055c   0x0800055c   0x00000030   Code   RO         7291    .text               mf_w.l(cdcmple.o)
    0x0800058c   0x0800058c   0x00000030   Code   RO         7293    .text               mf_w.l(cdrcmple.o)
    0x080005bc   0x080005bc   0x00000038   Code   RO         7295    .text               mf_w.l(d2f.o)
    0x080005f4   0x080005f4   0x0000001e   Code   RO         7350    .text               mc_w.l(llshl.o)
    0x08000612   0x08000612   0x00000020   Code   RO         7352    .text               mc_w.l(llushr.o)
    0x08000632   0x08000632   0x00000000   Code   RO         7363    .text               mc_w.l(iusefp.o)
    0x08000632   0x08000632   0x0000006e   Code   RO         7364    .text               mf_w.l(fepilogue.o)
    0x080006a0   0x080006a0   0x00000052   Code   RO         7366    .text               mf_w.l(frem.o)
    0x080006f2   0x080006f2   0x000000ba   Code   RO         7368    .text               mf_w.l(depilogue.o)
    0x080007ac   0x080007ac   0x00000024   Code   RO         7374    .text               mc_w.l(init.o)
    0x080007d0   0x080007d0   0x00000056   Code   RO         7384    .text               mc_w.l(__dczerorl2.o)
    0x08000826   0x08000826   0x00000002   PAD
    0x08000828   0x08000828   0x0000002c   Code   RO         1074    i.AHRS_Task         ahrs_task.o
    0x08000854   0x08000854   0x0000004c   Code   RO         1863    i.BTDebug_TransmitPackage  app_btdebug.o
    0x080008a0   0x080008a0   0x00000004   Code   RO          557    i.BusFault_Handler  stm32f4xx_it.o
    0x080008a4   0x080008a4   0x00000010   Code   RO          558    i.CAN1_RX0_IRQHandler  stm32f4xx_it.o
    0x080008b4   0x080008b4   0x00000010   Code   RO          559    i.CAN2_RX0_IRQHandler  stm32f4xx_it.o
    0x080008c4   0x080008c4   0x00000108   Code   RO          964    i.CTRL_DM_J8009_MIT  dm8009_drv.o
    0x080009cc   0x080009cc   0x000005a4   Code   RO         1506    i.Calculate_Gait    posture_task.o
    0x08000f70   0x08000f70   0x0000002c   Code   RO         1507    i.Change_NowState   posture_task.o
    0x08000f9c   0x08000f9c   0x00000db4   Code   RO         1567    i.Change_RmVAL      remoctrl_task.o
    0x08001d50   0x08001d50   0x000002c4   Code   RO          851    i.CopeSerial2Data   jy901s.o
    0x08002014   0x08002014   0x00000168   Code   RO         1568    i.Ctrl_byRemoctrl   remoctrl_task.o
    0x0800217c   0x0800217c   0x00000194   Code   RO         1800    i.Cycloid_Generator_Calc  cycloid_generator.o
    0x08002310   0x08002310   0x00000048   Code   RO          965    i.DISABLE_DM_J8009  dm8009_drv.o
    0x08002358   0x08002358   0x000000fc   Code   RO         1037    i.DM8009_Init       dm8009.o
    0x08002454   0x08002454   0x0000001c   Code   RO          560    i.DMA1_Stream0_IRQHandler  stm32f4xx_it.o
    0x08002470   0x08002470   0x00000010   Code   RO          561    i.DMA1_Stream6_IRQHandler  stm32f4xx_it.o
    0x08002480   0x08002480   0x00000010   Code   RO          562    i.DMA2_Stream2_IRQHandler  stm32f4xx_it.o
    0x08002490   0x08002490   0x00000010   Code   RO          563    i.DMA2_Stream5_IRQHandler  stm32f4xx_it.o
    0x080024a0   0x080024a0   0x00000034   Code   RO         2946    i.DMA_CalcBaseAndBitshift  stm32f4xx_hal_dma.o
    0x080024d4   0x080024d4   0x000000aa   Code   RO         2947    i.DMA_CheckFifoParam  stm32f4xx_hal_dma.o
    0x0800257e   0x0800257e   0x0000002c   Code   RO         2948    i.DMA_SetConfig     stm32f4xx_hal_dma.o
    0x080025aa   0x080025aa   0x00000002   Code   RO          564    i.DebugMon_Handler  stm32f4xx_it.o
    0x080025ac   0x080025ac   0x00000050   Code   RO         1271    i.Detect_Task       detect_task.o
    0x080025fc   0x080025fc   0x00000034   Code   RO         2062    i.EBFPIDDebuger_Data_Receive  app_ebf_piddebug.o
    0x08002630   0x08002630   0x00000048   Code   RO          966    i.ENABLE_DM_J8009   dm8009_drv.o
    0x08002678   0x08002678   0x00000006   Code   RO           13    i.Error_Handler     main.o
    0x0800267e   0x0800267e   0x00000002   PAD
    0x08002680   0x08002680   0x000000d0   Code   RO          967    i.FEEDBACK_DATA_DM_J8009  dm8009_drv.o
    0x08002750   0x08002750   0x0000002a   Code   RO         2152    i.HAL_CAN_ActivateNotification  stm32f4xx_hal_can.o
    0x0800277a   0x0800277a   0x00000156   Code   RO         2153    i.HAL_CAN_AddTxMessage  stm32f4xx_hal_can.o
    0x080028d0   0x080028d0   0x00000124   Code   RO         2154    i.HAL_CAN_ConfigFilter  stm32f4xx_hal_can.o
    0x080029f4   0x080029f4   0x00000002   Code   RO         2157    i.HAL_CAN_ErrorCallback  stm32f4xx_hal_can.o
    0x080029f6   0x080029f6   0x0000017a   Code   RO         2160    i.HAL_CAN_GetRxMessage  stm32f4xx_hal_can.o
    0x08002b70   0x08002b70   0x00000036   Code   RO         2162    i.HAL_CAN_GetTxMailboxesFreeLevel  stm32f4xx_hal_can.o
    0x08002ba6   0x08002ba6   0x0000024e   Code   RO         2164    i.HAL_CAN_IRQHandler  stm32f4xx_hal_can.o
    0x08002df4   0x08002df4   0x00000174   Code   RO         2165    i.HAL_CAN_Init      stm32f4xx_hal_can.o
    0x08002f68   0x08002f68   0x00000164   Code   RO          364    i.HAL_CAN_MspInit   can.o
    0x080030cc   0x080030cc   0x00000002   Code   RO         2172    i.HAL_CAN_RxFifo0FullCallback  stm32f4xx_hal_can.o
    0x080030ce   0x080030ce   0x00000002   PAD
    0x080030d0   0x080030d0   0x00000040   Code   RO         1038    i.HAL_CAN_RxFifo0MsgPendingCallback  dm8009.o
    0x08003110   0x08003110   0x00000002   Code   RO         2174    i.HAL_CAN_RxFifo1FullCallback  stm32f4xx_hal_can.o
    0x08003112   0x08003112   0x00000002   Code   RO         2175    i.HAL_CAN_RxFifo1MsgPendingCallback  stm32f4xx_hal_can.o
    0x08003114   0x08003114   0x00000002   Code   RO         2176    i.HAL_CAN_SleepCallback  stm32f4xx_hal_can.o
    0x08003116   0x08003116   0x0000005e   Code   RO         2177    i.HAL_CAN_Start     stm32f4xx_hal_can.o
    0x08003174   0x08003174   0x00000002   Code   RO         2179    i.HAL_CAN_TxMailbox0AbortCallback  stm32f4xx_hal_can.o
    0x08003176   0x08003176   0x00000002   Code   RO         2180    i.HAL_CAN_TxMailbox0CompleteCallback  stm32f4xx_hal_can.o
    0x08003178   0x08003178   0x00000002   Code   RO         2181    i.HAL_CAN_TxMailbox1AbortCallback  stm32f4xx_hal_can.o
    0x0800317a   0x0800317a   0x00000002   Code   RO         2182    i.HAL_CAN_TxMailbox1CompleteCallback  stm32f4xx_hal_can.o
    0x0800317c   0x0800317c   0x00000002   Code   RO         2183    i.HAL_CAN_TxMailbox2AbortCallback  stm32f4xx_hal_can.o
    0x0800317e   0x0800317e   0x00000002   Code   RO         2184    i.HAL_CAN_TxMailbox2CompleteCallback  stm32f4xx_hal_can.o
    0x08003180   0x08003180   0x00000002   Code   RO         2186    i.HAL_CAN_WakeUpFromRxMsgCallback  stm32f4xx_hal_can.o
    0x08003182   0x08003182   0x000000aa   Code   RO         2949    i.HAL_DMA_Abort     stm32f4xx_hal_dma.o
    0x0800322c   0x0800322c   0x00000028   Code   RO         2950    i.HAL_DMA_Abort_IT  stm32f4xx_hal_dma.o
    0x08003254   0x08003254   0x00000008   Code   RO         2953    i.HAL_DMA_GetState  stm32f4xx_hal_dma.o
    0x0800325c   0x0800325c   0x00000240   Code   RO         2954    i.HAL_DMA_IRQHandler  stm32f4xx_hal_dma.o
    0x0800349c   0x0800349c   0x000000ec   Code   RO         2955    i.HAL_DMA_Init      stm32f4xx_hal_dma.o
    0x08003588   0x08003588   0x00000092   Code   RO         2959    i.HAL_DMA_Start_IT  stm32f4xx_hal_dma.o
    0x0800361a   0x0800361a   0x00000002   PAD
    0x0800361c   0x0800361c   0x00000028   Code   RO         3391    i.HAL_Delay         stm32f4xx_hal.o
    0x08003644   0x08003644   0x0000021c   Code   RO         2842    i.HAL_GPIO_Init     stm32f4xx_hal_gpio.o
    0x08003860   0x08003860   0x0000000c   Code   RO         3399    i.HAL_GetTick       stm32f4xx_hal.o
    0x0800386c   0x0800386c   0x0000004c   Code   RO         4126    i.HAL_I2CEx_ConfigAnalogFilter  stm32f4xx_hal_i2c_ex.o
    0x080038b8   0x080038b8   0x00000050   Code   RO         4127    i.HAL_I2CEx_ConfigDigitalFilter  stm32f4xx_hal_i2c_ex.o
    0x08003908   0x08003908   0x00000002   Code   RO         3654    i.HAL_I2C_AbortCpltCallback  stm32f4xx_hal_i2c.o
    0x0800390a   0x0800390a   0x00000002   Code   RO         3655    i.HAL_I2C_AddrCallback  stm32f4xx_hal_i2c.o
    0x0800390c   0x0800390c   0x000001d4   Code   RO         3659    i.HAL_I2C_EV_IRQHandler  stm32f4xx_hal_i2c.o
    0x08003ae0   0x08003ae0   0x00000002   Code   RO         3661    i.HAL_I2C_ErrorCallback  stm32f4xx_hal_i2c.o
    0x08003ae2   0x08003ae2   0x00000002   PAD
    0x08003ae4   0x08003ae4   0x000001d0   Code   RO         3665    i.HAL_I2C_Init      stm32f4xx_hal_i2c.o
    0x08003cb4   0x08003cb4   0x00000002   Code   RO         3667    i.HAL_I2C_ListenCpltCallback  stm32f4xx_hal_i2c.o
    0x08003cb6   0x08003cb6   0x00000002   Code   RO         3668    i.HAL_I2C_MasterRxCpltCallback  stm32f4xx_hal_i2c.o
    0x08003cb8   0x08003cb8   0x00000002   Code   RO         3669    i.HAL_I2C_MasterTxCpltCallback  stm32f4xx_hal_i2c.o
    0x08003cba   0x08003cba   0x00000002   Code   RO         3681    i.HAL_I2C_MemRxCpltCallback  stm32f4xx_hal_i2c.o
    0x08003cbc   0x08003cbc   0x00000002   Code   RO         3682    i.HAL_I2C_MemTxCpltCallback  stm32f4xx_hal_i2c.o
    0x08003cbe   0x08003cbe   0x00000002   PAD
    0x08003cc0   0x08003cc0   0x00000098   Code   RO          437    i.HAL_I2C_MspInit   i2c.o
    0x08003d58   0x08003d58   0x00000002   Code   RO         3691    i.HAL_I2C_SlaveRxCpltCallback  stm32f4xx_hal_i2c.o
    0x08003d5a   0x08003d5a   0x00000002   Code   RO         3692    i.HAL_I2C_SlaveTxCpltCallback  stm32f4xx_hal_i2c.o
    0x08003d5c   0x08003d5c   0x00000018   Code   RO         3405    i.HAL_IncTick       stm32f4xx_hal.o
    0x08003d74   0x08003d74   0x0000003c   Code   RO         3406    i.HAL_Init          stm32f4xx_hal.o
    0x08003db0   0x08003db0   0x0000008c   Code   RO          705    i.HAL_InitTick      stm32f4xx_hal_timebase_tim.o
    0x08003e3c   0x08003e3c   0x00000054   Code   RO          681    i.HAL_MspInit       stm32f4xx_hal_msp.o
    0x08003e90   0x08003e90   0x00000020   Code   RO         3249    i.HAL_NVIC_EnableIRQ  stm32f4xx_hal_cortex.o
    0x08003eb0   0x08003eb0   0x0000007c   Code   RO         3255    i.HAL_NVIC_SetPriority  stm32f4xx_hal_cortex.o
    0x08003f2c   0x08003f2c   0x00000028   Code   RO         3256    i.HAL_NVIC_SetPriorityGrouping  stm32f4xx_hal_cortex.o
    0x08003f54   0x08003f54   0x0000008c   Code   RO         3178    i.HAL_PWREx_EnableOverDrive  stm32f4xx_hal_pwr_ex.o
    0x08003fe0   0x08003fe0   0x00000184   Code   RO         2386    i.HAL_RCC_ClockConfig  stm32f4xx_hal_rcc.o
    0x08004164   0x08004164   0x00000044   Code   RO         2390    i.HAL_RCC_GetClockConfig  stm32f4xx_hal_rcc.o
    0x080041a8   0x080041a8   0x0000000c   Code   RO         2391    i.HAL_RCC_GetHCLKFreq  stm32f4xx_hal_rcc.o
    0x080041b4   0x080041b4   0x00000020   Code   RO         2393    i.HAL_RCC_GetPCLK1Freq  stm32f4xx_hal_rcc.o
    0x080041d4   0x080041d4   0x00000020   Code   RO         2394    i.HAL_RCC_GetPCLK2Freq  stm32f4xx_hal_rcc.o
    0x080041f4   0x080041f4   0x000000b0   Code   RO         2395    i.HAL_RCC_GetSysClockFreq  stm32f4xx_hal_rcc.o
    0x080042a4   0x080042a4   0x00000488   Code   RO         2398    i.HAL_RCC_OscConfig  stm32f4xx_hal_rcc.o
    0x0800472c   0x0800472c   0x00000002   Code   RO         4844    i.HAL_TIMEx_BreakCallback  stm32f4xx_hal_tim_ex.o
    0x0800472e   0x0800472e   0x00000002   Code   RO         4845    i.HAL_TIMEx_CommutCallback  stm32f4xx_hal_tim_ex.o
    0x08004730   0x08004730   0x00000034   Code   RO         4158    i.HAL_TIM_Base_Init  stm32f4xx_hal_tim.o
    0x08004764   0x08004764   0x00000002   Code   RO         4160    i.HAL_TIM_Base_MspInit  stm32f4xx_hal_tim.o
    0x08004766   0x08004766   0x0000002a   Code   RO         4163    i.HAL_TIM_Base_Start_IT  stm32f4xx_hal_tim.o
    0x08004790   0x08004790   0x00000002   Code   RO         4187    i.HAL_TIM_IC_CaptureCallback  stm32f4xx_hal_tim.o
    0x08004792   0x08004792   0x00000196   Code   RO         4201    i.HAL_TIM_IRQHandler  stm32f4xx_hal_tim.o
    0x08004928   0x08004928   0x00000002   Code   RO         4204    i.HAL_TIM_OC_DelayElapsedCallback  stm32f4xx_hal_tim.o
    0x0800492a   0x0800492a   0x00000002   Code   RO         4231    i.HAL_TIM_PWM_PulseFinishedCallback  stm32f4xx_hal_tim.o
    0x0800492c   0x0800492c   0x00000018   Code   RO           14    i.HAL_TIM_PeriodElapsedCallback  main.o
    0x08004944   0x08004944   0x00000002   Code   RO         4244    i.HAL_TIM_TriggerCallback  stm32f4xx_hal_tim.o
    0x08004946   0x08004946   0x00000066   Code   RO         5114    i.HAL_UART_DMAStop  stm32f4xx_hal_uart.o
    0x080049ac   0x080049ac   0x00000002   Code   RO         5116    i.HAL_UART_ErrorCallback  stm32f4xx_hal_uart.o
    0x080049ae   0x080049ae   0x00000002   PAD
    0x080049b0   0x080049b0   0x00000154   Code   RO         5119    i.HAL_UART_IRQHandler  stm32f4xx_hal_uart.o
    0x08004b04   0x08004b04   0x00000072   Code   RO         5120    i.HAL_UART_Init     stm32f4xx_hal_uart.o
    0x08004b76   0x08004b76   0x00000002   PAD
    0x08004b78   0x08004b78   0x00000234   Code   RO          479    i.HAL_UART_MspInit  usart.o
    0x08004dac   0x08004dac   0x000000e0   Code   RO         5123    i.HAL_UART_Receive  stm32f4xx_hal_uart.o
    0x08004e8c   0x08004e8c   0x000000c4   Code   RO         5124    i.HAL_UART_Receive_DMA  stm32f4xx_hal_uart.o
    0x08004f50   0x08004f50   0x00000070   Code   RO         5125    i.HAL_UART_Receive_IT  stm32f4xx_hal_uart.o
    0x08004fc0   0x08004fc0   0x00000068   Code   RO          799    i.HAL_UART_RxCpltCallback  serial.o
    0x08005028   0x08005028   0x00000002   Code   RO         5127    i.HAL_UART_RxHalfCpltCallback  stm32f4xx_hal_uart.o
    0x0800502a   0x0800502a   0x000000d8   Code   RO         5128    i.HAL_UART_Transmit  stm32f4xx_hal_uart.o
    0x08005102   0x08005102   0x00000002   PAD
    0x08005104   0x08005104   0x0000009c   Code   RO         5129    i.HAL_UART_Transmit_DMA  stm32f4xx_hal_uart.o
    0x080051a0   0x080051a0   0x00000002   Code   RO         5131    i.HAL_UART_TxCpltCallback  stm32f4xx_hal_uart.o
    0x080051a2   0x080051a2   0x00000002   Code   RO         5132    i.HAL_UART_TxHalfCpltCallback  stm32f4xx_hal_uart.o
    0x080051a4   0x080051a4   0x00000004   Code   RO          565    i.HardFault_Handler  stm32f4xx_it.o
    0x080051a8   0x080051a8   0x00000010   Code   RO          566    i.I2C2_EV_IRQHandler  stm32f4xx_it.o
    0x080051b8   0x080051b8   0x0000001c   Code   RO         3703    i.I2C_ConvertOtherXferOptions  stm32f4xx_hal_i2c.o
    0x080051d4   0x080051d4   0x000000f8   Code   RO         3704    i.I2C_DMAAbort      stm32f4xx_hal_i2c.o
    0x080052cc   0x080052cc   0x000001ac   Code   RO         3707    i.I2C_ITError       stm32f4xx_hal_i2c.o
    0x08005478   0x08005478   0x00000126   Code   RO         3709    i.I2C_MasterReceive_BTF  stm32f4xx_hal_i2c.o
    0x0800559e   0x0800559e   0x000000e2   Code   RO         3710    i.I2C_MasterReceive_RXNE  stm32f4xx_hal_i2c.o
    0x08005680   0x08005680   0x0000008a   Code   RO         3713    i.I2C_MasterTransmit_BTF  stm32f4xx_hal_i2c.o
    0x0800570a   0x0800570a   0x000000d8   Code   RO         3714    i.I2C_MasterTransmit_TXE  stm32f4xx_hal_i2c.o
    0x080057e2   0x080057e2   0x0000002a   Code   RO         3715    i.I2C_Master_ADD10  stm32f4xx_hal_i2c.o
    0x0800580c   0x0800580c   0x00000268   Code   RO         3716    i.I2C_Master_ADDR   stm32f4xx_hal_i2c.o
    0x08005a74   0x08005a74   0x0000009e   Code   RO         3717    i.I2C_Master_SB     stm32f4xx_hal_i2c.o
    0x08005b12   0x08005b12   0x000000b8   Code   RO         3718    i.I2C_MemoryTransmit_TXE_BTF  stm32f4xx_hal_i2c.o
    0x08005bca   0x08005bca   0x0000001a   Code   RO         3721    i.I2C_SlaveReceive_BTF  stm32f4xx_hal_i2c.o
    0x08005be4   0x08005be4   0x00000046   Code   RO         3722    i.I2C_SlaveReceive_RXNE  stm32f4xx_hal_i2c.o
    0x08005c2a   0x08005c2a   0x0000001a   Code   RO         3723    i.I2C_SlaveTransmit_BTF  stm32f4xx_hal_i2c.o
    0x08005c44   0x08005c44   0x00000046   Code   RO         3724    i.I2C_SlaveTransmit_TXE  stm32f4xx_hal_i2c.o
    0x08005c8a   0x08005c8a   0x00000066   Code   RO         3725    i.I2C_Slave_ADDR    stm32f4xx_hal_i2c.o
    0x08005cf0   0x08005cf0   0x0000018c   Code   RO         3727    i.I2C_Slave_STOPF   stm32f4xx_hal_i2c.o
    0x08005e7c   0x08005e7c   0x00000050   Code   RO         3733    i.I2C_WaitOnSTOPRequestThroughIT  stm32f4xx_hal_i2c.o
    0x08005ecc   0x08005ecc   0x000000cc   Code   RO         1508    i.IKUN_State        posture_task.o
    0x08005f98   0x08005f98   0x00000098   Code   RO          852    i.JY901_Init        jy901s.o
    0x08006030   0x08006030   0x00000054   Code   RO          853    i.JY901_Read        jy901s.o
    0x08006084   0x08006084   0x00000014   Code   RO          854    i.JY901_sendcmd     jy901s.o
    0x08006098   0x08006098   0x000004d4   Code   RO         1691    i.Jump_OnlyOnce     jump_task.o
    0x0800656c   0x0800656c   0x00000040   Code   RO         1692    i.Jump_Task         jump_task.o
    0x080065ac   0x080065ac   0x00000034   Code   RO         1971    i.LED_Off           drv_led.o
    0x080065e0   0x080065e0   0x00000034   Code   RO         1972    i.LED_On            drv_led.o
    0x08006614   0x08006614   0x00000006   Code   RO         1974    i.LL_GPIO_ResetOutputPin  drv_led.o
    0x0800661a   0x0800661a   0x00000004   Code   RO         1975    i.LL_GPIO_SetOutputPin  drv_led.o
    0x0800661e   0x0800661e   0x00000002   PAD
    0x08006620   0x08006620   0x00000044   Code   RO          365    i.MX_CAN1_Init      can.o
    0x08006664   0x08006664   0x00000044   Code   RO          366    i.MX_CAN2_Init      can.o
    0x080066a8   0x080066a8   0x00000038   Code   RO          412    i.MX_DMA_Init       dma.o
    0x080066e0   0x080066e0   0x000000d4   Code   RO          247    i.MX_FREERTOS_Init  freertos.o
    0x080067b4   0x080067b4   0x000000dc   Code   RO          223    i.MX_GPIO_Init      gpio.o
    0x08006890   0x08006890   0x00000058   Code   RO          438    i.MX_I2C2_Init      i2c.o
    0x080068e8   0x080068e8   0x00000038   Code   RO          480    i.MX_UART7_Init     usart.o
    0x08006920   0x08006920   0x00000038   Code   RO          482    i.MX_USART6_UART_Init  usart.o
    0x08006958   0x08006958   0x00000004   Code   RO          567    i.MemManage_Handler  stm32f4xx_it.o
    0x0800695c   0x0800695c   0x000001b4   Code   RO         1446    i.Motor_Task        motor_task.o
    0x08006b10   0x08006b10   0x00000004   Code   RO          568    i.NMI_Handler       stm32f4xx_it.o
    0x08006b14   0x08006b14   0x0000021c   Code   RO         1767    i.PID_Calc          pid.o
    0x08006d30   0x08006d30   0x00000038   Code   RO         1768    i.PID_Init          pid.o
    0x08006d68   0x08006d68   0x0000000e   Code   RO         1769    i.PID_Reset         pid.o
    0x08006d76   0x08006d76   0x00000002   PAD
    0x08006d78   0x08006d78   0x000001b0   Code   RO         1693    i.Polar_setCoord    jump_task.o
    0x08006f28   0x08006f28   0x00000070   Code   RO         1823    i.Polar_toCartesian  stanford_type.o
    0x08006f98   0x08006f98   0x00000190   Code   RO         1509    i.Posture_Task      posture_task.o
    0x08007128   0x08007128   0x0000001c   Code   RO         1663    i.Process_Task      process_task.o
    0x08007144   0x08007144   0x00000028   Code   RO          800    i.RC_Start          serial.o
    0x0800716c   0x0800716c   0x000000b4   Code   RO          801    i.RC_Transform      serial.o
    0x08007220   0x08007220   0x00000014   Code   RO          802    i.RemoCtrl_Data_Handle  serial.o
    0x08007234   0x08007234   0x00000034   Code   RO         1569    i.RemoCtrl_Task     remoctrl_task.o
    0x08007268   0x08007268   0x00000020   Code   RO         1739    i.Standup_Task      standup_task.o
    0x08007288   0x08007288   0x0000000a   Code   RO          288    i.Stanford_Type_Lite_Init  freertos.o
    0x08007292   0x08007292   0x00000092   Code   RO         1827    i.Stanford_Type_Lite_Inverse_Kinematics  stanford_type.o
    0x08007324   0x08007324   0x0000000a   Code   RO          300    i.Stanford_Type_Lite_SetPosition  freertos.o
    0x0800732e   0x0800732e   0x00000002   PAD
    0x08007330   0x08007330   0x00000034   Code   RO         7076    i.SysTick_Handler   port.o
    0x08007364   0x08007364   0x000000bc   Code   RO           15    i.SystemClock_Config  main.o
    0x08007420   0x08007420   0x0000001c   Code   RO         5427    i.SystemInit        system_stm32f4xx.o
    0x0800743c   0x0800743c   0x00000010   Code   RO          569    i.TIM6_DAC_IRQHandler  stm32f4xx_it.o
    0x0800744c   0x0800744c   0x000000d8   Code   RO         4246    i.TIM_Base_SetConfig  stm32f4xx_hal_tim.o
    0x08007524   0x08007524   0x000001a4   Code   RO         1510    i.Target_toMotor    posture_task.o
    0x080076c8   0x080076c8   0x00000010   Code   RO          570    i.UART7_IRQHandler  stm32f4xx_it.o
    0x080076d8   0x080076d8   0x000000e0   Code   RO          483    i.UART8_DMA_Config  usart.o
    0x080077b8   0x080077b8   0x00000010   Code   RO          571    i.UART8_IRQHandler  stm32f4xx_it.o
    0x080077c8   0x080077c8   0x00000044   Code   RO          484    i.UART8_Init        usart.o
    0x0800780c   0x0800780c   0x00000014   Code   RO         5133    i.UART_DMAAbortOnError  stm32f4xx_hal_uart.o
    0x08007820   0x08007820   0x00000050   Code   RO         5134    i.UART_DMAError     stm32f4xx_hal_uart.o
    0x08007870   0x08007870   0x00000046   Code   RO         5135    i.UART_DMAReceiveCplt  stm32f4xx_hal_uart.o
    0x080078b6   0x080078b6   0x0000000e   Code   RO         5137    i.UART_DMARxHalfCplt  stm32f4xx_hal_uart.o
    0x080078c4   0x080078c4   0x00000036   Code   RO         5139    i.UART_DMATransmitCplt  stm32f4xx_hal_uart.o
    0x080078fa   0x080078fa   0x0000000e   Code   RO         5141    i.UART_DMATxHalfCplt  stm32f4xx_hal_uart.o
    0x08007908   0x08007908   0x00000020   Code   RO         5143    i.UART_EndRxTransfer  stm32f4xx_hal_uart.o
    0x08007928   0x08007928   0x00000020   Code   RO         5144    i.UART_EndTransmit_IT  stm32f4xx_hal_uart.o
    0x08007948   0x08007948   0x00000014   Code   RO         5145    i.UART_EndTxTransfer  stm32f4xx_hal_uart.o
    0x0800795c   0x0800795c   0x000000a6   Code   RO         5146    i.UART_Receive_IT   stm32f4xx_hal_uart.o
    0x08007a02   0x08007a02   0x00000002   PAD
    0x08007a04   0x08007a04   0x000003e8   Code   RO         5147    i.UART_SetConfig    stm32f4xx_hal_uart.o
    0x08007dec   0x08007dec   0x00000068   Code   RO         5148    i.UART_Transmit_IT  stm32f4xx_hal_uart.o
    0x08007e54   0x08007e54   0x0000006c   Code   RO         5149    i.UART_WaitOnFlagUntilTimeout  stm32f4xx_hal_uart.o
    0x08007ec0   0x08007ec0   0x00000088   Code   RO          485    i.USART1_DMA_Config  usart.o
    0x08007f48   0x08007f48   0x00000010   Code   RO          572    i.USART1_IRQHandler  stm32f4xx_it.o
    0x08007f58   0x08007f58   0x00000038   Code   RO          486    i.USART1_Init       usart.o
    0x08007f90   0x08007f90   0x00000004   Code   RO          573    i.UsageFault_Handler  stm32f4xx_it.o
    0x08007f94   0x08007f94   0x00000018   Code   RO         1570    i._UART_Receive_Bytes  remoctrl_task.o
    0x08007fac   0x08007fac   0x00000018   Code   RO         1571    i._UART_Transmit_Bytes  remoctrl_task.o
    0x08007fc4   0x08007fc4   0x00000026   Code   RO         7313    i.__ARM_fpclassifyf  m_wm.l(fpclassifyf.o)
    0x08007fea   0x08007fea   0x00000002   PAD
    0x08007fec   0x08007fec   0x00000010   Code   RO         3262    i.__NVIC_GetPriorityGrouping  stm32f4xx_hal_cortex.o
    0x08007ffc   0x08007ffc   0x00000028   Code   RO         3263    i.__NVIC_SetPriority  stm32f4xx_hal_cortex.o
    0x08008024   0x08008024   0x00000006   Code   RO         6581    i.__get_BASEPRI     cmsis_os2.o
    0x0800802a   0x0800802a   0x00000006   Code   RO         6582    i.__get_IPSR        cmsis_os2.o
    0x08008030   0x08008030   0x00000006   Code   RO         6583    i.__get_PRIMASK     cmsis_os2.o
    0x08008036   0x08008036   0x00000002   PAD
    0x08008038   0x08008038   0x00000118   Code   RO         7152    i.__hardfp_acosf    m_wm.l(acosf.o)
    0x08008150   0x08008150   0x0000012c   Code   RO         7164    i.__hardfp_asinf    m_wm.l(asinf.o)
    0x0800827c   0x0800827c   0x00000150   Code   RO         7202    i.__hardfp_cosf     m_wm.l(cosf.o)
    0x080083cc   0x080083cc   0x00000014   Code   RO         7214    i.__hardfp_fabs     m_wm.l(fabs.o)
    0x080083e0   0x080083e0   0x000000b0   Code   RO         7220    i.__hardfp_fmodf    m_wm.l(fmodf.o)
    0x08008490   0x08008490   0x00000190   Code   RO         7232    i.__hardfp_sinf     m_wm.l(sinf.o)
    0x08008620   0x08008620   0x0000003a   Code   RO         7256    i.__hardfp_sqrtf    m_wm.l(sqrtf.o)
    0x0800865a   0x0800865a   0x00000006   Code   RO         7316    i.__mathlib_flt_infnan  m_wm.l(funder.o)
    0x08008660   0x08008660   0x00000010   Code   RO         7318    i.__mathlib_flt_invalid  m_wm.l(funder.o)
    0x08008670   0x08008670   0x00000010   Code   RO         7321    i.__mathlib_flt_underflow  m_wm.l(funder.o)
    0x08008680   0x08008680   0x00000154   Code   RO         7331    i.__mathlib_rredf2  m_wm.l(rredf.o)
    0x080087d4   0x080087d4   0x0000000e   Code   RO         7378    i.__scatterload_copy  mc_w.l(handlers.o)
    0x080087e2   0x080087e2   0x00000002   Code   RO         7379    i.__scatterload_null  mc_w.l(handlers.o)
    0x080087e4   0x080087e4   0x0000000e   Code   RO         7380    i.__scatterload_zeroinit  mc_w.l(handlers.o)
    0x080087f2   0x080087f2   0x00000002   PAD
    0x080087f4   0x080087f4   0x0000000c   Code   RO         7358    i.__set_errno       mc_w.l(errno.o)
    0x08008800   0x08008800   0x0000002e   Code   RO         1770    i.abs_limit         pid.o
    0x0800882e   0x0800882e   0x00000002   PAD
    0x08008830   0x08008830   0x000000e0   Code   RO         1075    i.caculate_LegRevise  ahrs_task.o
    0x08008910   0x08008910   0x00000134   Code   RO          905    i.dm_j8009_all_ctrl  dm_j8009_ctrl.o
    0x08008a44   0x08008a44   0x0000022c   Code   RO          906    i.dm_j8009_all_disable  dm_j8009_ctrl.o
    0x08008c70   0x08008c70   0x0000022c   Code   RO          907    i.dm_j8009_all_enable  dm_j8009_ctrl.o
    0x08008e9c   0x08008e9c   0x000000b8   Code   RO          908    i.dm_j8009_pos_ctrl  dm_j8009_ctrl.o
    0x08008f54   0x08008f54   0x00000032   Code   RO          969    i.float_to_uint     dm8009_drv.o
    0x08008f86   0x08008f86   0x0000004c   Code   RO           16    i.main              main.o
    0x08008fd2   0x08008fd2   0x00000002   PAD
    0x08008fd4   0x08008fd4   0x00000038   Code   RO         6584    i.osDelay           cmsis_os2.o
    0x0800900c   0x0800900c   0x00000040   Code   RO         6598    i.osKernelInitialize  cmsis_os2.o
    0x0800904c   0x0800904c   0x00000048   Code   RO         6601    i.osKernelStart     cmsis_os2.o
    0x08009094   0x08009094   0x000000d4   Code   RO         6634    i.osThreadNew       cmsis_os2.o
    0x08009168   0x08009168   0x00000040   Code   RO         6635    i.osThreadResume    cmsis_os2.o
    0x080091a8   0x080091a8   0x00000040   Code   RO         6637    i.osThreadSuspend   cmsis_os2.o
    0x080091e8   0x080091e8   0x0000007c   Code   RO         6041    i.prvAddCurrentTaskToDelayedList  tasks.o
    0x08009264   0x08009264   0x000000b8   Code   RO         6042    i.prvAddNewTaskToReadyList  tasks.o
    0x0800931c   0x0800931c   0x00000074   Code   RO         6405    i.prvCheckForValidListAndQueue  timers.o
    0x08009390   0x08009390   0x00000048   Code   RO         6043    i.prvCheckTasksWaitingTermination  tasks.o
    0x080093d8   0x080093d8   0x0000002a   Code   RO         5631    i.prvCopyDataFromQueue  queue.o
    0x08009402   0x08009402   0x0000007e   Code   RO         5632    i.prvCopyDataToQueue  queue.o
    0x08009480   0x08009480   0x00000050   Code   RO         6044    i.prvDeleteTCB      tasks.o
    0x080094d0   0x080094d0   0x00000028   Code   RO         6406    i.prvGetNextExpireTime  timers.o
    0x080094f8   0x080094f8   0x0000007c   Code   RO         7026    i.prvHeapInit       heap_4.o
    0x08009574   0x08009574   0x00000028   Code   RO         6045    i.prvIdleTask       tasks.o
    0x0800959c   0x0800959c   0x0000002a   Code   RO         5635    i.prvInitialiseNewQueue  queue.o
    0x080095c6   0x080095c6   0x000000be   Code   RO         6046    i.prvInitialiseNewTask  tasks.o
    0x08009684   0x08009684   0x00000068   Code   RO         6047    i.prvInitialiseTaskLists  tasks.o
    0x080096ec   0x080096ec   0x00000068   Code   RO         7027    i.prvInsertBlockIntoFreeList  heap_4.o
    0x08009754   0x08009754   0x00000058   Code   RO         6408    i.prvInsertTimerInActiveList  timers.o
    0x080097ac   0x080097ac   0x0000001a   Code   RO         5636    i.prvIsQueueEmpty   queue.o
    0x080097c6   0x080097c6   0x0000001e   Code   RO         5637    i.prvIsQueueFull    queue.o
    0x080097e4   0x080097e4   0x00000074   Code   RO         6409    i.prvProcessExpiredTimer  timers.o
    0x08009858   0x08009858   0x00000164   Code   RO         6410    i.prvProcessReceivedCommands  timers.o
    0x080099bc   0x080099bc   0x00000074   Code   RO         6411    i.prvProcessTimerOrBlockTask  timers.o
    0x08009a30   0x08009a30   0x00000034   Code   RO         6049    i.prvResetNextTaskUnblockTime  tasks.o
    0x08009a64   0x08009a64   0x0000002c   Code   RO         6412    i.prvSampleTimeNow  timers.o
    0x08009a90   0x08009a90   0x000000a4   Code   RO         6413    i.prvSwitchTimerLists  timers.o
    0x08009b34   0x08009b34   0x00000040   Code   RO         7077    i.prvTaskExitError  port.o
    0x08009b74   0x08009b74   0x00000058   Code   RO         6051    i.prvTaskIsTaskSuspended  tasks.o
    0x08009bcc   0x08009bcc   0x0000001a   Code   RO         6414    i.prvTimerTask      timers.o
    0x08009be6   0x08009be6   0x0000007e   Code   RO         5638    i.prvUnlockQueue    queue.o
    0x08009c64   0x08009c64   0x0000013c   Code   RO         7028    i.pvPortMalloc      heap_4.o
    0x08009da0   0x08009da0   0x0000002c   Code   RO         7078    i.pxPortInitialiseStack  port.o
    0x08009dcc   0x08009dcc   0x00000046   Code   RO         2074    i.recvbuf_put_data  app_ebf_piddebug.o
    0x08009e12   0x08009e12   0x0000003e   Code   RO         7258    i.sqrtf             m_wm.l(sqrtf.o)
    0x08009e50   0x08009e50   0x00000034   Code   RO          970    i.uint_to_float     dm8009_drv.o
    0x08009e84   0x08009e84   0x00000028   Code   RO         5591    i.uxListRemove      list.o
    0x08009eac   0x08009eac   0x00000018   Code   RO         6646    i.vApplicationGetIdleTaskMemory  cmsis_os2.o
    0x08009ec4   0x08009ec4   0x00000018   Code   RO         6647    i.vApplicationGetTimerTaskMemory  cmsis_os2.o
    0x08009edc   0x08009edc   0x0000001a   Code   RO         5592    i.vListInitialise   list.o
    0x08009ef6   0x08009ef6   0x00000006   Code   RO         5593    i.vListInitialiseItem  list.o
    0x08009efc   0x08009efc   0x00000034   Code   RO         5594    i.vListInsert       list.o
    0x08009f30   0x08009f30   0x00000018   Code   RO         5595    i.vListInsertEnd    list.o
    0x08009f48   0x08009f48   0x00000054   Code   RO         7080    i.vPortEnterCritical  port.o
    0x08009f9c   0x08009f9c   0x0000003c   Code   RO         7081    i.vPortExitCritical  port.o
    0x08009fd8   0x08009fd8   0x00000094   Code   RO         7029    i.vPortFree         heap_4.o
    0x0800a06c   0x0800a06c   0x00000028   Code   RO         7082    i.vPortSetupTimerInterrupt  port.o
    0x0800a094   0x0800a094   0x00000078   Code   RO         7083    i.vPortValidateInterruptPriority  port.o
    0x0800a10c   0x0800a10c   0x0000002c   Code   RO         5644    i.vQueueAddToRegistry  queue.o
    0x0800a138   0x0800a138   0x0000004a   Code   RO         5648    i.vQueueWaitForMessageRestricted  queue.o
    0x0800a182   0x0800a182   0x00000002   PAD
    0x0800a184   0x0800a184   0x0000005c   Code   RO         6061    i.vTaskDelay        tasks.o
    0x0800a1e0   0x0800a1e0   0x000000d4   Code   RO         6062    i.vTaskDelayUntil   tasks.o
    0x0800a2b4   0x0800a2b4   0x00000018   Code   RO         6066    i.vTaskInternalSetTimeOutState  tasks.o
    0x0800a2cc   0x0800a2cc   0x0000000c   Code   RO         6067    i.vTaskMissedYield  tasks.o
    0x0800a2d8   0x0800a2d8   0x00000038   Code   RO         6069    i.vTaskPlaceOnEventList  tasks.o
    0x0800a310   0x0800a310   0x00000040   Code   RO         6070    i.vTaskPlaceOnEventListRestricted  tasks.o
    0x0800a350   0x0800a350   0x00000090   Code   RO         6075    i.vTaskResume       tasks.o
    0x0800a3e0   0x0800a3e0   0x000000b8   Code   RO         6078    i.vTaskStartScheduler  tasks.o
    0x0800a498   0x0800a498   0x000000c8   Code   RO         6079    i.vTaskSuspend      tasks.o
    0x0800a560   0x0800a560   0x00000010   Code   RO         6080    i.vTaskSuspendAll   tasks.o
    0x0800a570   0x0800a570   0x00000090   Code   RO         6081    i.vTaskSwitchContext  tasks.o
    0x0800a600   0x0800a600   0x00000168   Code   RO         7084    i.xPortStartScheduler  port.o
    0x0800a768   0x0800a768   0x000000e0   Code   RO         5654    i.xQueueGenericCreateStatic  queue.o
    0x0800a848   0x0800a848   0x00000098   Code   RO         5655    i.xQueueGenericReset  queue.o
    0x0800a8e0   0x0800a8e0   0x000001a8   Code   RO         5656    i.xQueueGenericSend  queue.o
    0x0800aa88   0x0800aa88   0x000000f8   Code   RO         5657    i.xQueueGenericSendFromISR  queue.o
    0x0800ab80   0x0800ab80   0x00000168   Code   RO         5666    i.xQueueReceive     queue.o
    0x0800ace8   0x0800ace8   0x0000008c   Code   RO         6082    i.xTaskCheckForTimeOut  tasks.o
    0x0800ad74   0x0800ad74   0x00000064   Code   RO         6083    i.xTaskCreate       tasks.o
    0x0800add8   0x0800add8   0x000000ba   Code   RO         6084    i.xTaskCreateStatic  tasks.o
    0x0800ae92   0x0800ae92   0x00000002   PAD
    0x0800ae94   0x0800ae94   0x00000020   Code   RO         6088    i.xTaskGetSchedulerState  tasks.o
    0x0800aeb4   0x0800aeb4   0x0000000c   Code   RO         6089    i.xTaskGetTickCount  tasks.o
    0x0800aec0   0x0800aec0   0x00000144   Code   RO         6091    i.xTaskIncrementTick  tasks.o
    0x0800b004   0x0800b004   0x000000a4   Code   RO         6094    i.xTaskPriorityDisinherit  tasks.o
    0x0800b0a8   0x0800b0a8   0x00000098   Code   RO         6096    i.xTaskRemoveFromEventList  tasks.o
    0x0800b140   0x0800b140   0x00000104   Code   RO         6097    i.xTaskResumeAll    tasks.o
    0x0800b244   0x0800b244   0x00000078   Code   RO         6422    i.xTimerCreateTimerTask  timers.o
    0x0800b2bc   0x0800b2bc   0x00000084   Code   RO         6423    i.xTimerGenericCommand  timers.o
    0x0800b340   0x0800b340   0x00000120   Data   RO          248    .constdata          freertos.o
    0x0800b460   0x0800b460   0x00000048   Data   RO         1040    .constdata          dm8009.o
    0x0800b4a8   0x0800b4a8   0x00000020   Data   RO         1512    .constdata          posture_task.o
    0x0800b4c8   0x0800b4c8   0x00000040   Data   RO         1695    .constdata          jump_task.o
    0x0800b508   0x0800b508   0x00000008   Data   RO         2961    .constdata          stm32f4xx_hal_dma.o
    0x0800b510   0x0800b510   0x00000018   Data   RO         5428    .constdata          system_stm32f4xx.o
    0x0800b528   0x0800b528   0x00000020   Data   RO         7332    .constdata          m_wm.l(rredf.o)
    0x0800b548   0x0800b548   0x00000043   Data   RO          249    .conststring        freertos.o
    0x0800b58b   0x0800b58b   0x00000001   PAD
    0x0800b58c   0x0800b58c   0x00000020   Data   RO         7376    Region$$Table       anon$$obj.o


    Execution Region RW_IRAM1 (Exec base: 0x20000000, Load base: 0x0800b5ac, Size: 0x00005df0, Max: 0x00030000, ABSOLUTE, COMPRESSED[0x0000011c])

    Exec Addr    Load Addr    Size         Type   Attr      Idx    E Section Name        Object

    0x20000000   COMPRESSED   0x00000020   Data   RW          250    .data               freertos.o
    0x20000020   COMPRESSED   0x00000004   Data   RW          368    .data               can.o
    0x20000024   COMPRESSED   0x00000002   Data   RW          804    .data               serial.o
    0x20000026   COMPRESSED   0x0000002d   Data   RW          856    .data               jy901s.o
    0x20000053   COMPRESSED   0x00000001   PAD
    0x20000054   COMPRESSED   0x00000040   Data   RW          909    .data               dm_j8009_ctrl.o
    0x20000094   COMPRESSED   0x00000008   Data   RW          972    .data               dm8009_drv.o
    0x2000009c   COMPRESSED   0x00000044   Data   RW         1077    .data               ahrs_task.o
    0x200000e0   COMPRESSED   0x00000001   Data   RW         1272    .data               detect_task.o
    0x200000e1   COMPRESSED   0x00000003   PAD
    0x200000e4   COMPRESSED   0x00000008   Data   RW         1448    .data               motor_task.o
    0x200000ec   COMPRESSED   0x0000000c   Data   RW         1513    .data               posture_task.o
    0x200000f8   COMPRESSED   0x00000029   Data   RW         1573    .data               remoctrl_task.o
    0x20000121   COMPRESSED   0x00000003   PAD
    0x20000124   COMPRESSED   0x00000419   Data   RW         1639    .data               gait_param.o
    0x2000053d   COMPRESSED   0x00000003   PAD
    0x20000540   COMPRESSED   0x00000005   Data   RW         1696    .data               jump_task.o
    0x20000545   COMPRESSED   0x00000003   PAD
    0x20000548   COMPRESSED   0x00000009   Data   RW         1740    .data               standup_task.o
    0x20000551   COMPRESSED   0x00000003   PAD
    0x20000554   COMPRESSED   0x00000009   Data   RW         3413    .data               stm32f4xx_hal.o
    0x2000055d   COMPRESSED   0x00000003   PAD
    0x20000560   COMPRESSED   0x00000004   Data   RW         5429    .data               system_stm32f4xx.o
    0x20000564   COMPRESSED   0x0000003c   Data   RW         6100    .data               tasks.o
    0x200005a0   COMPRESSED   0x00000014   Data   RW         6431    .data               timers.o
    0x200005b4   COMPRESSED   0x00000004   Data   RW         6649    .data               cmsis_os2.o
    0x200005b8   COMPRESSED   0x00000018   Data   RW         7034    .data               heap_4.o
    0x200005d0   COMPRESSED   0x0000000c   Data   RW         7085    .data               port.o
    0x200005dc   COMPRESSED   0x00000004   Data   RW         7359    .data               mc_w.l(errno.o)
    0x200005e0        -       0x00000050   Zero   RW          367    .bss                can.o
    0x20000630        -       0x00000054   Zero   RW          439    .bss                i2c.o
    0x20000684        -       0x00000220   Zero   RW          487    .bss                usart.o
    0x200008a4        -       0x00000040   Zero   RW          708    .bss                stm32f4xx_hal_timebase_tim.o
    0x200008e4        -       0x00000035   Zero   RW          803    .bss                serial.o
    0x20000919   COMPRESSED   0x00000007   PAD
    0x20000920        -       0x00000048   Zero   RW          855    .bss                jy901s.o
    0x20000968        -       0x00000118   Zero   RW          971    .bss                dm8009_drv.o
    0x20000a80        -       0x000003e8   Zero   RW         1039    .bss                dm8009.o
    0x20000e68        -       0x0000001c   Zero   RW         1076    .bss                ahrs_task.o
    0x20000e84        -       0x00000020   Zero   RW         1447    .bss                motor_task.o
    0x20000ea4        -       0x00000040   Zero   RW         1511    .bss                posture_task.o
    0x20000ee4        -       0x00000020   Zero   RW         1572    .bss                remoctrl_task.o
    0x20000f04        -       0x00000160   Zero   RW         1638    .bss                gait_param.o
    0x20001064        -       0x00000020   Zero   RW         1694    .bss                jump_task.o
    0x20001084        -       0x00000096   Zero   RW         2075    .bss                app_ebf_piddebug.o
    0x2000111a   COMPRESSED   0x00000002   PAD
    0x2000111c        -       0x00000040   Zero   RW         5670    .bss                queue.o
    0x2000115c        -       0x000004c4   Zero   RW         6099    .bss                tasks.o
    0x20001620        -       0x00000118   Zero   RW         6430    .bss                timers.o
    0x20001738        -       0x000006b8   Zero   RW         6648    .bss                cmsis_os2.o
    0x20001df0        -       0x00003c00   Zero   RW         7033    .bss                heap_4.o
    0x200059f0        -       0x00000400   Zero   RW            1    STACK               startup_stm32f427xx.o


==============================================================================

Image component sizes


      Code (inc. data)   RO Data    RW Data    ZI Data      Debug   Object Name

       268         58          0         68         28     630552   ahrs_task.o
        76          0          0          0          0       1798   app_btdebug.o
       122          6          0          0        150       5200   app_ebf_piddebug.o
       492         42          0          4         80       2958   can.o
       598         50          0          4       1720      33869   cmsis_os2.o
       404         12          0          0          0       2451   cycloid_generator.o
        80          4          0          1          0     757910   detect_task.o
       316         46         72          0       1000       2567   dm8009.o
       718         72          0          8        280       6633   dm8009_drv.o
      1604         54          0         64          0       4413   dm_j8009_ctrl.o
        56          4          0          0          0        974   dma.o
       114         24          0          0          0       6375   drv_led.o
         0          0          0          0          0      18648   event_groups.o
       232         96        355         32          0       8302   freertos.o
         0          0          0       1049        352       3862   gait_param.o
       220          4          0          0          0       1223   gpio.o
       692         62          0         24      15360       5235   heap_4.o
       240         26          0          0         84       2101   i2c.o
      1732        104         64          5         32       4491   jump_task.o
       964         90          0         45         72       6408   jy901s.o
       148          0          0          0          0       4030   list.o
       294         14          0          0          0     764933   main.o
       436         34          0          8         32       2105   motor_task.o
       656          6          0          0          0       4378   pid.o
      1014         92          0         12          0      12633   port.o
      2512        206         32         12         64       5958   posture_task.o
        28         10          0          0          0        563   process_task.o
      1918         20          0          0         64      18576   queue.o
      3968        156          0         41         32       9381   remoctrl_task.o
       344         46          0          2         53       5752   serial.o
        32         10          0          9          0        994   standup_task.o
       258          8          0          0          0       2964   stanford_type.o
        36          8        428          0       1024        928   startup_stm32f427xx.o
       136         24          0          9          0       9418   stm32f4xx_hal.o
      2188          6          0          0          0      16673   stm32f4xx_hal_can.o
       252         22          0          0          0      34138   stm32f4xx_hal_cortex.o
      1442         16          8          0          0       8409   stm32f4xx_hal_dma.o
       540         54          0          0          0       1828   stm32f4xx_hal_gpio.o
      4300         48          0          0          0      25253   stm32f4xx_hal_i2c.o
       156          0          0          0          0       2151   stm32f4xx_hal_i2c_ex.o
        84          6          0          0          0       1070   stm32f4xx_hal_msp.o
       140         12          0          0          0       1436   stm32f4xx_hal_pwr_ex.o
      1868         94          0          0          0       6889   stm32f4xx_hal_rcc.o
       726         46          0          0          0       7110   stm32f4xx_hal_tim.o
         4          0          0          0          0       1801   stm32f4xx_hal_tim_ex.o
       140         18          0          0         64       1783   stm32f4xx_hal_timebase_tim.o
      3182         40          0          0          0      20364   stm32f4xx_hal_uart.o
       210         70          0          0          0      10114   stm32f4xx_it.o
        28          4         24          4          0       1391   system_stm32f4xx.o
      3452        408          0         60       1220      33757   tasks.o
      1318        124          0         20        280      34207   timers.o
      1160        124          0          0        544       6046   usart.o

    ----------------------------------------------------------------------
     41934       2480       1016       1500      22544    2563003   Object Totals
         0          0         32          0          0          0   (incl. Generated)
        36          0          1         19          9          0   (incl. Padding)

    ----------------------------------------------------------------------

      Code (inc. data)   RO Data    RW Data    ZI Data      Debug   Library Member Name

       280         46          0          0          0        176   acosf.o
       300         42          0          0          0        176   asinf.o
       336         56          0          0          0        136   cosf.o
        20          0          0          0          0        124   fabs.o
       176          0          0          0          0        168   fmodf.o
        38          0          0          0          0        116   fpclassifyf.o
        38         12          0          0          0        348   funder.o
       340         24         32          0          0        160   rredf.o
       400         56          0          0          0        212   sinf.o
       120          0          0          0          0        272   sqrtf.o
        86          0          0          0          0          0   __dczerorl2.o
         0          0          0          0          0          0   entry.o
         0          0          0          0          0          0   entry10a.o
         0          0          0          0          0          0   entry11a.o
         4          0          0          0          0          0   entry12b.o
         8          4          0          0          0          0   entry2.o
         4          0          0          0          0          0   entry5.o
         0          0          0          0          0          0   entry7b.o
         0          0          0          0          0          0   entry8b.o
         8          4          0          0          0          0   entry9a.o
        12          6          0          4          0         68   errno.o
        30          0          0          0          0          0   handlers.o
        36          8          0          0          0         68   init.o
         0          0          0          0          0          0   iusefp.o
        30          0          0          0          0         68   llshl.o
        32          0          0          0          0         68   llushr.o
        36          0          0          0          0         68   memcpya.o
        36          0          0          0          0        108   memseta.o
        98          0          0          0          0         92   uldiv.o
        48          0          0          0          0         68   cdcmple.o
        48          0          0          0          0         68   cdrcmple.o
        56          0          0          0          0         88   d2f.o
       222          0          0          0          0        100   ddiv.o
       186          0          0          0          0        176   depilogue.o
        34          0          0          0          0         76   dflti.o
       228          0          0          0          0         96   dmul.o
        38          0          0          0          0         68   f2d.o
       110          0          0          0          0        168   fepilogue.o
        82          0          0          0          0         96   frem.o

    ----------------------------------------------------------------------
      3526        258         32          4          0       3432   Library Totals
         6          0          0          0          0          0   (incl. Padding)

    ----------------------------------------------------------------------

      Code (inc. data)   RO Data    RW Data    ZI Data      Debug   Library Name

      2048        236         32          0          0       1888   m_wm.l
       420         22          0          4          0        540   mc_w.l
      1052          0          0          0          0       1004   mf_w.l

    ----------------------------------------------------------------------
      3526        258         32          4          0       3432   Library Totals

    ----------------------------------------------------------------------

==============================================================================


      Code (inc. data)   RO Data    RW Data    ZI Data      Debug   

     45460       2738       1048       1504      22544    2536891   Grand Totals
     45460       2738       1048        284      22544    2536891   ELF Image Totals (compressed)
     45460       2738       1048        284          0          0   ROM Totals

==============================================================================

    Total RO  Size (Code + RO Data)                46508 (  45.42kB)
    Total RW  Size (RW Data + ZI Data)             24048 (  23.48kB)
    Total ROM Size (Code + RO Data + RW Data)      46792 (  45.70kB)

==============================================================================

