Component: ARM Compiler 5.06 update 7 (build 960) Tool: armlink [4d3601]

==============================================================================

Section Cross References

    startup_stm32f427xx.o(STACK) refers (Special) to heapauxi.o(.text) for __use_two_region_memory
    startup_stm32f427xx.o(HEAP) refers (Special) to heapauxi.o(.text) for __use_two_region_memory
    startup_stm32f427xx.o(RESET) refers (Special) to heapauxi.o(.text) for __use_two_region_memory
    startup_stm32f427xx.o(RESET) refers to startup_stm32f427xx.o(STACK) for __initial_sp
    startup_stm32f427xx.o(RESET) refers to startup_stm32f427xx.o(.text) for Reset_Handler
    startup_stm32f427xx.o(RESET) refers to stm32f4xx_it.o(i.NMI_Handler) for NMI_Handler
    startup_stm32f427xx.o(RESET) refers to stm32f4xx_it.o(i.HardFault_Handler) for HardFault_Handler
    startup_stm32f427xx.o(RESET) refers to stm32f4xx_it.o(i.MemManage_Handler) for MemManage_Handler
    startup_stm32f427xx.o(RESET) refers to stm32f4xx_it.o(i.BusFault_Handler) for BusFault_Handler
    startup_stm32f427xx.o(RESET) refers to stm32f4xx_it.o(i.UsageFault_Handler) for UsageFault_Handler
    startup_stm32f427xx.o(RESET) refers to port.o(.emb_text) for SVC_Handler
    startup_stm32f427xx.o(RESET) refers to stm32f4xx_it.o(i.DebugMon_Handler) for DebugMon_Handler
    startup_stm32f427xx.o(RESET) refers to port.o(i.SysTick_Handler) for SysTick_Handler
    startup_stm32f427xx.o(RESET) refers to stm32f4xx_it.o(i.CAN1_RX0_IRQHandler) for CAN1_RX0_IRQHandler
    startup_stm32f427xx.o(RESET) refers to stm32f4xx_it.o(i.TIM4_IRQHandler) for TIM4_IRQHandler
    startup_stm32f427xx.o(RESET) refers to stm32f4xx_it.o(i.USART1_IRQHandler) for USART1_IRQHandler
    startup_stm32f427xx.o(RESET) refers to stm32f4xx_it.o(i.DMA2_Stream1_IRQHandler) for DMA2_Stream1_IRQHandler
    startup_stm32f427xx.o(RESET) refers to stm32f4xx_it.o(i.CAN2_RX0_IRQHandler) for CAN2_RX0_IRQHandler
    startup_stm32f427xx.o(RESET) refers to stm32f4xx_it.o(i.DMA2_Stream5_IRQHandler) for DMA2_Stream5_IRQHandler
    startup_stm32f427xx.o(RESET) refers to stm32f4xx_it.o(i.DMA2_Stream6_IRQHandler) for DMA2_Stream6_IRQHandler
    startup_stm32f427xx.o(RESET) refers to stm32f4xx_it.o(i.USART6_IRQHandler) for USART6_IRQHandler
    startup_stm32f427xx.o(.text) refers (Special) to heapauxi.o(.text) for __use_two_region_memory
    startup_stm32f427xx.o(.text) refers to system_stm32f4xx.o(i.SystemInit) for SystemInit
    startup_stm32f427xx.o(.text) refers to __main.o(!!!main) for __main
    startup_stm32f427xx.o(.text) refers to startup_stm32f427xx.o(HEAP) for Heap_Mem
    startup_stm32f427xx.o(.text) refers to startup_stm32f427xx.o(STACK) for Stack_Mem
    main.o(i.HAL_TIM_PeriodElapsedCallback) refers to stm32f4xx_hal.o(i.HAL_IncTick) for HAL_IncTick
    main.o(i.SystemClock_Config) refers to rt_memclr_w.o(.text) for __aeabi_memclr4
    main.o(i.SystemClock_Config) refers to stm32f4xx_hal_rcc.o(i.HAL_RCC_OscConfig) for HAL_RCC_OscConfig
    main.o(i.SystemClock_Config) refers to stm32f4xx_hal_rcc.o(i.HAL_RCC_ClockConfig) for HAL_RCC_ClockConfig
    main.o(i.main) refers to stm32f4xx_hal.o(i.HAL_Init) for HAL_Init
    main.o(i.main) refers to main.o(i.SystemClock_Config) for SystemClock_Config
    main.o(i.main) refers to gpio.o(i.MX_GPIO_Init) for MX_GPIO_Init
    main.o(i.main) refers to dma.o(i.MX_DMA_Init) for MX_DMA_Init
    main.o(i.main) refers to can.o(i.MX_CAN1_Init) for MX_CAN1_Init
    main.o(i.main) refers to can.o(i.MX_CAN2_Init) for MX_CAN2_Init
    main.o(i.main) refers to usart.o(i.MX_USART1_UART_Init) for MX_USART1_UART_Init
    main.o(i.main) refers to usart.o(i.MX_USART6_UART_Init) for MX_USART6_UART_Init
    main.o(i.main) refers to tim.o(i.MX_TIM2_Init) for MX_TIM2_Init
    main.o(i.main) refers to stm32f4xx_hal_gpio.o(i.HAL_GPIO_WritePin) for HAL_GPIO_WritePin
    main.o(i.main) refers to remote_control.o(i.remote_control_init) for remote_control_init
    main.o(i.main) refers to bsp_can.o(i.can_filter_init) for can_filter_init
    main.o(i.main) refers to referee.o(i.init_referee_struct_data) for init_referee_struct_data
    main.o(i.main) refers to referee_usart_task.o(i.referee_uart_init) for referee_uart_init
    main.o(i.main) refers to stm32f4xx_hal_tim.o(i.HAL_TIM_Base_Start) for HAL_TIM_Base_Start
    main.o(i.main) refers to stm32f4xx_hal_tim.o(i.HAL_TIM_PWM_Start) for HAL_TIM_PWM_Start
    main.o(i.main) refers to freertos.o(i.MX_FREERTOS_Init) for MX_FREERTOS_Init
    main.o(i.main) refers to cmsis_os.o(i.osKernelStart) for osKernelStart
    main.o(i.main) refers to tim.o(.bss) for htim2
    gpio.o(i.MX_GPIO_Init) refers to rt_memclr_w.o(.text) for __aeabi_memclr4
    gpio.o(i.MX_GPIO_Init) refers to stm32f4xx_hal_gpio.o(i.HAL_GPIO_WritePin) for HAL_GPIO_WritePin
    gpio.o(i.MX_GPIO_Init) refers to stm32f4xx_hal_gpio.o(i.HAL_GPIO_Init) for HAL_GPIO_Init
    freertos.o(i.MX_FREERTOS_Init) refers to rt_memcpy_w.o(.text) for __aeabi_memcpy4
[...]
    __rt_lib_init_rand_1                     0x08000247   Thumb Code     0  libinit2.o(.ARM.Collect$$libinit$$0000000E)
    __rt_lib_init_return                     0x08000247   Thumb Code     0  libinit2.o(.ARM.Collect$$libinit$$00000033)
    __rt_lib_init_signal_1                   0x08000247   Thumb Code     0  libinit2.o(.ARM.Collect$$libinit$$0000001D)
    __rt_lib_init_stdio_1                    0x08000247   Thumb Code     0  libinit2.o(.ARM.Collect$$libinit$$00000025)
    __rt_lib_init_user_alloc_1               0x08000247   Thumb Code     0  libinit2.o(.ARM.Collect$$libinit$$0000000C)
    __rt_lib_shutdown                        0x08000249   Thumb Code     0  libshutdown.o(.ARM.Collect$$libshutdown$$00000000)
    __rt_lib_shutdown_cpp_1                  0x0800024b   Thumb Code     0  libshutdown2.o(.ARM.Collect$$libshutdown$$00000004)
    __rt_lib_shutdown_fini_1                 0x0800024b   Thumb Code     0  libshutdown2.o(.ARM.Collect$$libshutdown$$00000002)
    __rt_lib_shutdown_fp_trap_1              0x0800024b   Thumb Code     0  libshutdown2.o(.ARM.Collect$$libshutdown$$00000009)
    __rt_lib_shutdown_heap_1                 0x0800024b   Thumb Code     0  libshutdown2.o(.ARM.Collect$$libshutdown$$00000011)
    __rt_lib_shutdown_return                 0x0800024b   Thumb Code     0  libshutdown2.o(.ARM.Collect$$libshutdown$$00000012)
    __rt_lib_shutdown_signal_1               0x0800024b   Thumb Code     0  libshutdown2.o(.ARM.Collect$$libshutdown$$0000000C)
    __rt_lib_shutdown_stdio_1                0x0800024b   Thumb Code     0  libshutdown2.o(.ARM.Collect$$libshutdown$$00000006)
    __rt_lib_shutdown_user_alloc_1           0x0800024b   Thumb Code     0  libshutdown2.o(.ARM.Collect$$libshutdown$$0000000E)
    __rt_entry                               0x0800024d   Thumb Code     0  __rtentry.o(.ARM.Collect$$rtentry$$00000000)
    __rt_entry_presh_1                       0x0800024d   Thumb Code     0  __rtentry2.o(.ARM.Collect$$rtentry$$00000002)
    __rt_entry_sh                            0x0800024d   Thumb Code     0  __rtentry4.o(.ARM.Collect$$rtentry$$00000004)
    __rt_entry_li                            0x08000253   Thumb Code     0  __rtentry2.o(.ARM.Collect$$rtentry$$0000000A)
    __rt_entry_postsh_1                      0x08000253   Thumb Code     0  __rtentry2.o(.ARM.Collect$$rtentry$$00000009)
    __rt_entry_main                          0x08000257   Thumb Code     0  __rtentry2.o(.ARM.Collect$$rtentry$$0000000D)
    __rt_entry_postli_1                      0x08000257   Thumb Code     0  __rtentry2.o(.ARM.Collect$$rtentry$$0000000C)
    __rt_exit                                0x0800025f   Thumb Code     0  rtexit.o(.ARM.Collect$$rtexit$$00000000)
    __rt_exit_ls                             0x08000261   Thumb Code     0  rtexit2.o(.ARM.Collect$$rtexit$$00000003)
    __rt_exit_prels_1                        0x08000261   Thumb Code     0  rtexit2.o(.ARM.Collect$$rtexit$$00000002)
    __rt_exit_exit                           0x08000265   Thumb Code     0  rtexit2.o(.ARM.Collect$$rtexit$$00000004)
    SVC_Handler                              0x0800026d   Thumb Code    28  port.o(.emb_text)
    __asm___6_port_c_39a90d8d__prvStartFirstTask 0x0800028d   Thumb Code    36  port.o(.emb_text)
    __asm___6_port_c_39a90d8d__prvEnableVFP  0x080002b5   Thumb Code    16  port.o(.emb_text)
    PendSV_Handler                           0x080002c9   Thumb Code    88  port.o(.emb_text)
    vPortGetIPSR                             0x08000325   Thumb Code     6  port.o(.emb_text)
    Reset_Handler                            0x0800032d   Thumb Code     8  startup_stm32f427xx.o(.text)
    ADC_IRQHandler                           0x08000347   Thumb Code     0  startup_stm32f427xx.o(.text)
    CAN1_RX1_IRQHandler                      0x08000347   Thumb Code     0  startup_stm32f427xx.o(.text)
    CAN1_SCE_IRQHandler                      0x08000347   Thumb Code     0  startup_stm32f427xx.o(.text)
    CAN1_TX_IRQHandler                       0x08000347   Thumb Code     0  startup_stm32f427xx.o(.text)
    CAN2_RX1_IRQHandler                      0x08000347   Thumb Code     0  startup_stm32f427xx.o(.text)
    CAN2_SCE_IRQHandler                      0x08000347   Thumb Code     0  startup_stm32f427xx.o(.text)
    CAN2_TX_IRQHandler                       0x08000347   Thumb Code     0  startup_stm32f427xx.o(.text)
    DCMI_IRQHandler                          0x08000347   Thumb Code     0  startup_stm32f427xx.o(.text)
    DMA1_Stream0_IRQHandler                  0x08000347   Thumb Code     0  startup_stm32f427xx.o(.text)
    DMA1_Stream1_IRQHandler                  0x08000347   Thumb Code     0  startup_stm32f427xx.o(.text)
    DMA1_Stream2_IRQHandler                  0x08000347   Thumb Code     0  startup_stm32f427xx.o(.text)
    DMA1_Stream3_IRQHandler                  0x08000347   Thumb Code     0  startup_stm32f427xx.o(.text)
    DMA1_Stream4_IRQHandler                  0x08000347   Thumb Code     0  startup_stm32f427xx.o(.text)
    DMA1_Stream5_IRQHandler                  0x08000347   Thumb Code     0  startup_stm32f427xx.o(.text)
    DMA1_Stream6_IRQHandler                  0x08000347   Thumb Code     0  startup_stm32f427xx.o(.text)
    DMA1_Stream7_IRQHandler                  0x08000347   Thumb Code     0  startup_stm32f427xx.o(.text)
    DMA2D_IRQHandler                         0x08000347   Thumb Code     0  startup_stm32f427xx.o(.text)
    DMA2_Stream0_IRQHandler                  0x08000347   Thumb Code     0  startup_stm32f427xx.o(.text)
    DMA2_Stream2_IRQHandler                  0x08000347   Thumb Code     0  startup_stm32f427xx.o(.text)
    DMA2_Stream3_IRQHandler                  0x08000347   Thumb Code     0  startup_stm32f427xx.o(.text)
    DMA2_Stream4_IRQHandler                  0x08000347   Thumb Code     0  startup_stm32f427xx.o(.text)
    DMA2_Stream7_IRQHandler                  0x08000347   Thumb Code     0  startup_stm32f427xx.o(.text)
    ETH_IRQHandler                           0x08000347   Thumb Code     0  startup_stm32f427xx.o(.text)
    ETH_WKUP_IRQHandler                      0x08000347   Thumb Code     0  startup_stm32f427xx.o(.text)
    EXTI0_IRQHandler                         0x08000347   Thumb Code     0  startup_stm32f427xx.o(.text)
    EXTI15_10_IRQHandler                     0x08000347   Thumb Code     0  startup_stm32f427xx.o(.text)
    EXTI1_IRQHandler                         0x08000347   Thumb Code     0  startup_stm32f427xx.o(.text)
    EXTI2_IRQHandler                         0x08000347   Thumb Code     0  startup_stm32f427xx.o(.text)
    EXTI3_IRQHandler                         0x08000347   Thumb Code     0  startup_stm32f427xx.o(.text)
    EXTI4_IRQHandler                         0x08000347   Thumb Code     0  startup_stm32f427xx.o(.text)
    EXTI9_5_IRQHandler                       0x08000347   Thumb Code     0  startup_stm32f427xx.o(.text)
    FLASH_IRQHandler                         0x08000347   Thumb Code     0  startup_stm32f427xx.o(.text)
    FMC_IRQHandler                           0x08000347   Thumb Code     0  startup_stm32f427xx.o(.text)
    FPU_IRQHandler                           0x08000347   Thumb Code     0  startup_stm32f427xx.o(.text)
    HASH_RNG_IRQHandler                      0x08000347   Thumb Code     0  startup_stm32f427xx.o(.text)
    I2C1_ER_IRQHandler                       0x08000347   Thumb Code     0  startup_stm32f427xx.o(.text)
    I2C1_EV_IRQHandler                       0x08000347   Thumb Code     0  startup_stm32f427xx.o(.text)
    I2C2_ER_IRQHandler                       0x08000347   Thumb Code     0  startup_stm32f427xx.o(.text)
    I2C2_EV_IRQHandler                       0x08000347   Thumb Code     0  startup_stm32f427xx.o(.text)
    I2C3_ER_IRQHandler                       0x08000347   Thumb Code     0  startup_stm32f427xx.o(.text)
    I2C3_EV_IRQHandler                       0x08000347   Thumb Code     0  startup_stm32f427xx.o(.text)
    OTG_FS_IRQHandler                        0x08000347   Thumb Code     0  startup_stm32f427xx.o(.text)
    OTG_FS_WKUP_IRQHandler                   0x08000347   Thumb Code     0  startup_stm32f427xx.o(.text)
    OTG_HS_EP1_IN_IRQHandler                 0x08000347   Thumb Code     0  startup_stm32f427xx.o(.text)
    OTG_HS_EP1_OUT_IRQHandler                0x08000347   Thumb Code     0  startup_stm32f427xx.o(.text)
    OTG_HS_IRQHandler                        0x08000347   Thumb Code     0  startup_stm32f427xx.o(.text)
    OTG_HS_WKUP_IRQHandler                   0x08000347   Thumb Code     0  startup_stm32f427xx.o(.text)
    PVD_IRQHandler                           0x08000347   Thumb Code     0  startup_stm32f427xx.o(.text)
    RCC_IRQHandler                           0x08000347   Thumb Code     0  startup_stm32f427xx.o(.text)
    RTC_Alarm_IRQHandler                     0x08000347   Thumb Code     0  startup_stm32f427xx.o(.text)
    RTC_WKUP_IRQHandler                      0x08000347   Thumb Code     0  startup_stm32f427xx.o(.text)
    SAI1_IRQHandler                          0x08000347   Thumb Code     0  startup_stm32f427xx.o(.text)
    SDIO_IRQHandler                          0x08000347   Thumb Code     0  startup_stm32f427xx.o(.text)
    SPI1_IRQHandler                          0x08000347   Thumb Code     0  startup_stm32f427xx.o(.text)
    SPI2_IRQHandler                          0x08000347   Thumb Code     0  startup_stm32f427xx.o(.text)
    SPI3_IRQHandler                          0x08000347   Thumb Code     0  startup_stm32f427xx.o(.text)
    SPI4_IRQHandler                          0x08000347   Thumb Code     0  startup_stm32f427xx.o(.text)
    SPI5_IRQHandler                          0x08000347   Thumb Code     0  startup_stm32f427xx.o(.text)
    SPI6_IRQHandler                          0x08000347   Thumb Code     0  startup_stm32f427xx.o(.text)
    TAMP_STAMP_IRQHandler                    0x08000347   Thumb Code     0  startup_stm32f427xx.o(.text)
    TIM1_BRK_TIM9_IRQHandler                 0x08000347   Thumb Code     0  startup_stm32f427xx.o(.text)
    TIM1_CC_IRQHandler                       0x08000347   Thumb Code     0  startup_stm32f427xx.o(.text)
    TIM1_TRG_COM_TIM11_IRQHandler            0x08000347   Thumb Code     0  startup_stm32f427xx.o(.text)
    TIM1_UP_TIM10_IRQHandler                 0x08000347   Thumb Code     0  startup_stm32f427xx.o(.text)
    TIM2_IRQHandler                          0x08000347   Thumb Code     0  startup_stm32f427xx.o(.text)
    TIM3_IRQHandler                          0x08000347   Thumb Code     0  startup_stm32f427xx.o(.text)
    TIM5_IRQHandler                          0x08000347   Thumb Code     0  startup_stm32f427xx.o(.text)
    TIM6_DAC_IRQHandler                      0x08000347   Thumb Code     0  startup_stm32f427xx.o(.text)
    TIM7_IRQHandler                          0x08000347   Thumb Code     0  startup_stm32f427xx.o(.text)
    TIM8_BRK_TIM12_IRQHandler                0x08000347   Thumb Code     0  startup_stm32f427xx.o(.text)
    TIM8_CC_IRQHandler                       0x08000347   Thumb Code     0  startup_stm32f427xx.o(.text)
    TIM8_TRG_COM_TIM14_IRQHandler            0x08000347   Thumb Code     0  startup_stm32f427xx.o(.text)
    TIM8_UP_TIM13_IRQHandler                 0x08000347   Thumb Code     0  startup_stm32f427xx.o(.text)
    UART4_IRQHandler                         0x08000347   Thumb Code     0  startup_stm32f427xx.o(.text)
    UART5_IRQHandler                         0x08000347   Thumb Code     0  startup_stm32f427xx.o(.text)
    UART7_IRQHandler                         0x08000347   Thumb Code     0  startup_stm32f427xx.o(.text)
    UART8_IRQHandler                         0x08000347   Thumb Code     0  startup_stm32f427xx.o(.text)
    USART2_IRQHandler                        0x08000347   Thumb Code     0  startup_stm32f427xx.o(.text)
    USART3_IRQHandler                        0x08000347   Thumb Code     0  startup_stm32f427xx.o(.text)
    WWDG_IRQHandler                          0x08000347   Thumb Code     0  startup_stm32f427xx.o(.text)
    __user_initial_stackheap                 0x08000349   Thumb Code     0  startup_stm32f427xx.o(.text)
    __aeabi_uldivmod                         0x0800036d   Thumb Code     0  lludivv7m.o(.text)
    _ll_udiv                                 0x0800036d   Thumb Code   238  lludivv7m.o(.text)
    __aeabi_memcpy                           0x0800045b   Thumb Code     0  rt_memcpy_v6.o(.text)
    __rt_memcpy                              0x0800045b   Thumb Code   138  rt_memcpy_v6.o(.text)
    _memcpy_lastbytes                        0x080004c1   Thumb Code     0  rt_memcpy_v6.o(.text)
    __aeabi_memcpy4                          0x080004e5   Thumb Code     0  rt_memcpy_w.o(.text)
    __aeabi_memcpy8                          0x080004e5   Thumb Code     0  rt_memcpy_w.o(.text)
    __rt_memcpy_w                            0x080004e5   Thumb Code   100  rt_memcpy_w.o(.text)
    _memcpy_lastbytes_aligned                0x0800052d   Thumb Code     0  rt_memcpy_w.o(.text)
    __aeabi_memclr                           0x08000549   Thumb Code     0  rt_memclr.o(.text)
    __rt_memclr                              0x08000549   Thumb Code    68  rt_memclr.o(.text)
    _memset                                  0x0800054d   Thumb Code     0  rt_memclr.o(.text)
    __aeabi_memclr4                          0x0800058d   Thumb Code     0  rt_memclr_w.o(.text)
    __aeabi_memclr8                          0x0800058d   Thumb Code     0  rt_memclr_w.o(.text)
    __rt_memclr_w                            0x0800058d   Thumb Code    78  rt_memclr_w.o(.text)
    _memset_w                                0x08000591   Thumb Code     0  rt_memclr_w.o(.text)
    __use_two_region_memory                  0x080005db   Thumb Code     2  heapauxi.o(.text)
    __rt_heap_escrow$2region                 0x080005dd   Thumb Code     2  heapauxi.o(.text)
    __rt_heap_expand$2region                 0x080005df   Thumb Code     2  heapauxi.o(.text)
    __user_setup_stackheap                   0x080005e1   Thumb Code    74  sys_stackheap_outer.o(.text)
    exit                                     0x0800062b   Thumb Code    18  exit.o(.text)
    __user_libspace                          0x0800063d   Thumb Code     8  libspace.o(.text)
    __user_perproc_libspace                  0x0800063d   Thumb Code     0  libspace.o(.text)
    __user_perthread_libspace                0x0800063d   Thumb Code     0  libspace.o(.text)
    _sys_exit                                0x08000645   Thumb Code     8  sys_exit.o(.text)
    __I$use$semihosting                      0x08000651   Thumb Code     0  use_no_semi.o(.text)
    __use_no_semihosting_swi                 0x08000651   Thumb Code     2  use_no_semi.o(.text)
    Arc_Draw                                 0x08000653   Thumb Code   154  rm_cilent_ui.o(i.Arc_Draw)
    __semihosting_library_function           0x08000653   Thumb Code     0  indicate_semi.o(.text)
    BusFault_Handler                         0x080006ed   Thumb Code     2  stm32f4xx_it.o(i.BusFault_Handler)
    CAN1_RX0_IRQHandler                      0x080006f1   Thumb Code     6  stm32f4xx_it.o(i.CAN1_RX0_IRQHandler)
    CAN1_cmd_0_3                             0x080006fd   Thumb Code    60  can_receive.o(i.CAN1_cmd_0_3)
    CAN1_cmd_4_7                             0x08000745   Thumb Code    60  can_receive.o(i.CAN1_cmd_4_7)
    CAN2_RX0_IRQHandler                      0x0800078d   Thumb Code     6  stm32f4xx_it.o(i.CAN2_RX0_IRQHandler)
    CAN2_cmd_0_3                             0x08000799   Thumb Code    60  can_receive.o(i.CAN2_cmd_0_3)
    CAN2_cmd_4_7                             0x080007e1   Thumb Code    60  can_receive.o(i.CAN2_cmd_4_7)
    Char_Draw                                0x08000829   Thumb Code   154  rm_cilent_ui.o(i.Char_Draw)
    Char_ReFresh                             0x080008c5   Thumb Code   246  rm_cilent_ui.o(i.Char_ReFresh)
    Chassis_Power_Cal                        0x080009c5   Thumb Code   108  power_limit_pid.o(i.Chassis_Power_Cal)
    Chassis_Spd                              0x08000a3d   Thumb Code    98  enginer_task.o(i.Chassis_Spd)
    Circle_Draw                              0x08000aa5   Thumb Code   116  rm_cilent_ui.o(i.Circle_Draw)
    DISABLE_DM_J8009                         0x08000b19   Thumb Code    60  dm8009_drv.o(i.DISABLE_DM_J8009)
    DMA2_Stream1_IRQHandler                  0x08000b5d   Thumb Code     6  stm32f4xx_it.o(i.DMA2_Stream1_IRQHandler)
    DMA2_Stream5_IRQHandler                  0x08000b69   Thumb Code     6  stm32f4xx_it.o(i.DMA2_Stream5_IRQHandler)
    DMA2_Stream6_IRQHandler                  0x08000b75   Thumb Code     6  stm32f4xx_it.o(i.DMA2_Stream6_IRQHandler)
    DebugMon_Handler                         0x08000bfd   Thumb Code     2  stm32f4xx_it.o(i.DebugMon_Handler)
    Error_Handler                            0x08000bff   Thumb Code     4  main.o(i.Error_Handler)
    FEEDBACK_DATA_DM_J8009                   0x08000c05   Thumb Code   118  dm8009_drv.o(i.FEEDBACK_DATA_DM_J8009)
    Get_CRC16_Check_Sum_UI                   0x08000c91   Thumb Code    38  rm_cilent_ui.o(i.Get_CRC16_Check_Sum_UI)
    Get_CRC8_Check_Sum_UI                    0x08000cbd   Thumb Code    24  rm_cilent_ui.o(i.Get_CRC8_Check_Sum_UI)
    HAL_CAN_ActivateNotification             0x08000cd9   Thumb Code    36  stm32f4xx_hal_can.o(i.HAL_CAN_ActivateNotification)
    HAL_CAN_AddTxMessage                     0x08000cfd   Thumb Code   220  stm32f4xx_hal_can.o(i.HAL_CAN_AddTxMessage)
    HAL_CAN_ConfigFilter                     0x08000dd9   Thumb Code   262  stm32f4xx_hal_can.o(i.HAL_CAN_ConfigFilter)
    HAL_CAN_ErrorCallback                    0x08000ee5   Thumb Code     2  stm32f4xx_hal_can.o(i.HAL_CAN_ErrorCallback)
    HAL_CAN_GetRxMessage                     0x08000ee7   Thumb Code   232  stm32f4xx_hal_can.o(i.HAL_CAN_GetRxMessage)
    HAL_CAN_GetTxMailboxesFreeLevel          0x08000fcf   Thumb Code    44  stm32f4xx_hal_can.o(i.HAL_CAN_GetTxMailboxesFreeLevel)
    HAL_CAN_IRQHandler                       0x08000ffb   Thumb Code   508  stm32f4xx_hal_can.o(i.HAL_CAN_IRQHandler)
    HAL_CAN_Init                             0x080011f7   Thumb Code   282  stm32f4xx_hal_can.o(i.HAL_CAN_Init)
    HAL_CAN_MspInit                          0x08001311   Thumb Code   228  can.o(i.HAL_CAN_MspInit)
    HAL_CAN_RxFifo0FullCallback              0x0800140d   Thumb Code     2  stm32f4xx_hal_can.o(i.HAL_CAN_RxFifo0FullCallback)
    HAL_CAN_RxFifo0MsgPendingCallback        0x08001411   Thumb Code   398  can_receive.o(i.HAL_CAN_RxFifo0MsgPendingCallback)
    HAL_CAN_RxFifo1FullCallback              0x080015b9   Thumb Code     2  stm32f4xx_hal_can.o(i.HAL_CAN_RxFifo1FullCallback)
    HAL_CAN_RxFifo1MsgPendingCallback        0x080015bb   Thumb Code     2  stm32f4xx_hal_can.o(i.HAL_CAN_RxFifo1MsgPendingCallback)
    HAL_CAN_SleepCallback                    0x080015bd   Thumb Code     2  stm32f4xx_hal_can.o(i.HAL_CAN_SleepCallback)
    HAL_CAN_Start                            0x080015c1   Thumb Code    88  stm32f4xx_hal_can.o(i.HAL_CAN_Start)
    HAL_CAN_TxMailbox0AbortCallback          0x08001619   Thumb Code     2  stm32f4xx_hal_can.o(i.HAL_CAN_TxMailbox0AbortCallback)
    HAL_CAN_TxMailbox0CompleteCallback       0x0800161b   Thumb Code     2  stm32f4xx_hal_can.o(i.HAL_CAN_TxMailbox0CompleteCallback)
    HAL_CAN_TxMailbox1AbortCallback          0x0800161d   Thumb Code     2  stm32f4xx_hal_can.o(i.HAL_CAN_TxMailbox1AbortCallback)
    HAL_CAN_TxMailbox1CompleteCallback       0x0800161f   Thumb Code     2  stm32f4xx_hal_can.o(i.HAL_CAN_TxMailbox1CompleteCallback)
    HAL_CAN_TxMailbox2AbortCallback          0x08001621   Thumb Code     2  stm32f4xx_hal_can.o(i.HAL_CAN_TxMailbox2AbortCallback)
    HAL_CAN_TxMailbox2CompleteCallback       0x08001623   Thumb Code     2  stm32f4xx_hal_can.o(i.HAL_CAN_TxMailbox2CompleteCallback)
    HAL_CAN_WakeUpFromRxMsgCallback          0x08001625   Thumb Code     2  stm32f4xx_hal_can.o(i.HAL_CAN_WakeUpFromRxMsgCallback)
    HAL_DMA_Abort                            0x08001627   Thumb Code   146  stm32f4xx_hal_dma.o(i.HAL_DMA_Abort)
    HAL_DMA_Abort_IT                         0x080016b9   Thumb Code    36  stm32f4xx_hal_dma.o(i.HAL_DMA_Abort_IT)
    HAL_DMA_IRQHandler                       0x080016dd   Thumb Code   412  stm32f4xx_hal_dma.o(i.HAL_DMA_IRQHandler)
    HAL_DMA_Init                             0x0800187d   Thumb Code   206  stm32f4xx_hal_dma.o(i.HAL_DMA_Init)
    HAL_GPIO_Init                            0x08001951   Thumb Code   510  stm32f4xx_hal_gpio.o(i.HAL_GPIO_Init)
    HAL_GPIO_WritePin                        0x08001b85   Thumb Code    10  stm32f4xx_hal_gpio.o(i.HAL_GPIO_WritePin)
    HAL_GetTick                              0x08001b91   Thumb Code     6  stm32f4xx_hal.o(i.HAL_GetTick)
    HAL_IncTick                              0x08001b9d   Thumb Code    12  stm32f4xx_hal.o(i.HAL_IncTick)
    HAL_Init                                 0x08001bad   Thumb Code    48  stm32f4xx_hal.o(i.HAL_Init)
    HAL_InitTick                             0x08001be1   Thumb Code   132  stm32f4xx_hal_timebase_tim.o(i.HAL_InitTick)
    HAL_MspInit                              0x08001c79   Thumb Code    52  stm32f4xx_hal_msp.o(i.HAL_MspInit)
    HAL_NVIC_EnableIRQ                       0x08001cb1   Thumb Code    26  stm32f4xx_hal_cortex.o(i.HAL_NVIC_EnableIRQ)
    HAL_NVIC_SetPriority                     0x08001ccd   Thumb Code    60  stm32f4xx_hal_cortex.o(i.HAL_NVIC_SetPriority)
    HAL_NVIC_SetPriorityGrouping             0x08001d0d   Thumb Code    26  stm32f4xx_hal_cortex.o(i.HAL_NVIC_SetPriorityGrouping)
    HAL_RCC_ClockConfig                      0x08001d31   Thumb Code   288  stm32f4xx_hal_rcc.o(i.HAL_RCC_ClockConfig)
    HAL_RCC_GetClockConfig                   0x08001e65   Thumb Code    54  stm32f4xx_hal_rcc.o(i.HAL_RCC_GetClockConfig)
    HAL_RCC_GetPCLK1Freq                     0x08001ea5   Thumb Code    20  stm32f4xx_hal_rcc.o(i.HAL_RCC_GetPCLK1Freq)
    HAL_RCC_GetPCLK2Freq                     0x08001ec5   Thumb Code    20  stm32f4xx_hal_rcc.o(i.HAL_RCC_GetPCLK2Freq)
    HAL_RCC_GetSysClockFreq                  0x08001ee5   Thumb Code    88  stm32f4xx_hal_rcc.o(i.HAL_RCC_GetSysClockFreq)
    HAL_RCC_OscConfig                        0x08001f49   Thumb Code   856  stm32f4xx_hal_rcc.o(i.HAL_RCC_OscConfig)
    HAL_TIMEx_BreakCallback                  0x080022b5   Thumb Code     2  stm32f4xx_hal_tim_ex.o(i.HAL_TIMEx_BreakCallback)
    HAL_TIMEx_CommutCallback                 0x080022b7   Thumb Code     2  stm32f4xx_hal_tim_ex.o(i.HAL_TIMEx_CommutCallback)
    HAL_TIMEx_MasterConfigSynchronization    0x080022b9   Thumb Code   116  stm32f4xx_hal_tim_ex.o(i.HAL_TIMEx_MasterConfigSynchronization)
    HAL_TIM_Base_Init                        0x08002349   Thumb Code    90  stm32f4xx_hal_tim.o(i.HAL_TIM_Base_Init)
    HAL_TIM_Base_MspInit                     0x080023a5   Thumb Code    30  tim.o(i.HAL_TIM_Base_MspInit)
    HAL_TIM_Base_Start                       0x080023c9   Thumb Code    90  stm32f4xx_hal_tim.o(i.HAL_TIM_Base_Start)
    HAL_TIM_Base_Start_IT                    0x08002441   Thumb Code   100  stm32f4xx_hal_tim.o(i.HAL_TIM_Base_Start_IT)
    HAL_TIM_ConfigClockSource                0x080024c1   Thumb Code   220  stm32f4xx_hal_tim.o(i.HAL_TIM_ConfigClockSource)
    HAL_TIM_IC_CaptureCallback               0x0800259d   Thumb Code     2  stm32f4xx_hal_tim.o(i.HAL_TIM_IC_CaptureCallback)
    HAL_TIM_IRQHandler                       0x0800259f   Thumb Code   358  stm32f4xx_hal_tim.o(i.HAL_TIM_IRQHandler)
    HAL_TIM_MspPostInit                      0x08002705   Thumb Code    70  tim.o(i.HAL_TIM_MspPostInit)
    HAL_TIM_OC_DelayElapsedCallback          0x08002755   Thumb Code     2  stm32f4xx_hal_tim.o(i.HAL_TIM_OC_DelayElapsedCallback)
    HAL_TIM_PWM_ConfigChannel                0x08002757   Thumb Code   204  stm32f4xx_hal_tim.o(i.HAL_TIM_PWM_ConfigChannel)
    HAL_TIM_PWM_Init                         0x08002823   Thumb Code    90  stm32f4xx_hal_tim.o(i.HAL_TIM_PWM_Init)
    HAL_TIM_PWM_MspInit                      0x0800287d   Thumb Code     2  stm32f4xx_hal_tim.o(i.HAL_TIM_PWM_MspInit)
    HAL_TIM_PWM_PulseFinishedCallback        0x0800287f   Thumb Code     2  stm32f4xx_hal_tim.o(i.HAL_TIM_PWM_PulseFinishedCallback)
    HAL_TIM_PWM_Start                        0x08002881   Thumb Code   172  stm32f4xx_hal_tim.o(i.HAL_TIM_PWM_Start)
    HAL_TIM_PeriodElapsedCallback            0x08002949   Thumb Code    14  main.o(i.HAL_TIM_PeriodElapsedCallback)
    HAL_TIM_TriggerCallback                  0x0800295d   Thumb Code     2  stm32f4xx_hal_tim.o(i.HAL_TIM_TriggerCallback)
    HAL_UARTEx_RxEventCallback               0x0800295f   Thumb Code     2  stm32f4xx_hal_uart.o(i.HAL_UARTEx_RxEventCallback)
    HAL_UART_ErrorCallback                   0x08002961   Thumb Code     2  stm32f4xx_hal_uart.o(i.HAL_UART_ErrorCallback)
    HAL_UART_IRQHandler                      0x08002965   Thumb Code   610  stm32f4xx_hal_uart.o(i.HAL_UART_IRQHandler)
    HAL_UART_Init                            0x08002bcd   Thumb Code    98  stm32f4xx_hal_uart.o(i.HAL_UART_Init)
    HAL_UART_MspInit                         0x08002c31   Thumb Code   344  usart.o(i.HAL_UART_MspInit)
    HAL_UART_RxCpltCallback                  0x08002da5   Thumb Code     2  stm32f4xx_hal_uart.o(i.HAL_UART_RxCpltCallback)
    HAL_UART_TxCpltCallback                  0x08002da7   Thumb Code     2  stm32f4xx_hal_uart.o(i.HAL_UART_TxCpltCallback)
    HardFault_Handler                        0x08002da9   Thumb Code     2  stm32f4xx_it.o(i.HardFault_Handler)
    Line_Draw                                0x08002dad   Thumb Code   126  rm_cilent_ui.o(i.Line_Draw)
    MX_CAN1_Init                             0x08002e2d   Thumb Code    60  can.o(i.MX_CAN1_Init)
    MX_CAN2_Init                             0x08002e71   Thumb Code    60  can.o(i.MX_CAN2_Init)
    MX_DMA_Init                              0x08002eb5   Thumb Code    72  dma.o(i.MX_DMA_Init)
    MX_FREERTOS_Init                         0x08002f01   Thumb Code    96  freertos.o(i.MX_FREERTOS_Init)
    MX_GPIO_Init                             0x08002f69   Thumb Code   246  gpio.o(i.MX_GPIO_Init)
    MX_TIM2_Init                             0x08003071   Thumb Code   162  tim.o(i.MX_TIM2_Init)
    MX_USART1_UART_Init                      0x08003119   Thumb Code    50  usart.o(i.MX_USART1_UART_Init)
    MX_USART6_UART_Init                      0x08003159   Thumb Code    48  usart.o(i.MX_USART6_UART_Init)
    MemManage_Handler                        0x08003191   Thumb Code     2  stm32f4xx_it.o(i.MemManage_Handler)
    Motor_Init                               0x08003195   Thumb Code   248  motor_task.o(i.Motor_Init)
    Motor_Task                               0x080032b1   Thumb Code   820  motor_task.o(i.Motor_Task)
    NMI_Handler                              0x08003601   Thumb Code     2  stm32f4xx_it.o(i.NMI_Handler)
    PID_calc                                 0x08003605   Thumb Code   292  pid.o(i.PID_calc)
    PID_clear                                0x0800372d   Thumb Code    58  pid.o(i.PID_clear)
    PID_init                                 0x0800376d   Thumb Code    88  pid.o(i.PID_init)
    PIDrealize                               0x080037c9   Thumb Code   116  enginer_task.o(i.PIDrealize)
    RC_data_is_error                         0x08003849   Thumb Code   102  remote_control.o(i.RC_data_is_error)
    RC_init                                  0x080038b5   Thumb Code    84  bsp_rc.o(i.RC_init)
    RC_restart                               0x08003915   Thumb Code    52  bsp_rc.o(i.RC_restart)
    StartControlTask                         0x08003951   Thumb Code    50  freertos.o(i.StartControlTask)
    SysTick_Handler                          0x08003989   Thumb Code    38  port.o(i.SysTick_Handler)
    SystemClock_Config                       0x080039b5   Thumb Code   140  main.o(i.SystemClock_Config)
    SystemInit                               0x08003a49   Thumb Code    12  system_stm32f4xx.o(i.SystemInit)
    TIM4_IRQHandler                          0x08003a59   Thumb Code     6  stm32f4xx_it.o(i.TIM4_IRQHandler)
    TIM_Base_SetConfig                       0x08003a65   Thumb Code   156  stm32f4xx_hal_tim.o(i.TIM_Base_SetConfig)
    TIM_CCxChannelCmd                        0x08003b2d   Thumb Code    26  stm32f4xx_hal_tim.o(i.TIM_CCxChannelCmd)
    TIM_ETR_SetConfig                        0x08003b47   Thumb Code    20  stm32f4xx_hal_tim.o(i.TIM_ETR_SetConfig)
    TIM_OC2_SetConfig                        0x08003bcd   Thumb Code    98  stm32f4xx_hal_tim.o(i.TIM_OC2_SetConfig)
    UI_Delete                                0x08003f61   Thumb Code   240  rm_cilent_ui.o(i.UI_Delete)
    UI_ReFresh                               0x08004059   Thumb Code   316  rm_cilent_ui.o(i.UI_ReFresh)
    UI_task                                  0x0800419d   Thumb Code    16  freertos.o(i.UI_task)
    UI_updata_task                           0x080041ad   Thumb Code  2266  rm_cilent_ui.o(i.UI_updata_task)
    USART1_IRQHandler                        0x08004a8d   Thumb Code    16  stm32f4xx_it.o(i.USART1_IRQHandler)
    USART6_IRQHandler                        0x08004aa1   Thumb Code    16  stm32f4xx_it.o(i.USART6_IRQHandler)
    USER_USART1_IRQHandler                   0x08004ab5   Thumb Code   162  remote_control.o(i.USER_USART1_IRQHandler)
    USER_USART6_IRQHandler                   0x08004b71   Thumb Code   118  referee_usart_task.o(i.USER_USART6_IRQHandler)
    UsageFault_Handler                       0x08004bfd   Thumb Code     2  stm32f4xx_it.o(i.UsageFault_Handler)
    can_filter_init                          0x08004c21   Thumb Code    80  bsp_can.o(i.can_filter_init)
    dbus_lost_fun                            0x08004c79   Thumb Code    34  remote_control.o(i.dbus_lost_fun)
    detect_hook                              0x08004ca1   Thumb Code    74  detect_task.o(i.detect_hook)
    detect_task                              0x08004dc5   Thumb Code   248  detect_task.o(i.detect_task)
    enginer_init                             0x08004ed1   Thumb Code   124  enginer_task.o(i.enginer_init)
    first_init                               0x08004f4d   Thumb Code    62  keycontrol.o(i.first_init)
    first_order_filter_cali                  0x08004f9d   Thumb Code    78  user_lib.o(i.first_order_filter_cali)
    first_order_filter_init                  0x08004feb   Thumb Code    18  user_lib.o(i.first_order_filter_init)
    get_CRC16_check_sum                      0x08004ffd   Thumb Code    38  crc8_crc16.o(i.get_CRC16_check_sum)
    get_CRC8_check_sum                       0x08005029   Thumb Code    24  crc8_crc16.o(i.get_CRC8_check_sum)
    get_motor_point_can1                     0x08005045   Thumb Code    20  can_receive.o(i.get_motor_point_can1)
    get_motor_point_can2                     0x0800505d   Thumb Code    20  can_receive.o(i.get_motor_point_can2)
    get_remote_control_point                 0x08005075   Thumb Code     4  remote_control.o(i.get_remote_control_point)
    init_referee_struct_data                 0x0800507d   Thumb Code   206  referee.o(i.init_referee_struct_data)
    key_control_mode                         0x08005159   Thumb Code   264  keycontrol.o(i.key_control_mode)
    keyboard_ctrl_init                       0x08005285   Thumb Code    78  keyboard.o(i.keyboard_ctrl_init)
    keyboard_ctrl_update                     0x080052d3   Thumb Code   498  keyboard.o(i.keyboard_ctrl_update)
    main                                     0x08005755   Thumb Code    94  main.o(i.main)
    map                                      0x080057c9   Thumb Code    58  enginer_task.o(i.map)
    osDelay                                  0x080058b9   Thumb Code    14  cmsis_os.o(i.osDelay)
    osKernelStart                            0x080058c7   Thumb Code    10  cmsis_os.o(i.osKernelStart)
    osThreadCreate                           0x080058d1   Thumb Code    84  cmsis_os.o(i.osThreadCreate)
    pump_off                                 0x08005d29   Thumb Code    52  bsp_pump.o(i.pump_off)
    pump_on                                  0x08005d65   Thumb Code    20  bsp_pump.o(i.pump_on)
    pvPortMalloc                             0x08005d81   Thumb Code   216  heap_4.o(i.pvPortMalloc)
    pxPortInitialiseStack                    0x08005e5d   Thumb Code    40  port.o(i.pxPortInitialiseStack)
    referee_data_updata                      0x08005e89   Thumb Code   554  referee.o(i.referee_data_updata)
    referee_uart_init                        0x080060c1   Thumb Code    14  referee_usart_task.o(i.referee_uart_init)
    remote_control_init                      0x080060d5   Thumb Code    12  remote_control.o(i.remote_control_init)
    servo_control_gimbal                     0x080061b9   Thumb Code   102  servo_control.o(i.servo_control_gimbal)
    servo_pwm_set                            0x08006239   Thumb Code    18  bsp_servo_pwm.o(i.servo_pwm_set)
    slove_RC_lost                            0x08006251   Thumb Code    16  remote_control.o(i.slove_RC_lost)
    slove_data_error                         0x08006261   Thumb Code    16  remote_control.o(i.slove_data_error)
    uint_to_float                            0x08006495   Thumb Code    40  dm8009_drv.o(i.uint_to_float)
    usart6_init                              0x080064bd   Thumb Code   160  bsp_usart.o(i.usart6_init)
    usart6_tx_dma_enable                     0x08006575   Thumb Code    88  bsp_usart.o(i.usart6_tx_dma_enable)
    uxListRemove                             0x080065d9   Thumb Code    38  list.o(i.uxListRemove)
    vApplicationGetIdleTaskMemory            0x08006601   Thumb Code    16  freertos.o(i.vApplicationGetIdleTaskMemory)
    vListInitialise                          0x08006615   Thumb Code    22  list.o(i.vListInitialise)
    vListInitialiseItem                      0x0800662b   Thumb Code     6  list.o(i.vListInitialiseItem)
    vListInsert                              0x08006631   Thumb Code    48  list.o(i.vListInsert)
    vListInsertEnd                           0x08006661   Thumb Code    24  list.o(i.vListInsertEnd)
    vPortEnterCritical                       0x08006679   Thumb Code    54  port.o(i.vPortEnterCritical)
    vPortExitCritical                        0x080066b9   Thumb Code    34  port.o(i.vPortExitCritical)
    vPortFree                                0x080066e1   Thumb Code    94  heap_4.o(i.vPortFree)
    vPortSetupTimerInterrupt                 0x08006745   Thumb Code    32  port.o(i.vPortSetupTimerInterrupt)
    vTaskDelay                               0x08006769   Thumb Code    66  tasks.o(i.vTaskDelay)
    vTaskStartScheduler                      0x080067b5   Thumb Code    90  tasks.o(i.vTaskStartScheduler)
    vTaskSuspendAll                          0x08006821   Thumb Code    10  tasks.o(i.vTaskSuspendAll)
    vTaskSwitchContext                       0x08006831   Thumb Code    82  tasks.o(i.vTaskSwitchContext)
    verify_CRC16_check_sum                   0x0800688d   Thumb Code    54  crc8_crc16.o(i.verify_CRC16_check_sum)
    verify_CRC8_check_sum                    0x080068c9   Thumb Code    38  crc8_crc16.o(i.verify_CRC8_check_sum)
    xPortStartScheduler                      0x080068f1   Thumb Code   222  port.o(i.xPortStartScheduler)
    xTaskCreate                              0x080069e5   Thumb Code    90  tasks.o(i.xTaskCreate)
    xTaskCreateStatic                        0x08006a3f   Thumb Code    86  tasks.o(i.xTaskCreateStatic)
    xTaskGetTickCount                        0x08006a95   Thumb Code     6  tasks.o(i.xTaskGetTickCount)
    xTaskIncrementTick                       0x08006aa1   Thumb Code   194  tasks.o(i.xTaskIncrementTick)
    xTaskResumeAll                           0x08006b6d   Thumb Code   182  tasks.o(i.xTaskResumeAll)
    _fp_init                                 0x08006d51   Thumb Code    10  fpinit.o(x$fpl$fpinit)
    __fplib_config_fpu_vfp                   0x08006d59   Thumb Code     0  fpinit.o(x$fpl$fpinit)
    __fplib_config_pureend_doubles           0x08006d59   Thumb Code     0  fpinit.o(x$fpl$fpinit)
    AHBPrescTable                            0x08006dd4   Data          16  system_stm32f4xx.o(.constdata)
    APBPrescTable                            0x08006de4   Data           8  system_stm32f4xx.o(.constdata)
    CRC8_TAB_UI                              0x08006e40   Data         256  rm_cilent_ui.o(.constdata)
    wCRC_Table_UI                            0x08006f40   Data         512  rm_cilent_ui.o(.constdata)
    CRC8_table                               0x08007140   Data         256  crc8_crc16.o(.constdata)
    wCRC_table                               0x08007240   Data         512  crc8_crc16.o(.constdata)
    Region$$Table$$Base                      0x08007478   Number         0  anon$$obj.o(Region$$Table)
    Region$$Table$$Limit                     0x08007498   Number         0  anon$$obj.o(Region$$Table)
    remoteControlTaHandle                    0x20000000   Data           4  freertos.o(.data)
    MotorTaskHandle                          0x20000004   Data           4  freertos.o(.data)
    detect_handle                            0x20000008   Data           4  freertos.o(.data)
    uwTickFreq                               0x20000010   Data           1  stm32f4xx_hal.o(.data)
    uwTickPrio                               0x20000014   Data           4  stm32f4xx_hal.o(.data)
    uwTick                                   0x20000018   Data           4  stm32f4xx_hal.o(.data)
    SystemCoreClock                          0x2000001c   Data           4  system_stm32f4xx.o(.data)
    pxCurrentTCB                             0x20000020   Data           4  tasks.o(.data)
    M3508_SPEED_pid                          0x20000094   Data          12  motor_task.o(.data)
    M3508_POSITION_pid                       0x200000a0   Data          12  motor_task.o(.data)
    M2006_SPEED_pid                          0x200000ac   Data          12  motor_task.o(.data)
    M2006_POSITION_pid                       0x200000b8   Data          12  motor_task.o(.data)
    game_result                              0x200000c6   Data           1  referee.o(.data)
    hurt_data                                0x200000c7   Data           1  referee.o(.data)
    radar_info                               0x200000c8   Data           1  referee.o(.data)
    air_support_data                         0x200000ce   Data           2  referee.o(.data)
    referee_warning                          0x200000d0   Data           3  referee.o(.data)
    dart_remaining_time                      0x200000d3   Data           3  referee.o(.data)
    event_data                               0x200000d6   Data           4  referee.o(.data)
    ext_supply_projectile_action             0x200000da   Data           4  referee.o(.data)
    rfid_status                              0x200000de   Data           4  referee.o(.data)
    sentry_info                              0x200000e2   Data           4  referee.o(.data)
    referee_receive_header                   0x200000e6   Data           5  referee.o(.data)
    robot_buff                               0x200000eb   Data           6  referee.o(.data)
    projectile_allowance                     0x200000f1   Data           6  referee.o(.data)
    dart_client_cmd                          0x200000f7   Data           6  referee.o(.data)
    radar_mark_data                          0x200000fd   Data           6  referee.o(.data)
    shoot_data                               0x20000103   Data           7  referee.o(.data)
    custom_client_data                       0x2000010a   Data           8  referee.o(.data)
    UI_init_flag                             0x2000011c   Data           1  rm_cilent_ui.o(.data)
    show_num                                 0x2000011d   Data           1  rm_cilent_ui.o(.data)
    loop_end_flag                            0x2000011e   Data           1  rm_cilent_ui.o(.data)
    tim_40ms_flag                            0x2000011f   Data           1  rm_cilent_ui.o(.data)
    UI_Seq                                   0x20000120   Data           1  rm_cilent_ui.o(.data)
    usart6_tx_len                            0x20000122   Data           2  rm_cilent_ui.o(.data)
    Robot_ID                                 0x20000124   Data           2  rm_cilent_ui.o(.data)
    Cilent_ID                                0x20000126   Data           2  rm_cilent_ui.o(.data)
    UI_time                                  0x20000128   Data           2  rm_cilent_ui.o(.data)
    x_distance                               0x2000012c   Data           4  rm_cilent_ui.o(.data)
    z_distance                               0x20000130   Data           4  rm_cilent_ui.o(.data)
    Sov_flag                                 0x20000134   Data           1  bsp_pump.o(.data)
    can_send_data                            0x20000135   Data           8  dm8009_drv.o(.data)
    CRC16_INIT                               0x2000013e   Data           2  crc8_crc16.o(.data)
    flag_x_r                                 0x20000140   Data           1  keycontrol.o(.data)
    flag_x_f                                 0x20000141   Data           1  keycontrol.o(.data)
    flag_sp_l                                0x20000142   Data           1  keycontrol.o(.data)
    flag_sp_r                                0x20000143   Data           1  keycontrol.o(.data)
    flag_switch                              0x20000144   Data           3  keycontrol.o(.data)
    flag_xaxle                               0x20000147   Data           3  keycontrol.o(.data)
    flag_smallp                              0x2000014a   Data           3  keycontrol.o(.data)
    yaw_pwm                                  0x2000015c   Data           2  servo_control.o(.data)
    pitch_pwm                                0x2000015e   Data           2  servo_control.o(.data)
    hcan1                                    0x200003b4   Data          40  can.o(.bss)
    hcan2                                    0x200003dc   Data          40  can.o(.bss)
    htim2                                    0x20000404   Data          72  tim.o(.bss)
    huart1                                   0x2000044c   Data          68  usart.o(.bss)
    huart6                                   0x20000490   Data          68  usart.o(.bss)
    hdma_usart1_rx                           0x200004d4   Data          96  usart.o(.bss)
    hdma_usart6_rx                           0x20000534   Data          96  usart.o(.bss)
    hdma_usart6_tx                           0x20000594   Data          96  usart.o(.bss)
    htim4                                    0x200005f4   Data          72  stm32f4xx_hal_timebase_tim.o(.bss)
    motor_can1_data                          0x2000432c   Data          96  can_receive.o(.bss)
    motor_can2_data                          0x2000438c   Data          96  can_receive.o(.bss)
    enginer_move_can1                        0x20004404   Data        1312  enginer_task.o(.bss)
    enginer_move_can2                        0x20004924   Data        1312  enginer_task.o(.bss)
    rc_ctrl                                  0x20004e44   Data          22  remote_control.o(.bss)
    game_status                              0x20004ea2   Data          11  referee.o(.bss)
    game_robot_HP                            0x20004ead   Data          32  referee.o(.bss)
    robot_status                             0x20004ecd   Data          13  referee.o(.bss)
    power_heat_data                          0x20004eda   Data          16  referee.o(.bss)
    robot_pos                                0x20004eea   Data          16  referee.o(.bss)
    ground_robot_position                    0x20004efa   Data          40  referee.o(.bss)
    custom_robot_data                        0x20004f22   Data          30  referee.o(.bss)
    map_command                              0x20004f40   Data          15  referee.o(.bss)
    remote_control                           0x20004f4f   Data          12  referee.o(.bss)
    map_robot_data                           0x20004f5b   Data          10  referee.o(.bss)
    map_sentry_data                          0x20004f65   Data         105  referee.o(.bss)
    custom_info                              0x20004fce   Data          34  referee.o(.bss)
    usart6_buf                               0x20004ff0   Data        1024  referee_usart_task.o(.bss)
    error_list                               0x200053f0   Data         540  detect_task.o(.bss)
    usart6_tx_buf                            0x2000560c   Data         256  rm_cilent_ui.o(.bss)
    G1                                       0x2000570c   Data          15  rm_cilent_ui.o(.bss)
    G2                                       0x2000571b   Data          15  rm_cilent_ui.o(.bss)
    G3                                       0x2000572a   Data          15  rm_cilent_ui.o(.bss)
    G4                                       0x20005739   Data          15  rm_cilent_ui.o(.bss)
    G5                                       0x20005748   Data          15  rm_cilent_ui.o(.bss)
    G6                                       0x20005757   Data          15  rm_cilent_ui.o(.bss)
    G7                                       0x20005766   Data          15  rm_cilent_ui.o(.bss)
    G8                                       0x20005775   Data          15  rm_cilent_ui.o(.bss)
    G9                                       0x20005784   Data          15  rm_cilent_ui.o(.bss)
    G10                                      0x20005793   Data          15  rm_cilent_ui.o(.bss)
    G11                                      0x200057a2   Data          15  rm_cilent_ui.o(.bss)
    G12                                      0x200057b1   Data          15  rm_cilent_ui.o(.bss)
    G13                                      0x200057c0   Data          15  rm_cilent_ui.o(.bss)
    G14                                      0x200057cf   Data          15  rm_cilent_ui.o(.bss)
    G15                                      0x200057de   Data          15  rm_cilent_ui.o(.bss)
    G16                                      0x200057ed   Data          15  rm_cilent_ui.o(.bss)
    G17                                      0x200057fc   Data          15  rm_cilent_ui.o(.bss)
    G18                                      0x2000580b   Data          15  rm_cilent_ui.o(.bss)
    G19                                      0x2000581a   Data          15  rm_cilent_ui.o(.bss)
    G20                                      0x20005829   Data          15  rm_cilent_ui.o(.bss)
    G21                                      0x20005838   Data          15  rm_cilent_ui.o(.bss)
    G22                                      0x20005847   Data          15  rm_cilent_ui.o(.bss)
    S3                                       0x20005856   Data          45  rm_cilent_ui.o(.bss)
    S6                                       0x20005883   Data          45  rm_cilent_ui.o(.bss)
    S7                                       0x200058b0   Data          45  rm_cilent_ui.o(.bss)
    can_tx_message                           0x200058e0   Data          24  dm8009_drv.o(.bss)
    dm_j8009_data                            0x200058f8   Data         256  dm8009_drv.o(.bss)
    keyboard_ctrl                            0x200059f8   Data          32  keyboard.o(.bss)
    keyboard_pressed                         0x20005a18   Data         480  keyboard.o(.bss)
    chassis_spd                              0x20005bf8   Data          60  keycontrol.o(.bss)
    limit_switch                             0x20005c34   Data          32  keycontrol.o(.bss)
    limit_xaxle                              0x20005c54   Data          32  keycontrol.o(.bss)
    limit_smallp                             0x20005c74   Data          32  keycontrol.o(.bss)
    __libspace_start                         0x20005c94   Data          96  libspace.o(.bss)
    __temporary_stack_top$libspace           0x20005cf4   Data           0  libspace.o(.bss)



==============================================================================

Memory Map of the image

  Image Entry point : 0x080001ad

  Load Region LR_IROM1 (Base: 0x08000000, Size: 0x000075f8, Max: 0x00200000, ABSOLUTE, COMPRESSED[0x000074d4])

    Execution Region ER_IROM1 (Exec base: 0x08000000, Load base: 0x08000000, Size: 0x00007498, Max: 0x00200000, ABSOLUTE)

    Exec Addr    Load Addr    Size         Type   Attr      Idx    E Section Name        Object

    0x08000000   0x08000000   0x000001ac   Data   RO            3    RESET               startup_stm32f427xx.o
    0x080001ac   0x080001ac   0x00000008   Code   RO         6272  * !!!main             c_w.l(__main.o)
    0x080001b4   0x080001b4   0x00000034   Code   RO         6443    !!!scatter          c_w.l(__scatter.o)
    0x080001e8   0x080001e8   0x0000003a   Code   RO         6441    !!dczerorl          c_w.l(__dczerorl.o)
    0x08000222   0x08000222   0x00000002   PAD
    0x08000224   0x08000224   0x0000001c   Code   RO         6445    !!handler_zi        c_w.l(__scatter_zi.o)
    0x08000240   0x08000240   0x00000002   Code   RO         6309    .ARM.Collect$$libinit$$00000000  c_w.l(libinit.o)
    0x08000242   0x08000242   0x00000004   Code   RO         6321    .ARM.Collect$$libinit$$00000001  c_w.l(libinit2.o)
    0x08000246   0x08000246   0x00000000   Code   RO         6324    .ARM.Collect$$libinit$$00000004  c_w.l(libinit2.o)
    0x08000246   0x08000246   0x00000000   Code   RO         6327    .ARM.Collect$$libinit$$0000000A  c_w.l(libinit2.o)
    0x08000246   0x08000246   0x00000000   Code   RO         6329    .ARM.Collect$$libinit$$0000000C  c_w.l(libinit2.o)
    0x08000246   0x08000246   0x00000000   Code   RO         6331    .ARM.Collect$$libinit$$0000000E  c_w.l(libinit2.o)
    0x08000246   0x08000246   0x00000000   Code   RO         6334    .ARM.Collect$$libinit$$00000011  c_w.l(libinit2.o)
    0x08000246   0x08000246   0x00000000   Code   RO         6336    .ARM.Collect$$libinit$$00000013  c_w.l(libinit2.o)
    0x08000246   0x08000246   0x00000000   Code   RO         6338    .ARM.Collect$$libinit$$00000015  c_w.l(libinit2.o)
    0x08000246   0x08000246   0x00000000   Code   RO         6340    .ARM.Collect$$libinit$$00000017  c_w.l(libinit2.o)
    0x08000246   0x08000246   0x00000000   Code   RO         6342    .ARM.Collect$$libinit$$00000019  c_w.l(libinit2.o)
    0x08000246   0x08000246   0x00000000   Code   RO         6344    .ARM.Collect$$libinit$$0000001B  c_w.l(libinit2.o)
    0x08000246   0x08000246   0x00000000   Code   RO         6346    .ARM.Collect$$libinit$$0000001D  c_w.l(libinit2.o)
    0x08000246   0x08000246   0x00000000   Code   RO         6348    .ARM.Collect$$libinit$$0000001F  c_w.l(libinit2.o)
    0x08000246   0x08000246   0x00000000   Code   RO         6350    .ARM.Collect$$libinit$$00000021  c_w.l(libinit2.o)
    0x08000246   0x08000246   0x00000000   Code   RO         6352    .ARM.Collect$$libinit$$00000023  c_w.l(libinit2.o)
    0x08000246   0x08000246   0x00000000   Code   RO         6354    .ARM.Collect$$libinit$$00000025  c_w.l(libinit2.o)
    0x08000246   0x08000246   0x00000000   Code   RO         6358    .ARM.Collect$$libinit$$0000002C  c_w.l(libinit2.o)
    0x08000246   0x08000246   0x00000000   Code   RO         6360    .ARM.Collect$$libinit$$0000002E  c_w.l(libinit2.o)
    0x08000246   0x08000246   0x00000000   Code   RO         6362    .ARM.Collect$$libinit$$00000030  c_w.l(libinit2.o)
    0x08000246   0x08000246   0x00000000   Code   RO         6364    .ARM.Collect$$libinit$$00000032  c_w.l(libinit2.o)
    0x08000246   0x08000246   0x00000002   Code   RO         6365    .ARM.Collect$$libinit$$00000033  c_w.l(libinit2.o)
    0x08000248   0x08000248   0x00000002   Code   RO         6396    .ARM.Collect$$libshutdown$$00000000  c_w.l(libshutdown.o)
    0x0800024a   0x0800024a   0x00000000   Code   RO         6422    .ARM.Collect$$libshutdown$$00000002  c_w.l(libshutdown2.o)
    0x0800024a   0x0800024a   0x00000000   Code   RO         6424    .ARM.Collect$$libshutdown$$00000004  c_w.l(libshutdown2.o)
    0x0800024a   0x0800024a   0x00000000   Code   RO         6426    .ARM.Collect$$libshutdown$$00000006  c_w.l(libshutdown2.o)
    0x0800024a   0x0800024a   0x00000000   Code   RO         6429    .ARM.Collect$$libshutdown$$00000009  c_w.l(libshutdown2.o)
    0x0800024a   0x0800024a   0x00000000   Code   RO         6432    .ARM.Collect$$libshutdown$$0000000C  c_w.l(libshutdown2.o)
    0x0800024a   0x0800024a   0x00000000   Code   RO         6434    .ARM.Collect$$libshutdown$$0000000E  c_w.l(libshutdown2.o)
    0x0800024a   0x0800024a   0x00000000   Code   RO         6437    .ARM.Collect$$libshutdown$$00000011  c_w.l(libshutdown2.o)
    0x0800024a   0x0800024a   0x00000002   Code   RO         6438    .ARM.Collect$$libshutdown$$00000012  c_w.l(libshutdown2.o)
    0x0800024c   0x0800024c   0x00000000   Code   RO         6274    .ARM.Collect$$rtentry$$00000000  c_w.l(__rtentry.o)
    0x0800024c   0x0800024c   0x00000000   Code   RO         6280    .ARM.Collect$$rtentry$$00000002  c_w.l(__rtentry2.o)
    0x0800024c   0x0800024c   0x00000006   Code   RO         6292    .ARM.Collect$$rtentry$$00000004  c_w.l(__rtentry4.o)
    0x08000252   0x08000252   0x00000000   Code   RO         6282    .ARM.Collect$$rtentry$$00000009  c_w.l(__rtentry2.o)
    0x08000252   0x08000252   0x00000004   Code   RO         6283    .ARM.Collect$$rtentry$$0000000A  c_w.l(__rtentry2.o)
    0x08000256   0x08000256   0x00000000   Code   RO         6285    .ARM.Collect$$rtentry$$0000000C  c_w.l(__rtentry2.o)
    0x08000256   0x08000256   0x00000008   Code   RO         6286    .ARM.Collect$$rtentry$$0000000D  c_w.l(__rtentry2.o)
    0x0800025e   0x0800025e   0x00000002   Code   RO         6313    .ARM.Collect$$rtexit$$00000000  c_w.l(rtexit.o)
    0x08000260   0x08000260   0x00000000   Code   RO         6369    .ARM.Collect$$rtexit$$00000002  c_w.l(rtexit2.o)
    0x08000260   0x08000260   0x00000004   Code   RO         6370    .ARM.Collect$$rtexit$$00000003  c_w.l(rtexit2.o)
    0x08000264   0x08000264   0x00000006   Code   RO         6371    .ARM.Collect$$rtexit$$00000004  c_w.l(rtexit2.o)
    0x0800026a   0x0800026a   0x00000002   PAD
    0x0800026c   0x0800026c   0x000000be   Code   RO         4731    .emb_text           port.o
    0x0800032a   0x0800032a   0x00000002   PAD
    0x0800032c   0x0800032c   0x00000040   Code   RO            4    .text               startup_stm32f427xx.o
    0x0800036c   0x0800036c   0x000000ee   Code   RO         6258    .text               c_w.l(lludivv7m.o)
    0x0800045a   0x0800045a   0x0000008a   Code   RO         6260    .text               c_w.l(rt_memcpy_v6.o)
    0x080004e4   0x080004e4   0x00000064   Code   RO         6262    .text               c_w.l(rt_memcpy_w.o)
    0x08000548   0x08000548   0x00000044   Code   RO         6266    .text               c_w.l(rt_memclr.o)
    0x0800058c   0x0800058c   0x0000004e   Code   RO         6268    .text               c_w.l(rt_memclr_w.o)
    0x080005da   0x080005da   0x00000006   Code   RO         6270    .text               c_w.l(heapauxi.o)
    0x080005e0   0x080005e0   0x0000004a   Code   RO         6296    .text               c_w.l(sys_stackheap_outer.o)
    0x0800062a   0x0800062a   0x00000012   Code   RO         6298    .text               c_w.l(exit.o)
    0x0800063c   0x0800063c   0x00000008   Code   RO         6310    .text               c_w.l(libspace.o)
    0x08000644   0x08000644   0x0000000c   Code   RO         6366    .text               c_w.l(sys_exit.o)
    0x08000650   0x08000650   0x00000002   Code   RO         6385    .text               c_w.l(use_no_semi.o)
    0x08000652   0x08000652   0x00000000   Code   RO         6387    .text               c_w.l(indicate_semi.o)
    0x08000652   0x08000652   0x0000009a   Code   RO         5432    i.Arc_Draw          rm_cilent_ui.o
    0x080006ec   0x080006ec   0x00000002   Code   RO          529    i.BusFault_Handler  stm32f4xx_it.o
    0x080006ee   0x080006ee   0x00000002   PAD
    0x080006f0   0x080006f0   0x0000000c   Code   RO          530    i.CAN1_RX0_IRQHandler  stm32f4xx_it.o
    0x080006fc   0x080006fc   0x00000048   Code   RO         4811    i.CAN1_cmd_0_3      can_receive.o
    0x08000744   0x08000744   0x00000048   Code   RO         4812    i.CAN1_cmd_4_7      can_receive.o
    0x0800078c   0x0800078c   0x0000000c   Code   RO          531    i.CAN2_RX0_IRQHandler  stm32f4xx_it.o
    0x08000798   0x08000798   0x00000048   Code   RO         4813    i.CAN2_cmd_0_3      can_receive.o
    0x080007e0   0x080007e0   0x00000048   Code   RO         4814    i.CAN2_cmd_4_7      can_receive.o
    0x08000828   0x08000828   0x0000009a   Code   RO         5433    i.Char_Draw         rm_cilent_ui.o
    0x080008c2   0x080008c2   0x00000002   PAD
    0x080008c4   0x080008c4   0x00000100   Code   RO         5434    i.Char_ReFresh      rm_cilent_ui.o
    0x080009c4   0x080009c4   0x00000078   Code   RO         5235    i.Chassis_Power_Cal  power_limit_pid.o
    0x08000a3c   0x08000a3c   0x00000068   Code   RO         4954    i.Chassis_Spd       enginer_task.o
    0x08000aa4   0x08000aa4   0x00000074   Code   RO         5435    i.Circle_Draw       rm_cilent_ui.o
    0x08000b18   0x08000b18   0x00000044   Code   RO         5834    i.DISABLE_DM_J8009  dm8009_drv.o
    0x08000b5c   0x08000b5c   0x0000000c   Code   RO          532    i.DMA2_Stream1_IRQHandler  stm32f4xx_it.o
    0x08000b68   0x08000b68   0x0000000c   Code   RO          533    i.DMA2_Stream5_IRQHandler  stm32f4xx_it.o
    0x08000b74   0x08000b74   0x0000000c   Code   RO          534    i.DMA2_Stream6_IRQHandler  stm32f4xx_it.o
    0x08000b80   0x08000b80   0x00000028   Code   RO         1443    i.DMA_CalcBaseAndBitshift  stm32f4xx_hal_dma.o
    0x08000ba8   0x08000ba8   0x00000054   Code   RO         1444    i.DMA_CheckFifoParam  stm32f4xx_hal_dma.o
    0x08000bfc   0x08000bfc   0x00000002   Code   RO          535    i.DebugMon_Handler  stm32f4xx_it.o
    0x08000bfe   0x08000bfe   0x00000004   Code   RO           13    i.Error_Handler     main.o
    0x08000c02   0x08000c02   0x00000002   PAD
    0x08000c04   0x08000c04   0x0000008c   Code   RO         5836    i.FEEDBACK_DATA_DM_J8009  dm8009_drv.o
    0x08000c90   0x08000c90   0x0000002c   Code   RO         5437    i.Get_CRC16_Check_Sum_UI  rm_cilent_ui.o
    0x08000cbc   0x08000cbc   0x0000001c   Code   RO         5438    i.Get_CRC8_Check_Sum_UI  rm_cilent_ui.o
    0x08000cd8   0x08000cd8   0x00000024   Code   RO          699    i.HAL_CAN_ActivateNotification  stm32f4xx_hal_can.o
    0x08000cfc   0x08000cfc   0x000000dc   Code   RO          700    i.HAL_CAN_AddTxMessage  stm32f4xx_hal_can.o
    0x08000dd8   0x08000dd8   0x0000010c   Code   RO          701    i.HAL_CAN_ConfigFilter  stm32f4xx_hal_can.o
    0x08000ee4   0x08000ee4   0x00000002   Code   RO          704    i.HAL_CAN_ErrorCallback  stm32f4xx_hal_can.o
    0x08000ee6   0x08000ee6   0x000000e8   Code   RO          707    i.HAL_CAN_GetRxMessage  stm32f4xx_hal_can.o
    0x08000fce   0x08000fce   0x0000002c   Code   RO          709    i.HAL_CAN_GetTxMailboxesFreeLevel  stm32f4xx_hal_can.o
    0x08000ffa   0x08000ffa   0x000001fc   Code   RO          711    i.HAL_CAN_IRQHandler  stm32f4xx_hal_can.o
    0x080011f6   0x080011f6   0x0000011a   Code   RO          712    i.HAL_CAN_Init      stm32f4xx_hal_can.o
    0x08001310   0x08001310   0x000000fc   Code   RO          361    i.HAL_CAN_MspInit   can.o
    0x0800140c   0x0800140c   0x00000002   Code   RO          719    i.HAL_CAN_RxFifo0FullCallback  stm32f4xx_hal_can.o
    0x0800140e   0x0800140e   0x00000002   PAD
    0x08001410   0x08001410   0x000001a8   Code   RO         4816    i.HAL_CAN_RxFifo0MsgPendingCallback  can_receive.o
    0x080015b8   0x080015b8   0x00000002   Code   RO          721    i.HAL_CAN_RxFifo1FullCallback  stm32f4xx_hal_can.o
    0x080015ba   0x080015ba   0x00000002   Code   RO          722    i.HAL_CAN_RxFifo1MsgPendingCallback  stm32f4xx_hal_can.o
    0x080015bc   0x080015bc   0x00000002   Code   RO          723    i.HAL_CAN_SleepCallback  stm32f4xx_hal_can.o
    0x080015be   0x080015be   0x00000002   PAD
    0x080015c0   0x080015c0   0x00000058   Code   RO          724    i.HAL_CAN_Start     stm32f4xx_hal_can.o
    0x08001618   0x08001618   0x00000002   Code   RO          726    i.HAL_CAN_TxMailbox0AbortCallback  stm32f4xx_hal_can.o
    0x0800161a   0x0800161a   0x00000002   Code   RO          727    i.HAL_CAN_TxMailbox0CompleteCallback  stm32f4xx_hal_can.o
    0x0800161c   0x0800161c   0x00000002   Code   RO          728    i.HAL_CAN_TxMailbox1AbortCallback  stm32f4xx_hal_can.o
    0x0800161e   0x0800161e   0x00000002   Code   RO          729    i.HAL_CAN_TxMailbox1CompleteCallback  stm32f4xx_hal_can.o
    0x08001620   0x08001620   0x00000002   Code   RO          730    i.HAL_CAN_TxMailbox2AbortCallback  stm32f4xx_hal_can.o
    0x08001622   0x08001622   0x00000002   Code   RO          731    i.HAL_CAN_TxMailbox2CompleteCallback  stm32f4xx_hal_can.o
    0x08001624   0x08001624   0x00000002   Code   RO          733    i.HAL_CAN_WakeUpFromRxMsgCallback  stm32f4xx_hal_can.o
    0x08001626   0x08001626   0x00000092   Code   RO         1446    i.HAL_DMA_Abort     stm32f4xx_hal_dma.o
    0x080016b8   0x080016b8   0x00000024   Code   RO         1447    i.HAL_DMA_Abort_IT  stm32f4xx_hal_dma.o
    0x080016dc   0x080016dc   0x000001a0   Code   RO         1451    i.HAL_DMA_IRQHandler  stm32f4xx_hal_dma.o
    0x0800187c   0x0800187c   0x000000d4   Code   RO         1452    i.HAL_DMA_Init      stm32f4xx_hal_dma.o
    0x08001950   0x08001950   0x00000234   Code   RO         1339    i.HAL_GPIO_Init     stm32f4xx_hal_gpio.o
    0x08001b84   0x08001b84   0x0000000a   Code   RO         1343    i.HAL_GPIO_WritePin  stm32f4xx_hal_gpio.o
    0x08001b8e   0x08001b8e   0x00000002   PAD
    0x08001b90   0x08001b90   0x0000000c   Code   RO         1891    i.HAL_GetTick       stm32f4xx_hal.o
    0x08001b9c   0x08001b9c   0x00000010   Code   RO         1897    i.HAL_IncTick       stm32f4xx_hal.o
    0x08001bac   0x08001bac   0x00000034   Code   RO         1898    i.HAL_Init          stm32f4xx_hal.o
    0x08001be0   0x08001be0   0x00000098   Code   RO          659    i.HAL_InitTick      stm32f4xx_hal_timebase_tim.o
    0x08001c78   0x08001c78   0x00000038   Code   RO          635    i.HAL_MspInit       stm32f4xx_hal_msp.o
    0x08001cb0   0x08001cb0   0x0000001a   Code   RO         1746    i.HAL_NVIC_EnableIRQ  stm32f4xx_hal_cortex.o
    0x08001cca   0x08001cca   0x00000002   PAD
    0x08001ccc   0x08001ccc   0x00000040   Code   RO         1752    i.HAL_NVIC_SetPriority  stm32f4xx_hal_cortex.o
    0x08001d0c   0x08001d0c   0x00000024   Code   RO         1753    i.HAL_NVIC_SetPriorityGrouping  stm32f4xx_hal_cortex.o
    0x08001d30   0x08001d30   0x00000134   Code   RO          933    i.HAL_RCC_ClockConfig  stm32f4xx_hal_rcc.o
    0x08001e64   0x08001e64   0x00000040   Code   RO          937    i.HAL_RCC_GetClockConfig  stm32f4xx_hal_rcc.o
    0x08001ea4   0x08001ea4   0x00000020   Code   RO          940    i.HAL_RCC_GetPCLK1Freq  stm32f4xx_hal_rcc.o
    0x08001ec4   0x08001ec4   0x00000020   Code   RO          941    i.HAL_RCC_GetPCLK2Freq  stm32f4xx_hal_rcc.o
    0x08001ee4   0x08001ee4   0x00000064   Code   RO          942    i.HAL_RCC_GetSysClockFreq  stm32f4xx_hal_rcc.o
    0x08001f48   0x08001f48   0x0000036c   Code   RO          945    i.HAL_RCC_OscConfig  stm32f4xx_hal_rcc.o
    0x080022b4   0x080022b4   0x00000002   Code   RO         2852    i.HAL_TIMEx_BreakCallback  stm32f4xx_hal_tim_ex.o
    0x080022b6   0x080022b6   0x00000002   Code   RO         2853    i.HAL_TIMEx_CommutCallback  stm32f4xx_hal_tim_ex.o
    0x080022b8   0x080022b8   0x00000090   Code   RO         2871    i.HAL_TIMEx_MasterConfigSynchronization  stm32f4xx_hal_tim_ex.o
    0x08002348   0x08002348   0x0000005a   Code   RO         2148    i.HAL_TIM_Base_Init  stm32f4xx_hal_tim.o
    0x080023a2   0x080023a2   0x00000002   PAD
    0x080023a4   0x080023a4   0x00000024   Code   RO          434    i.HAL_TIM_Base_MspInit  tim.o
    0x080023c8   0x080023c8   0x00000078   Code   RO         2151    i.HAL_TIM_Base_Start  stm32f4xx_hal_tim.o
    0x08002440   0x08002440   0x00000080   Code   RO         2153    i.HAL_TIM_Base_Start_IT  stm32f4xx_hal_tim.o
    0x080024c0   0x080024c0   0x000000dc   Code   RO         2157    i.HAL_TIM_ConfigClockSource  stm32f4xx_hal_tim.o
    0x0800259c   0x0800259c   0x00000002   Code   RO         2182    i.HAL_TIM_IC_CaptureCallback  stm32f4xx_hal_tim.o
    0x0800259e   0x0800259e   0x00000166   Code   RO         2196    i.HAL_TIM_IRQHandler  stm32f4xx_hal_tim.o
    0x08002704   0x08002704   0x00000050   Code   RO          435    i.HAL_TIM_MspPostInit  tim.o
    0x08002754   0x08002754   0x00000002   Code   RO         2199    i.HAL_TIM_OC_DelayElapsedCallback  stm32f4xx_hal_tim.o
    0x08002756   0x08002756   0x000000cc   Code   RO         2220    i.HAL_TIM_PWM_ConfigChannel  stm32f4xx_hal_tim.o
    0x08002822   0x08002822   0x0000005a   Code   RO         2223    i.HAL_TIM_PWM_Init  stm32f4xx_hal_tim.o
    0x0800287c   0x0800287c   0x00000002   Code   RO         2225    i.HAL_TIM_PWM_MspInit  stm32f4xx_hal_tim.o
    0x0800287e   0x0800287e   0x00000002   Code   RO         2226    i.HAL_TIM_PWM_PulseFinishedCallback  stm32f4xx_hal_tim.o
    0x08002880   0x08002880   0x000000c8   Code   RO         2228    i.HAL_TIM_PWM_Start  stm32f4xx_hal_tim.o
    0x08002948   0x08002948   0x00000014   Code   RO           14    i.HAL_TIM_PeriodElapsedCallback  main.o
    0x0800295c   0x0800295c   0x00000002   Code   RO         2239    i.HAL_TIM_TriggerCallback  stm32f4xx_hal_tim.o
    0x0800295e   0x0800295e   0x00000002   Code   RO         3130    i.HAL_UARTEx_RxEventCallback  stm32f4xx_hal_uart.o
    0x08002960   0x08002960   0x00000002   Code   RO         3144    i.HAL_UART_ErrorCallback  stm32f4xx_hal_uart.o
    0x08002962   0x08002962   0x00000002   PAD
    0x08002964   0x08002964   0x00000268   Code   RO         3147    i.HAL_UART_IRQHandler  stm32f4xx_hal_uart.o
    0x08002bcc   0x08002bcc   0x00000062   Code   RO         3148    i.HAL_UART_Init     stm32f4xx_hal_uart.o
    0x08002c2e   0x08002c2e   0x00000002   PAD
    0x08002c30   0x08002c30   0x00000174   Code   RO          482    i.HAL_UART_MspInit  usart.o
    0x08002da4   0x08002da4   0x00000002   Code   RO         3154    i.HAL_UART_RxCpltCallback  stm32f4xx_hal_uart.o
    0x08002da6   0x08002da6   0x00000002   Code   RO         3159    i.HAL_UART_TxCpltCallback  stm32f4xx_hal_uart.o
    0x08002da8   0x08002da8   0x00000002   Code   RO          536    i.HardFault_Handler  stm32f4xx_it.o
    0x08002daa   0x08002daa   0x00000002   PAD
    0x08002dac   0x08002dac   0x0000007e   Code   RO         5440    i.Line_Draw         rm_cilent_ui.o
    0x08002e2a   0x08002e2a   0x00000002   PAD
    0x08002e2c   0x08002e2c   0x00000044   Code   RO          362    i.MX_CAN1_Init      can.o
    0x08002e70   0x08002e70   0x00000044   Code   RO          363    i.MX_CAN2_Init      can.o
    0x08002eb4   0x08002eb4   0x0000004c   Code   RO          409    i.MX_DMA_Init       dma.o
    0x08002f00   0x08002f00   0x00000068   Code   RO          277    i.MX_FREERTOS_Init  freertos.o
    0x08002f68   0x08002f68   0x00000108   Code   RO          253    i.MX_GPIO_Init      gpio.o
    0x08003070   0x08003070   0x000000a8   Code   RO          436    i.MX_TIM2_Init      tim.o
    0x08003118   0x08003118   0x00000040   Code   RO          483    i.MX_USART1_UART_Init  usart.o
    0x08003158   0x08003158   0x00000038   Code   RO          484    i.MX_USART6_UART_Init  usart.o
    0x08003190   0x08003190   0x00000002   Code   RO          537    i.MemManage_Handler  stm32f4xx_it.o
    0x08003192   0x08003192   0x00000002   PAD
    0x08003194   0x08003194   0x0000011c   Code   RO         5007    i.Motor_Init        motor_task.o
    0x080032b0   0x080032b0   0x00000350   Code   RO         5008    i.Motor_Task        motor_task.o
    0x08003600   0x08003600   0x00000002   Code   RO          538    i.NMI_Handler       stm32f4xx_it.o
    0x08003602   0x08003602   0x00000002   PAD
    0x08003604   0x08003604   0x00000128   Code   RO         5903    i.PID_calc          pid.o
    0x0800372c   0x0800372c   0x00000040   Code   RO         5904    i.PID_clear         pid.o
    0x0800376c   0x0800376c   0x0000005c   Code   RO         5905    i.PID_init          pid.o
    0x080037c8   0x080037c8   0x00000074   Code   RO         4955    i.PIDrealize        enginer_task.o
    0x0800383c   0x0800383c   0x0000000a   Code   RO         5057    i.RC_abs            remote_control.o
    0x08003846   0x08003846   0x00000002   PAD
    0x08003848   0x08003848   0x0000006c   Code   RO         5058    i.RC_data_is_error  remote_control.o
    0x080038b4   0x080038b4   0x00000060   Code   RO         5679    i.RC_init           bsp_rc.o
    0x08003914   0x08003914   0x0000003c   Code   RO         5680    i.RC_restart        bsp_rc.o
    0x08003950   0x08003950   0x00000038   Code   RO          278    i.StartControlTask  freertos.o
    0x08003988   0x08003988   0x0000002c   Code   RO         4732    i.SysTick_Handler   port.o
    0x080039b4   0x080039b4   0x00000094   Code   RO           15    i.SystemClock_Config  main.o
    0x08003a48   0x08003a48   0x00000010   Code   RO         3477    i.SystemInit        system_stm32f4xx.o
    0x08003a58   0x08003a58   0x0000000c   Code   RO          539    i.TIM4_IRQHandler   stm32f4xx_it.o
    0x08003a64   0x08003a64   0x000000c8   Code   RO         2241    i.TIM_Base_SetConfig  stm32f4xx_hal_tim.o
    0x08003b2c   0x08003b2c   0x0000001a   Code   RO         2242    i.TIM_CCxChannelCmd  stm32f4xx_hal_tim.o
    0x08003b46   0x08003b46   0x00000014   Code   RO         2252    i.TIM_ETR_SetConfig  stm32f4xx_hal_tim.o
    0x08003b5a   0x08003b5a   0x00000010   Code   RO         2253    i.TIM_ITRx_SetConfig  stm32f4xx_hal_tim.o
    0x08003b6a   0x08003b6a   0x00000002   PAD
    0x08003b6c   0x08003b6c   0x00000060   Code   RO         2254    i.TIM_OC1_SetConfig  stm32f4xx_hal_tim.o
    0x08003bcc   0x08003bcc   0x0000006c   Code   RO         2255    i.TIM_OC2_SetConfig  stm32f4xx_hal_tim.o
    0x08003c38   0x08003c38   0x00000068   Code   RO         2256    i.TIM_OC3_SetConfig  stm32f4xx_hal_tim.o
    0x08003ca0   0x08003ca0   0x00000050   Code   RO         2257    i.TIM_OC4_SetConfig  stm32f4xx_hal_tim.o
    0x08003cf0   0x08003cf0   0x00000022   Code   RO         2259    i.TIM_TI1_ConfigInputStage  stm32f4xx_hal_tim.o
    0x08003d12   0x08003d12   0x00000024   Code   RO         2261    i.TIM_TI2_ConfigInputStage  stm32f4xx_hal_tim.o
    0x08003d36   0x08003d36   0x00000010   Code   RO         3161    i.UART_DMAAbortOnError  stm32f4xx_hal_uart.o
    0x08003d46   0x08003d46   0x0000004e   Code   RO         3171    i.UART_EndRxTransfer  stm32f4xx_hal_uart.o
    0x08003d94   0x08003d94   0x000000c0   Code   RO         3173    i.UART_Receive_IT   stm32f4xx_hal_uart.o
    0x08003e54   0x08003e54   0x0000010c   Code   RO         3174    i.UART_SetConfig    stm32f4xx_hal_uart.o
    0x08003f60   0x08003f60   0x000000f8   Code   RO         5442    i.UI_Delete         rm_cilent_ui.o
    0x08004058   0x08004058   0x00000144   Code   RO         5443    i.UI_ReFresh        rm_cilent_ui.o
    0x0800419c   0x0800419c   0x00000010   Code   RO          279    i.UI_task           freertos.o
    0x080041ac   0x080041ac   0x000008e0   Code   RO         5444    i.UI_updata_task    rm_cilent_ui.o
    0x08004a8c   0x08004a8c   0x00000014   Code   RO          540    i.USART1_IRQHandler  stm32f4xx_it.o
    0x08004aa0   0x08004aa0   0x00000014   Code   RO          541    i.USART6_IRQHandler  stm32f4xx_it.o
    0x08004ab4   0x08004ab4   0x000000bc   Code   RO         5059    i.USER_USART1_IRQHandler  remote_control.o
    0x08004b70   0x08004b70   0x0000008c   Code   RO         5194    i.USER_USART6_IRQHandler  referee_usart_task.o
    0x08004bfc   0x08004bfc   0x00000002   Code   RO          542    i.UsageFault_Handler  stm32f4xx_it.o
    0x08004bfe   0x08004bfe   0x00000020   Code   RO         1759    i.__NVIC_SetPriority  stm32f4xx_hal_cortex.o
    0x08004c1e   0x08004c1e   0x00000002   PAD
    0x08004c20   0x08004c20   0x00000058   Code   RO         5588    i.can_filter_init   bsp_can.o
    0x08004c78   0x08004c78   0x00000028   Code   RO         5060    i.dbus_lost_fun     remote_control.o
    0x08004ca0   0x08004ca0   0x00000050   Code   RO         5281    i.detect_hook       detect_task.o
    0x08004cf0   0x08004cf0   0x00000090   Code   RO         5282    i.detect_init       detect_task.o
    0x08004d80   0x08004d80   0x00000042   Code   RO         6000    i.detect_key_state  keyboard.o
    0x08004dc2   0x08004dc2   0x00000002   PAD
    0x08004dc4   0x08004dc4   0x0000010c   Code   RO         5283    i.detect_task       detect_task.o
    0x08004ed0   0x08004ed0   0x0000007c   Code   RO         4956    i.enginer_init      enginer_task.o
    0x08004f4c   0x08004f4c   0x00000050   Code   RO         6046    i.first_init        keycontrol.o
    0x08004f9c   0x08004f9c   0x0000004e   Code   RO         6170    i.first_order_filter_cali  user_lib.o
    0x08004fea   0x08004fea   0x00000012   Code   RO         6171    i.first_order_filter_init  user_lib.o
    0x08004ffc   0x08004ffc   0x0000002c   Code   RO         5944    i.get_CRC16_check_sum  crc8_crc16.o
    0x08005028   0x08005028   0x0000001c   Code   RO         5945    i.get_CRC8_check_sum  crc8_crc16.o
    0x08005044   0x08005044   0x00000018   Code   RO         4817    i.get_motor_point_can1  can_receive.o
    0x0800505c   0x0800505c   0x00000018   Code   RO         4818    i.get_motor_point_can2  can_receive.o
    0x08005074   0x08005074   0x00000008   Code   RO         5061    i.get_remote_control_point  remote_control.o
    0x0800507c   0x0800507c   0x000000dc   Code   RO         5137    i.init_referee_struct_data  referee.o
    0x08005158   0x08005158   0x0000012c   Code   RO         6047    i.key_control_mode  keycontrol.o
    0x08005284   0x08005284   0x0000004e   Code   RO         6001    i.keyboard_ctrl_init  keyboard.o
    0x080052d2   0x080052d2   0x000001f2   Code   RO         6002    i.keyboard_ctrl_update  keyboard.o
    0x080054c4   0x080054c4   0x000001c0   Code   RO         6003    i.keyboard_pressed_update  keyboard.o
    0x08005684   0x08005684   0x000000d0   Code   RO         6048    i.lift_sports       keycontrol.o
    0x08005754   0x08005754   0x00000068   Code   RO           16    i.main              main.o
    0x080057bc   0x080057bc   0x0000000c   Code   RO         4297    i.makeFreeRtosPriority  cmsis_os.o
    0x080057c8   0x080057c8   0x0000003a   Code   RO         4957    i.map               enginer_task.o
    0x08005802   0x08005802   0x00000002   PAD
    0x08005804   0x08005804   0x000000b4   Code   RO         6049    i.motor_sports      keycontrol.o
    0x080058b8   0x080058b8   0x0000000e   Code   RO         4299    i.osDelay           cmsis_os.o
    0x080058c6   0x080058c6   0x0000000a   Code   RO         4302    i.osKernelStart     cmsis_os.o
    0x080058d0   0x080058d0   0x00000054   Code   RO         4336    i.osThreadCreate    cmsis_os.o
    0x08005924   0x08005924   0x000000b8   Code   RO         6050    i.pitch_roll_sports  keycontrol.o
    0x080059dc   0x080059dc   0x00000070   Code   RO         3979    i.prvAddCurrentTaskToDelayedList  tasks.o
    0x08005a4c   0x08005a4c   0x000000d0   Code   RO         3980    i.prvAddNewTaskToReadyList  tasks.o
    0x08005b1c   0x08005b1c   0x00000034   Code   RO         3981    i.prvDeleteTCB      tasks.o
    0x08005b50   0x08005b50   0x0000004c   Code   RO         4664    i.prvHeapInit       heap_4.o
    0x08005b9c   0x08005b9c   0x00000060   Code   RO         3982    i.prvIdleTask       tasks.o
    0x08005bfc   0x08005bfc   0x00000098   Code   RO         3983    i.prvInitialiseNewTask  tasks.o
    0x08005c94   0x08005c94   0x0000004c   Code   RO         4665    i.prvInsertBlockIntoFreeList  heap_4.o
    0x08005ce0   0x08005ce0   0x00000020   Code   RO         3984    i.prvResetNextTaskUnblockTime  tasks.o
    0x08005d00   0x08005d00   0x00000028   Code   RO         4733    i.prvTaskExitError  port.o
    0x08005d28   0x08005d28   0x0000003c   Code   RO         5769    i.pump_off          bsp_pump.o
    0x08005d64   0x08005d64   0x0000001c   Code   RO         5770    i.pump_on           bsp_pump.o
    0x08005d80   0x08005d80   0x000000dc   Code   RO         4666    i.pvPortMalloc      heap_4.o
    0x08005e5c   0x08005e5c   0x0000002c   Code   RO         4734    i.pxPortInitialiseStack  port.o
    0x08005e88   0x08005e88   0x00000238   Code   RO         5138    i.referee_data_updata  referee.o
    0x080060c0   0x080060c0   0x00000014   Code   RO         5195    i.referee_uart_init  referee_usart_task.o
    0x080060d4   0x080060d4   0x00000010   Code   RO         5062    i.remote_control_init  remote_control.o
    0x080060e4   0x080060e4   0x000000d2   Code   RO         5063    i.sbus_to_rc        remote_control.o
    0x080061b6   0x080061b6   0x00000002   PAD
    0x080061b8   0x080061b8   0x00000080   Code   RO         6124    i.servo_control_gimbal  servo_control.o
    0x08006238   0x08006238   0x00000018   Code   RO         5741    i.servo_pwm_set     bsp_servo_pwm.o
    0x08006250   0x08006250   0x00000010   Code   RO         5064    i.slove_RC_lost     remote_control.o
    0x08006260   0x08006260   0x00000010   Code   RO         5065    i.slove_data_error  remote_control.o
    0x08006270   0x08006270   0x00000120   Code   RO         6051    i.small_plimit      keycontrol.o
    0x08006390   0x08006390   0x00000104   Code   RO         6052    i.speed_limit_f     keycontrol.o
    0x08006494   0x08006494   0x00000028   Code   RO         5839    i.uint_to_float     dm8009_drv.o
    0x080064bc   0x080064bc   0x000000b8   Code   RO         5710    i.usart6_init       bsp_usart.o
    0x08006574   0x08006574   0x00000064   Code   RO         5711    i.usart6_tx_dma_enable  bsp_usart.o
    0x080065d8   0x080065d8   0x00000026   Code   RO         3615    i.uxListRemove      list.o
    0x080065fe   0x080065fe   0x00000002   PAD
    0x08006600   0x08006600   0x00000014   Code   RO          280    i.vApplicationGetIdleTaskMemory  freertos.o
    0x08006614   0x08006614   0x00000016   Code   RO         3616    i.vListInitialise   list.o
    0x0800662a   0x0800662a   0x00000006   Code   RO         3617    i.vListInitialiseItem  list.o
    0x08006630   0x08006630   0x00000030   Code   RO         3618    i.vListInsert       list.o
    0x08006660   0x08006660   0x00000018   Code   RO         3619    i.vListInsertEnd    list.o
    0x08006678   0x08006678   0x00000040   Code   RO         4736    i.vPortEnterCritical  port.o
    0x080066b8   0x080066b8   0x00000028   Code   RO         4737    i.vPortExitCritical  port.o
    0x080066e0   0x080066e0   0x00000064   Code   RO         4667    i.vPortFree         heap_4.o
    0x08006744   0x08006744   0x00000024   Code   RO         4738    i.vPortSetupTimerInterrupt  port.o
    0x08006768   0x08006768   0x0000004c   Code   RO         3993    i.vTaskDelay        tasks.o
    0x080067b4   0x080067b4   0x0000006c   Code   RO         4006    i.vTaskStartScheduler  tasks.o
    0x08006820   0x08006820   0x00000010   Code   RO         4008    i.vTaskSuspendAll   tasks.o
    0x08006830   0x08006830   0x0000005c   Code   RO         4009    i.vTaskSwitchContext  tasks.o
    0x0800688c   0x0800688c   0x0000003c   Code   RO         5946    i.verify_CRC16_check_sum  crc8_crc16.o
    0x080068c8   0x080068c8   0x00000026   Code   RO         5947    i.verify_CRC8_check_sum  crc8_crc16.o
    0x080068ee   0x080068ee   0x00000002   PAD
    0x080068f0   0x080068f0   0x000000f4   Code   RO         4740    i.xPortStartScheduler  port.o
    0x080069e4   0x080069e4   0x0000005a   Code   RO         4012    i.xTaskCreate       tasks.o
    0x08006a3e   0x08006a3e   0x00000056   Code   RO         4013    i.xTaskCreateStatic  tasks.o
    0x08006a94   0x08006a94   0x0000000c   Code   RO         4018    i.xTaskGetTickCount  tasks.o
    0x08006aa0   0x08006aa0   0x000000cc   Code   RO         4020    i.xTaskIncrementTick  tasks.o
    0x08006b6c   0x08006b6c   0x000000c4   Code   RO         4026    i.xTaskResumeAll    tasks.o
    0x08006c30   0x08006c30   0x00000120   Code   RO         6053    i.x_axle_limit      keycontrol.o
    0x08006d50   0x08006d50   0x0000000a   Code   RO         6381    x$fpl$fpinit        fz_wm.l(fpinit.o)
    0x08006d5a   0x08006d5a   0x00000002   PAD
    0x08006d5c   0x08006d5c   0x00000070   Data   RO          282    .constdata          freertos.o
    0x08006dcc   0x08006dcc   0x00000008   Data   RO         1458    .constdata          stm32f4xx_hal_dma.o
    0x08006dd4   0x08006dd4   0x00000010   Data   RO         3478    .constdata          system_stm32f4xx.o
    0x08006de4   0x08006de4   0x00000008   Data   RO         3479    .constdata          system_stm32f4xx.o
    0x08006dec   0x08006dec   0x00000054   Data   RO         5287    .constdata          detect_task.o
    0x08006e40   0x08006e40   0x00000300   Data   RO         5476    .constdata          rm_cilent_ui.o
    0x08007140   0x08007140   0x00000300   Data   RO         5949    .constdata          crc8_crc16.o
    0x08007440   0x08007440   0x0000000c   Data   RO         6055    .constdata          keycontrol.o
    0x0800744c   0x0800744c   0x0000002b   Data   RO          283    .conststring        freertos.o
    0x08007477   0x08007477   0x00000001   PAD
    0x08007478   0x08007478   0x00000020   Data   RO         6439    Region$$Table       anon$$obj.o


    Execution Region RW_IRAM2 (Exec base: 0x10000000, Load base: 0x080074d4, Size: 0x00000000, Max: 0x00010000, ABSOLUTE)

    **** No section assigned to this execution region ****


    Execution Region RW_IRAM1 (Exec base: 0x20000000, Load base: 0x08007498, Size: 0x000062f8, Max: 0x00030000, ABSOLUTE, COMPRESSED[0x0000003c])

    Exec Addr    Load Addr    Size         Type   Attr      Idx    E Section Name        Object

    0x20000000   COMPRESSED   0x0000000c   Data   RW          284    .data               freertos.o
    0x2000000c   COMPRESSED   0x00000004   Data   RW          365    .data               can.o
    0x20000010   COMPRESSED   0x0000000c   Data   RW         1905    .data               stm32f4xx_hal.o
    0x2000001c   COMPRESSED   0x00000004   Data   RW         3480    .data               system_stm32f4xx.o
    0x20000020   COMPRESSED   0x0000003c   Data   RW         4029    .data               tasks.o
    0x2000005c   COMPRESSED   0x00000020   Data   RW         4673    .data               heap_4.o
    0x2000007c   COMPRESSED   0x0000000c   Data   RW         4741    .data               port.o
    0x20000088   COMPRESSED   0x0000000a   Data   RW         4820    .data               can_receive.o
    0x20000092   COMPRESSED   0x00000002   PAD
    0x20000094   COMPRESSED   0x00000030   Data   RW         5009    .data               motor_task.o
    0x200000c4   COMPRESSED   0x00000002   Data   RW         5067    .data               remote_control.o
    0x200000c6   COMPRESSED   0x0000004c   Data   RW         5140    .data               referee.o
    0x20000112   COMPRESSED   0x00000002   Data   RW         5197    .data               referee_usart_task.o
    0x20000114   COMPRESSED   0x00000008   Data   RW         5288    .data               detect_task.o
    0x2000011c   COMPRESSED   0x00000018   Data   RW         5477    .data               rm_cilent_ui.o
    0x20000134   COMPRESSED   0x00000001   Data   RW         5771    .data               bsp_pump.o
    0x20000135   COMPRESSED   0x00000008   Data   RW         5841    .data               dm8009_drv.o
    0x2000013d   COMPRESSED   0x00000001   PAD
    0x2000013e   COMPRESSED   0x00000002   Data   RW         5950    .data               crc8_crc16.o
    0x20000140   COMPRESSED   0x0000001c   Data   RW         6056    .data               keycontrol.o
    0x2000015c   COMPRESSED   0x00000004   Data   RW         6125    .data               servo_control.o
    0x20000160        -       0x00000254   Zero   RW          281    .bss                freertos.o
    0x200003b4        -       0x00000050   Zero   RW          364    .bss                can.o
    0x20000404        -       0x00000048   Zero   RW          437    .bss                tim.o
    0x2000044c        -       0x000001a8   Zero   RW          485    .bss                usart.o
    0x200005f4        -       0x00000048   Zero   RW          662    .bss                stm32f4xx_hal_timebase_tim.o
    0x2000063c        -       0x000000f0   Zero   RW         4028    .bss                tasks.o
    0x2000072c        -       0x00003c00   Zero   RW         4672    .bss                heap_4.o
    0x2000432c        -       0x000000d8   Zero   RW         4819    .bss                can_receive.o
    0x20004404        -       0x00000520   Zero   RW         4958    .bss                enginer_task.o
    0x20004924        -       0x00000520   Zero   RW         4959    .bss                enginer_task.o
    0x20004e44        -       0x0000005e   Zero   RW         5066    .bss                remote_control.o
    0x20004ea2        -       0x0000014e   Zero   RW         5139    .bss                referee.o
    0x20004ff0        -       0x00000400   Zero   RW         5196    .bss                referee_usart_task.o
    0x200053f0        -       0x0000021c   Zero   RW         5286    .bss                detect_task.o
    0x2000560c        -       0x000002d1   Zero   RW         5445    .bss                rm_cilent_ui.o
    0x200058dd   COMPRESSED   0x00000003   PAD
    0x200058e0        -       0x00000118   Zero   RW         5840    .bss                dm8009_drv.o
    0x200059f8        -       0x00000020   Zero   RW         6004    .bss                keyboard.o
    0x20005a18        -       0x000001e0   Zero   RW         6005    .bss                keyboard.o
    0x20005bf8        -       0x0000009c   Zero   RW         6054    .bss                keycontrol.o
    0x20005c94        -       0x00000060   Zero   RW         6311    .bss                c_w.l(libspace.o)
    0x20005cf4   COMPRESSED   0x00000004   PAD
    0x20005cf8        -       0x00000200   Zero   RW            2    HEAP                startup_stm32f427xx.o
    0x20005ef8        -       0x00000400   Zero   RW            1    STACK               startup_stm32f427xx.o


==============================================================================

Image component sizes


      Code (inc. data)   RO Data    RW Data    ZI Data      Debug   Object Name

        88          8          0          0          0     634478   bsp_can.o
        88         16          0          1          0       1256   bsp_pump.o
       156         20          0          0          0       1607   bsp_rc.o
        24          6          0          0          0        584   bsp_servo_pwm.o
       284         36          0          0          0       1808   bsp_usart.o
       388         40          0          4         80       2578   can.o
       760         82          0         10        216     641808   can_receive.o
       120          0          0          0          0      23493   cmsis_os.o
       170         16        768          2          0       3851   crc8_crc16.o
       492         48         84          8        540       2917   detect_task.o
       248         30          0          8        280       2767   dm8009_drv.o
        76          4          0          0          0        830   dma.o
       402          6          0          0       2624       6944   enginer_task.o
         0          0          0          0          0      17008   event_groups.o
       196         18        155         12        596       3578   freertos.o
       264         18          0          0          0       1139   gpio.o
       472         24          0         32      15360       7559   heap_4.o
      1090          6          0          0        512       7727   keyboard.o
      1788        226         12         28        156       8533   keycontrol.o
       138          0          0          0          0       3670   list.o
       276         24          0          0          0     791428   main.o
      1132         64          0         48          0       3382   motor_task.o
       452         14          0          0          0       3038   pid.o
       702         72          0         12          0      11196   port.o
       120         12          0          0          0       1400   power_limit_pid.o
       788         50          0         76        334       9389   referee.o
       160         28          0          2       1024       1926   referee_usart_task.o
       612         46          0          2         94       7650   remote_control.o
      3722        210        768         24        721      16568   rm_cilent_ui.o
       128         26          0          4          0        859   servo_control.o
        64         26        428          0       1536        864   startup_stm32f427xx.o
        80         14          0         12          0       8342   stm32f4xx_hal.o
      1702          6          0          0          0      15409   stm32f4xx_hal_can.o
       158         14          0          0          0      33262   stm32f4xx_hal_cortex.o
       934         16          8          0          0       5751   stm32f4xx_hal_dma.o
       574         54          0          0          0       2268   stm32f4xx_hal_gpio.o
        56          4          0          0          0        906   stm32f4xx_hal_msp.o
      1412         86          0          0          0       6029   stm32f4xx_hal_rcc.o
      2140        166          0          0          0      18055   stm32f4xx_hal_tim.o
       148         28          0          0          0       2529   stm32f4xx_hal_tim_ex.o
       152         20          0          0         72       1535   stm32f4xx_hal_timebase_tim.o
      1276         16          0          0          0       8540   stm32f4xx_hal_uart.o
       124         44          0          0          0       6925   stm32f4xx_it.o
         0          0          0          0          0        420   stream_buffer.o
        16          4         24          4          0       1187   system_stm32f4xx.o
      1532        118          0         60        240      20390   tasks.o
       284         22          0          0         72       2476   tim.o
       492         50          0          0        424       2800   usart.o
        96          0          0          0          0       2156   user_lib.o

    ----------------------------------------------------------------------
     26622       1838       2280        352      24884    2360815   Object Totals
         0          0         32          0          0          0   (incl. Generated)
        46          0          1          3          3          0   (incl. Padding)

    ----------------------------------------------------------------------

      Code (inc. data)   RO Data    RW Data    ZI Data      Debug   Library Member Name

        58          0          0          0          0          0   __dczerorl.o
         8          0          0          0          0         68   __main.o
         0          0          0          0          0          0   __rtentry.o
        12          0          0          0          0          0   __rtentry2.o
         6          0          0          0          0          0   __rtentry4.o
        52          8          0          0          0          0   __scatter.o
        28          0          0          0          0          0   __scatter_zi.o
        18          0          0          0          0         80   exit.o
         6          0          0          0          0        152   heapauxi.o
         0          0          0          0          0          0   indicate_semi.o
         2          0          0          0          0          0   libinit.o
         6          0          0          0          0          0   libinit2.o
         2          0          0          0          0          0   libshutdown.o
         2          0          0          0          0          0   libshutdown2.o
         8          4          0          0         96         68   libspace.o
       238          0          0          0          0        100   lludivv7m.o
        68          0          0          0          0         68   rt_memclr.o
        78          0          0          0          0         80   rt_memclr_w.o
       138          0          0          0          0         68   rt_memcpy_v6.o
       100          0          0          0          0         80   rt_memcpy_w.o
         2          0          0          0          0          0   rtexit.o
        10          0          0          0          0          0   rtexit2.o
        12          4          0          0          0         68   sys_exit.o
        74          0          0          0          0         80   sys_stackheap_outer.o
         2          0          0          0          0         68   use_no_semi.o
        10          0          0          0          0        116   fpinit.o

    ----------------------------------------------------------------------
       946         16          0          0        100       1096   Library Totals
         6          0          0          0          4          0   (incl. Padding)

    ----------------------------------------------------------------------

      Code (inc. data)   RO Data    RW Data    ZI Data      Debug   Library Name

       930         16          0          0         96        980   c_w.l
        10          0          0          0          0        116   fz_wm.l

    ----------------------------------------------------------------------
       946         16          0          0        100       1096   Library Totals

    ----------------------------------------------------------------------

==============================================================================


      Code (inc. data)   RO Data    RW Data    ZI Data      Debug   

     27568       1854       2280        352      24984    2340895   Grand Totals
     27568       1854       2280         60      24984    2340895   ELF Image Totals (compressed)
     27568       1854       2280         60          0          0   ROM Totals

==============================================================================

    Total RO  Size (Code + RO Data)                29848 (  29.15kB)
    Total RW  Size (RW Data + ZI Data)             25336 (  24.74kB)
    Total ROM Size (Code + RO Data + RW Data)      29908 (  29.21kB)

==============================================================================

